Archive member included because of file (symbol)

c:\Users\trevo\AppData\Roaming\Code\User\globalStorage\vexrobotics.vexcode\sdk\cpp\V5\V5_20220726_10_00_00/vexv5\libv5rt.a(v5_startup.c.obj)
                              (vexStartup)
c:\Users\trevo\AppData\Roaming\Code\User\globalStorage\vexrobotics.vexcode\sdk\cpp\V5\V5_20220726_10_00_00/vexv5\libv5rt.a(v5_util.c.obj)
                              c:\Users\trevo\AppData\Roaming\Code\User\globalStorage\vexrobotics.vexcode\sdk\cpp\V5\V5_20220726_10_00_00/vexv5\libv5rt.a(v5_startup.c.obj) (vexStdlibVersionLinked)
c:\Users\trevo\AppData\Roaming\Code\User\globalStorage\vexrobotics.vexcode\sdk\cpp\V5\V5_20220726_10_00_00/vexv5\libv5rt.a(v5_apijump.c.obj)
                              c:\Users\trevo\AppData\Roaming\Code\User\globalStorage\vexrobotics.vexcode\sdk\cpp\V5\V5_20220726_10_00_00/vexv5\libv5rt.a(v5_startup.c.obj) (vexPrivateApiEnable)
c:\Users\trevo\AppData\Roaming\Code\User\globalStorage\vexrobotics.vexcode\sdk\cpp\V5\V5_20220726_10_00_00/vexv5\libv5rt.a(v5_apiversions.c.obj)
                              c:\Users\trevo\AppData\Roaming\Code\User\globalStorage\vexrobotics.vexcode\sdk\cpp\V5\V5_20220726_10_00_00/vexv5\libv5rt.a(v5_apijump.c.obj) (vexSystemVersion)
c:\Users\trevo\AppData\Roaming\Code\User\globalStorage\vexrobotics.vexcode\sdk\cpp\V5\V5_20220726_10_00_00/vexv5\libv5rt.a(vex_global.cpp.obj)
                              build/src/main.o (vex::wait(double, vex::timeUnits))
c:\Users\trevo\AppData\Roaming\Code\User\globalStorage\vexrobotics.vexcode\sdk\cpp\V5\V5_20220726_10_00_00/vexv5\libv5rt.a(vex_device.cpp.obj)
                              build/src/main.o (vtable for vex::device)
c:\Users\trevo\AppData\Roaming\Code\User\globalStorage\vexrobotics.vexcode\sdk\cpp\V5\V5_20220726_10_00_00/vexv5\libv5rt.a(vex_motor.cpp.obj)
                              build/src/main.o (vex::motor::~motor())
c:\Users\trevo\AppData\Roaming\Code\User\globalStorage\vexrobotics.vexcode\sdk\cpp\V5\V5_20220726_10_00_00/vexv5\libv5rt.a(vex_vision.cpp.obj)
                              build/src/main.o (vex::vision::~vision())
c:\Users\trevo\AppData\Roaming\Code\User\globalStorage\vexrobotics.vexcode\sdk\cpp\V5\V5_20220726_10_00_00/vexv5\libv5rt.a(vex_imu.cpp.obj)
                              build/tntnlibrary/src/drivetrain/sensors/imu.o (vex::inertial::setRotation(double, vex::rotationUnits))
c:\Users\trevo\AppData\Roaming\Code\User\globalStorage\vexrobotics.vexcode\sdk\cpp\V5\V5_20220726_10_00_00/vexv5\libv5rt.a(vex_rotation.cpp.obj)
                              build/tntnlibrary/src/drivetrain/sensors/trackingWheels/trackingWheel.o (vex::rotation::~rotation())
c:\Users\trevo\AppData\Roaming\Code\User\globalStorage\vexrobotics.vexcode\sdk\cpp\V5\V5_20220726_10_00_00/vexv5\libv5rt.a(vex_controller.cpp.obj)
                              build/tntnlibrary/src/defaultDevices.o (vex::controller::~controller())
c:\Users\trevo\AppData\Roaming\Code\User\globalStorage\vexrobotics.vexcode\sdk\cpp\V5\V5_20220726_10_00_00/vexv5\libv5rt.a(vex_task.cpp.obj)
                              build/src/main.o (vex::task::task(int (*)()))
c:\Users\trevo\AppData\Roaming\Code\User\globalStorage\vexrobotics.vexcode\sdk\cpp\V5\V5_20220726_10_00_00/vexv5\libv5rt.a(vex_thread.cpp.obj)
                              c:\Users\trevo\AppData\Roaming\Code\User\globalStorage\vexrobotics.vexcode\sdk\cpp\V5\V5_20220726_10_00_00/vexv5\libv5rt.a(vex_global.cpp.obj) (vex::this_thread::sleep_for(unsigned long))
c:\Users\trevo\AppData\Roaming\Code\User\globalStorage\vexrobotics.vexcode\sdk\cpp\V5\V5_20220726_10_00_00/vexv5\libv5rt.a(vex_event.cpp.obj)
                              c:\Users\trevo\AppData\Roaming\Code\User\globalStorage\vexrobotics.vexcode\sdk\cpp\V5\V5_20220726_10_00_00/vexv5\libv5rt.a(vex_imu.cpp.obj) (vex::event::init(unsigned long, unsigned long, void (*)()))
c:\Users\trevo\AppData\Roaming\Code\User\globalStorage\vexrobotics.vexcode\sdk\cpp\V5\V5_20220726_10_00_00/vexv5\libv5rt.a(vex_mevent.cpp.obj)
                              c:\Users\trevo\AppData\Roaming\Code\User\globalStorage\vexrobotics.vexcode\sdk\cpp\V5\V5_20220726_10_00_00/vexv5\libv5rt.a(vex_controller.cpp.obj) (vex::mevent::mevent(unsigned long, unsigned long))
c:\Users\trevo\AppData\Roaming\Code\User\globalStorage\vexrobotics.vexcode\sdk\cpp\V5\V5_20220726_10_00_00/vexv5\libv5rt.a(vex_brain.cpp.obj)
                              build/src/autos.o (vex::brain::timer(vex::timeUnits))
c:\Users\trevo\AppData\Roaming\Code\User\globalStorage\vexrobotics.vexcode\sdk\cpp\V5\V5_20220726_10_00_00/vexv5\libv5rt.a(vex_competition.cpp.obj)
                              build/src/main.o (vex::competition::competition())
c:\Users\trevo\AppData\Roaming\Code\User\globalStorage\vexrobotics.vexcode\sdk\cpp\V5\V5_20220726_10_00_00/vexv5\libv5rt.a(vex_triport.cpp.obj)
[...]
Memory Configuration

Name             Origin             Length             Attributes
ps7_ddr_0_S_AXI_BASEADDR 0x03800000         0x04800000
*default*        0x00000000         0xffffffff

Linker script and memory map

                0x00002000                _STACK_SIZE = DEFINED (_STACK_SIZE)?_STACK_SIZE:0x2000
                0x00100000                _HEAP_SIZE = DEFINED (_HEAP_SIZE)?_HEAP_SIZE:0x100000
                0x00000400                _ABORT_STACK_SIZE = DEFINED (_ABORT_STACK_SIZE)?_ABORT_STACK_SIZE:0x400
                0x00000800                _SUPERVISOR_STACK_SIZE = DEFINED (_SUPERVISOR_STACK_SIZE)?_SUPERVISOR_STACK_SIZE:0x800
                0x00000400                _IRQ_STACK_SIZE = DEFINED (_IRQ_STACK_SIZE)?_IRQ_STACK_SIZE:0x400
                0x00000400                _FIQ_STACK_SIZE = DEFINED (_FIQ_STACK_SIZE)?_FIQ_STACK_SIZE:0x400
                0x00000400                _UNDEF_STACK_SIZE = DEFINED (_UNDEF_STACK_SIZE)?_UNDEF_STACK_SIZE:0x400

.text           0x03800000     0xaeb8
 *(.vectors)
 *(.boot_data)
 .boot_data     0x03800000       0x20 c:\Users\trevo\AppData\Roaming\Code\User\globalStorage\vexrobotics.vexcode\sdk\cpp\V5\V5_20220726_10_00_00/vexv5\libv5rt.a(v5_startup.c.obj)
                0x03800000                vexCodeSig
                0x00000020                . = 0x20
 *(.boot)
 .boot          0x03800020       0xbc c:\Users\trevo\AppData\Roaming\Code\User\globalStorage\vexrobotics.vexcode\sdk\cpp\V5\V5_20220726_10_00_00/vexv5\libv5rt.a(v5_startup.c.obj)
                0x03800020                vexStartup
                0x03800100                . = ALIGN (0x40)
 *fill*         0x038000dc       0x24 
 *(.freertos_vectors)
 *(.text)
 .text          0x03800100       0x3a c:\Users\trevo\AppData\Roaming\Code\User\globalStorage\vexrobotics.vexcode\sdk\cpp\V5\V5_20220726_10_00_00/vexv5/gcc/libs\libc.a(lib_a-aeabi_memmove-soft.o)
                0x03800100                __aeabi_memmove4
                0x03800100                __aeabi_memmove
                0x03800100                __aeabi_memmove8
 .text          0x0380013a       0x9a c:\Users\trevo\AppData\Roaming\Code\User\globalStorage\vexrobotics.vexcode\sdk\cpp\V5\V5_20220726_10_00_00/vexv5/gcc/libs\libc.a(lib_a-aeabi_memset-soft.o)
                0x0380013a                __aeabi_memset8
                0x0380013a                __aeabi_memset
                0x0380013a                __aeabi_memset4
 *(.text.*)
 .text._ZN3vex6visionC2IJNS0_9signatureES2_S2_S2_S2_S2_S2_EEElhDpRT_
                0x038001d4       0x64 build/src/main.o
                0x038001d4                vex::vision::vision<vex::vision::signature, vex::vision::signature, vex::vision::signature, vex::vision::signature, vex::vision::signature, vex::vision::signature, vex::vision::signature>(long, unsigned char, vex::vision::signature&, vex::vision::signature&, vex::vision::signature&, vex::vision::signature&, vex::vision::signature&, vex::vision::signature&, vex::vision::signature&)
 .text._ZN7tntnlib10MotorGroupC2IJiiiiEEEN3vex11gearSettingEfDpT_
                0x03800238      0x1b4 build/src/main.o
                0x03800238                tntnlib::MotorGroup::MotorGroup<int, int, int, int>(vex::gearSetting, float, int, int, int, int)
 .text._ZN7tntnlib10MotorGroupD2Ev
                0x038003ec       0x1c build/src/main.o
                0x038003ec                tntnlib::MotorGroup::~MotorGroup()
 .text._ZN7tntnlib13TrackingWheelD2Ev
                0x03800408       0x60 build/src/main.o
                0x03800408                tntnlib::TrackingWheel::~TrackingWheel()
 .text._ZN7tntnlib4GyroD2Ev
                0x03800468       0x60 build/src/main.o
                0x03800468                tntnlib::Gyro::~Gyro()
 .text._ZN7tntnlib7ChassisC2ENS_10DrivetrainENS_18ControllerSettingsES2_NS_11OdomSensorsE
                0x038004c8      0x134 build/src/main.o
                0x038004c8                tntnlib::Chassis::Chassis(tntnlib::Drivetrain, tntnlib::ControllerSettings, tntnlib::ControllerSettings, tntnlib::OdomSensors)
 .text._ZN7tntnlib7ChassisD2Ev
                0x038005fc       0x1c build/src/main.o
                0x038005fc                tntnlib::Chassis::~Chassis()
 .text._ZN7tntnlib10MotorGroupC2IJiiEEEN3vex11gearSettingEfDpT_
                0x03800618      0x1a4 build/src/main.o
                0x03800618                tntnlib::MotorGroup::MotorGroup<int, int>(vex::gearSetting, float, int, int)
 *fill*         0x038007bc        0x4 
 .text._Z6loggerv
                0x038007c0      0x128 build/src/main.o
                0x038007c0                logger()
 .text._Z9pre_autonv
                0x038008e8       0x88 build/src/main.o
                0x038008e8                pre_auton()
 .text._Z10autonomousv
                0x03800970        0x4 build/src/main.o
                0x03800970                autonomous()
 .text._Z15singleLoadMacroi
                0x03800974       0x80 build/src/main.o
                0x03800974                singleLoadMacro(int)
 .text._Z9loadMacroiii
                0x038009f4       0x54 build/src/main.o
                0x038009f4                loadMacro(int, int, int)
 .text._Z11usercontrolv
                0x03800a48      0x2bc build/src/main.o
                0x03800a48                usercontrol()
 *fill*         0x03800d04        0x4 
 .text.main     0x03800d08       0x68 build/src/main.o
                0x03800d08                main
 .text._ZNSt6vectorIN3vex5motorESaIS1_EED2Ev
                0x03800d70       0x50 build/src/main.o
                0x03800d70                std::vector<vex::motor, std::allocator<vex::motor> >::~vector()
 .text._ZNSt10unique_ptrIN3vex4taskESt14default_deleteIS1_EED2Ev
                0x03800dc0       0x30 build/src/main.o
                0x03800dc0                std::unique_ptr<vex::task, std::default_delete<vex::task> >::~unique_ptr()
 .text._ZN3vex6vision7_setsigINS0_9signatureEJS2_S2_S2_S2_EEEvRT_DpRT0_
                0x03800df0       0x4c build/src/main.o
                0x03800df0                void vex::vision::_setsig<vex::vision::signature, vex::vision::signature, vex::vision::signature, vex::vision::signature, vex::vision::signature>(vex::vision::signature&, vex::vision::signature&, vex::vision::signature&, vex::vision::signature&, vex::vision::signature&)
 .text._ZNSt6vectorIN3vex5motorESaIS1_EE6resizeEjRKS1_
                0x03800e3c       0x88 build/src/main.o
                0x03800e3c                std::vector<vex::motor, std::allocator<vex::motor> >::resize(unsigned int, vex::motor const&)
 .text._ZNSt6vectorIN3vex5motorESaIS1_EE14_M_fill_insertEN9__gnu_cxx17__normal_iteratorIPS1_S3_EEjRKS1_
                0x03800ec4      0x490 build/src/main.o
                0x03800ec4                std::vector<vex::motor, std::allocator<vex::motor> >::_M_fill_insert(__gnu_cxx::__normal_iterator<vex::motor*, std::vector<vex::motor, std::allocator<vex::motor> > >, unsigned int, vex::motor const&)
 .text._ZNKSt6vectorIN3vex5motorESaIS1_EE12_M_check_lenEjPKc
                0x03801354       0x64 build/src/main.o
                0x03801354                std::vector<vex::motor, std::allocator<vex::motor> >::_M_check_len(unsigned int, char const*) const
 .text._ZNSt12_Vector_baseIN3vex5motorESaIS1_EE11_M_allocateEj
                0x038013b8       0x3c build/src/main.o
                0x038013b8                std::_Vector_base<vex::motor, std::allocator<vex::motor> >::_M_allocate(unsigned int)
 *fill*         0x038013f4        0x4 
 .text._GLOBAL__sub_I_main.cpp
                0x038013f8      0x6fc build/src/main.o
 *fill*         0x03801af4        0x4 
 .text._Z9printTimev
                0x03801af8       0x78 build/src/autos.o
                0x03801af8                printTime()
 .text._Z7getTimev
                0x03801b70       0x58 build/src/autos.o
                0x03801b70                getTime()
 .text._Z9startAutofff
                0x03801bc8       0xe8 build/src/autos.o
                0x03801bc8                startAuto(float, float, float)
 .text._Z14updateFlywheelv
                0x03801cb0       0xc8 build/src/autos.o
                0x03801cb0                updateFlywheel()
 .text._Z8stopAutov
                0x03801d78       0xa8 build/src/autos.o
                0x03801d78                stopAuto()
 .text._ZN7tntnlib4PathC2Effffffffi
                0x03801e20       0xd4 build/src/autos.o
                0x03801e20                tntnlib::Path::Path(float, float, float, float, float, float, float, float, int)
 *fill*         0x03801ef4        0x4 
 .text._Z3awpv  0x03801ef8     0x13b4 build/src/autos.o
                0x03801ef8                awp()
 .text._ZNSt6vectorIfSaIfEEC2EjRKS0_
                0x038032ac       0x54 build/src/autos.o
                0x038032ac                std::vector<float, std::allocator<float> >::vector(unsigned int, std::allocator<float> const&)
 .text._ZNSt12_Vector_baseIfSaIfEE11_M_allocateEj
                0x03803300       0x30 build/src/autos.o
                0x03803300                std::_Vector_base<float, std::allocator<float> >::_M_allocate(unsigned int)
 .text._GLOBAL__sub_I_autos.cpp
                0x03803330       0x70 build/src/autos.o
 .text._Z11screenPrintv
                0x038033a0       0xdc build/src/vision.o
                0x038033a0                screenPrint()
 .text._Z7visionXv
                0x0380347c      0x14c build/src/vision.o
                0x0380347c                visionX()
 .text._Z11visionPowerv
                0x038035c8       0xbc build/src/vision.o
                0x038035c8                visionPower()
 .text._GLOBAL__sub_I_vision.cpp
                0x03803684       0x84 build/src/vision.o
 .text._ZN7tntnlib4slewEfff
                0x03803708       0x4c build/tntnlibrary/src/util.o
                0x03803708                tntnlib::slew(float, float, float)
 *fill*         0x03803754        0x4 
 .text._ZN7tntnlib8radToDegEf
                0x03803758       0x34 build/tntnlibrary/src/util.o
                0x03803758                tntnlib::radToDeg(float)
 *fill*         0x0380378c        0x4 
 .text._ZN7tntnlib8degToRadEf
                0x03803790       0x38 build/tntnlibrary/src/util.o
                0x03803790                tntnlib::degToRad(float)
 .text._ZN7tntnlib20degToStandardFormRadEf
                0x038037c8       0x48 build/tntnlibrary/src/util.o
                0x038037c8                tntnlib::degToStandardFormRad(float)
 .text._ZN7tntnlib20StandardFormRadToDegEf
                0x03803810       0x48 build/tntnlibrary/src/util.o
                0x03803810                tntnlib::StandardFormRadToDeg(float)
 .text._ZN7tntnlib10angleErrorEffb
                0x03803858       0xc8 build/tntnlibrary/src/util.o
                0x03803858                tntnlib::angleError(float, float, bool)
 .text._ZN7tntnlib3sgnEf
                0x03803920       0x18 build/tntnlibrary/src/util.o
                0x03803920                tntnlib::sgn(float)
 .text._ZN7tntnlib3emaEfff
                0x03803938       0x24 build/tntnlibrary/src/util.o
                0x03803938                tntnlib::ema(float, float, float)
 .text._ZN7tntnlib5clampEfff
                0x0380395c       0x2c build/tntnlibrary/src/util.o
                0x0380395c                tntnlib::clamp(float, float, float)
 .text._ZN7tntnlib12getCurvatureENS_4PoseES0_
                0x03803988      0x160 build/tntnlibrary/src/util.o
                0x03803988                tntnlib::getCurvature(tntnlib::Pose, tntnlib::Pose)
 .text._ZN7tntnlib5FAPID8setGainsEfffff
                0x03803ae8       0x18 build/tntnlibrary/src/pid.o
                0x03803ae8                tntnlib::FAPID::setGains(float, float, float, float, float)
 .text._ZN7tntnlib5FAPID11setIntegralEff
                0x03803b00        0xc build/tntnlibrary/src/pid.o
                0x03803b00                tntnlib::FAPID::setIntegral(float, float)
 .text._ZN7tntnlib5FAPID6updateEffb
                0x03803b0c      0x114 build/tntnlibrary/src/pid.o
                0x03803b0c                tntnlib::FAPID::update(float, float, bool)
 .text._ZN7tntnlib5FAPID5resetEv
                0x03803c20       0x14 build/tntnlibrary/src/pid.o
                0x03803c20                tntnlib::FAPID::reset()
 .text._GLOBAL__sub_I_pid.cpp
                0x03803c34       0xd0 build/tntnlibrary/src/pid.o
 .text._ZN7tntnlib10MotorGroup24initializeVeloControllerEfffffff
                0x03803d04       0x2c build/tntnlibrary/src/motorGroup.o
                0x03803d04                tntnlib::MotorGroup::initializeVeloController(float, float, float, float, float, float, float)
 .text._ZN7tntnlib10MotorGroup6getRPMEv
                0x03803d30       0xa0 build/tntnlibrary/src/motorGroup.o
                0x03803d30                tntnlib::MotorGroup::getRPM()
 .text._ZN7tntnlib10MotorGroup8getPowerEf
                0x03803dd0      0x120 build/tntnlibrary/src/motorGroup.o
                0x03803dd0                tntnlib::MotorGroup::getPower(float)
 .text._ZN7tntnlib10MotorGroup4stopEN3vex9brakeTypeE
                0x03803ef0       0x70 build/tntnlibrary/src/motorGroup.o
                0x03803ef0                tntnlib::MotorGroup::stop(vex::brakeType)
 .text._ZN7tntnlib10MotorGroup9spinVoltsEf
                0x03803f60       0xb8 build/tntnlibrary/src/motorGroup.o
                0x03803f60                tntnlib::MotorGroup::spinVolts(float)
 .text._ZN7tntnlib10MotorGroup7spinPctEf
                0x03804018       0x80 build/tntnlibrary/src/motorGroup.o
                0x03804018                tntnlib::MotorGroup::spinPct(float)
 .text._ZN7tntnlib10MotorGroup7spinRPMEd
                0x03804098       0x3c build/tntnlibrary/src/motorGroup.o
                0x03804098                tntnlib::MotorGroup::spinRPM(double)
 .text._ZN7tntnlib10MotorGroup15driverTwoButtonEbbff
                0x038040d4       0x28 build/tntnlibrary/src/motorGroup.o
                0x038040d4                tntnlib::MotorGroup::driverTwoButton(bool, bool, float, float)
 .text._GLOBAL__sub_I_motorGroup.cpp
                0x038040fc       0x34 build/tntnlibrary/src/motorGroup.o
 .text._GLOBAL__sub_I_defaultDevices.cpp
                0x03804130       0x34 build/tntnlibrary/src/defaultDevices.o
 .text._ZN7tntnlib4PoseC2Efff
                0x03804164        0x8 build/tntnlibrary/src/drivetrain/pose.o
                0x03804164                tntnlib::Pose::Pose(float, float, float)
                0x03804164                tntnlib::Pose::Pose(float, float, float)
 .text._ZN7tntnlib4PosemiERKS0_
                0x0380416c       0x2c build/tntnlibrary/src/drivetrain/pose.o
                0x0380416c                tntnlib::Pose::operator-(tntnlib::Pose const&)
 .text._ZN7tntnlib4Pose8distanceES0_
                0x03804198       0x44 build/tntnlibrary/src/drivetrain/pose.o
                0x03804198                tntnlib::Pose::distance(tntnlib::Pose)
 .text._ZN7tntnlib4Pose5angleES0_
                0x038041dc       0x44 build/tntnlibrary/src/drivetrain/pose.o
                0x038041dc                tntnlib::Pose::angle(tntnlib::Pose)
 .text._ZN7tntnlib4Pose6rotateEf
                0x03804220       0xe4 build/tntnlibrary/src/drivetrain/pose.o
                0x03804220                tntnlib::Pose::rotate(float)
 .text._ZN7tntnlib6ButtonC2Ev
                0x03804304       0x10 build/tntnlibrary/src/opcontrol/button.o
                0x03804304                tntnlib::Button::Button()
                0x03804304                tntnlib::Button::Button()
 .text._ZN7tntnlib6Button8newPressEv
                0x03804314       0x34 build/tntnlibrary/src/opcontrol/button.o
                0x03804314                tntnlib::Button::newPress()
 .text._ZN7tntnlib6Button6updateEb
                0x03804348       0x10 build/tntnlibrary/src/opcontrol/button.o
                0x03804348                tntnlib::Button::update(bool)
 .text._ZN7tntnlib13updateButtonsEv
                0x03804358      0x134 build/tntnlibrary/src/opcontrol/controller.o
                0x03804358                tntnlib::updateButtons()
 .text._GLOBAL__sub_I_controller.cpp
                0x0380448c       0x9c build/tntnlibrary/src/opcontrol/controller.o
 .text._ZN7tntnlib8Odometry9calibrateEb
                0x03804528       0xd0 build/tntnlibrary/src/drivetrain/chassis/odom.o
                0x03804528                tntnlib::Odometry::calibrate(bool)
 .text._ZN7tntnlib8Odometry7getPoseEv
                0x038045f8       0x14 build/tntnlibrary/src/drivetrain/chassis/odom.o
                0x038045f8                tntnlib::Odometry::getPose()
 .text._ZN7tntnlib8Odometry7setPoseENS_4PoseE
                0x0380460c        0x8 build/tntnlibrary/src/drivetrain/chassis/odom.o
                0x0380460c                tntnlib::Odometry::setPose(tntnlib::Pose)
 .text._ZN7tntnlib8Odometry6updateEv
                0x03804614      0x320 build/tntnlibrary/src/drivetrain/chassis/odom.o
                0x03804614                tntnlib::Odometry::update()
 *fill*         0x03804934        0x4 
 .text._ZN7tntnlib7Chassis4tankEiif
                0x03804938       0xe8 build/tntnlibrary/src/drivetrain/chassis/opcontrol.o
                0x03804938                tntnlib::Chassis::tank(int, int, float)
 .text._Z8odomLoopv
                0x03804a20       0x40 build/tntnlibrary/src/drivetrain/chassis/chassis.o
                0x03804a20                odomLoop()
 .text._ZN7tntnlib7Chassis6updateEv
                0x03804a60       0x80 build/tntnlibrary/src/drivetrain/chassis/chassis.o
                0x03804a60                tntnlib::Chassis::update()
 .text._ZN7tntnlib7Chassis10initializeEbfff
                0x03804ae0       0xa8 build/tntnlibrary/src/drivetrain/chassis/chassis.o
                0x03804ae0                tntnlib::Chassis::initialize(bool, float, float, float)
 .text._ZN7tntnlib7Chassis7getPoseEb
                0x03804b88       0x30 build/tntnlibrary/src/drivetrain/chassis/chassis.o
                0x03804b88                tntnlib::Chassis::getPose(bool)
 .text._ZN7tntnlib7Chassis9setOffsetEff
                0x03804bb8        0xc build/tntnlibrary/src/drivetrain/chassis/chassis.o
                0x03804bb8                tntnlib::Chassis::setOffset(float, float)
 .text._ZN7tntnlib7Chassis12turnSettingsEfff
                0x03804bc4       0x64 build/tntnlibrary/src/drivetrain/chassis/chassis.o
                0x03804bc4                tntnlib::Chassis::turnSettings(float, float, float)
 .text._ZN7tntnlib7Chassis14moveToSettingsEfffffff
                0x03804c28       0xa0 build/tntnlibrary/src/drivetrain/chassis/chassis.o
                0x03804c28                tntnlib::Chassis::moveToSettings(float, float, float, float, float, float, float)
 .text._ZN7tntnlib7Chassis13turnToHeadingEfbfffff
                0x03804cc8       0xa8 build/tntnlibrary/src/drivetrain/chassis/chassis.o
                0x03804cc8                tntnlib::Chassis::turnToHeading(float, bool, float, float, float, float, float)
 .text._ZN7tntnlib7Chassis15stateMachineOffEv
                0x03804d70        0xc build/tntnlibrary/src/drivetrain/chassis/chassis.o
                0x03804d70                tntnlib::Chassis::stateMachineOff()
 .text._ZN7tntnlib7Chassis20SwingOnLeftToHeadingEfbfffff
                0x03804d7c       0xf0 build/tntnlibrary/src/drivetrain/chassis/chassis.o
                0x03804d7c                tntnlib::Chassis::SwingOnLeftToHeading(float, bool, float, float, float, float, float)
 .text._ZN7tntnlib7Chassis3pidEffbffffffffff
                0x03804e6c      0x100 build/tntnlibrary/src/drivetrain/chassis/chassis.o
                0x03804e6c                tntnlib::Chassis::pid(float, float, bool, float, float, float, float, float, float, float, float, float, float)
 .text._ZN7tntnlib7Chassis6moveToEffbffffffffff
                0x03804f6c       0xe8 build/tntnlibrary/src/drivetrain/chassis/chassis.o
                0x03804f6c                tntnlib::Chassis::moveTo(float, float, bool, float, float, float, float, float, float, float, float, float, float)
 .text._ZN7tntnlib7Chassis6followERNS_4PathEbfffffffffff
                0x03805054      0x238 build/tntnlibrary/src/drivetrain/chassis/chassis.o
                0x03805054                tntnlib::Chassis::follow(tntnlib::Path&, bool, float, float, float, float, float, float, float, float, float, float, float)
 .text._ZN7tntnlib7Chassis13autoTankVoltsEff
                0x0380528c       0x14 build/tntnlibrary/src/drivetrain/chassis/chassis.o
                0x0380528c                tntnlib::Chassis::autoTankVolts(float, float)
 .text._ZN7tntnlib7Chassis11autoTankPctEff
                0x038052a0       0x14 build/tntnlibrary/src/drivetrain/chassis/chassis.o
                0x038052a0                tntnlib::Chassis::autoTankPct(float, float)
 .text._ZN7tntnlib7Chassis14stateMachineOnEv
                0x038052b4        0xc build/tntnlibrary/src/drivetrain/chassis/chassis.o
                0x038052b4                tntnlib::Chassis::stateMachineOn()
 .text._ZN7tntnlib7Chassis12stateMachineEv
                0x038052c0      0x108 build/tntnlibrary/src/drivetrain/chassis/chassis.o
                0x038052c0                tntnlib::Chassis::stateMachine()
 .text._ZNSt6vectorIfSaIfEEC2ERKS1_
                0x038053c8       0x78 build/tntnlibrary/src/drivetrain/chassis/chassis.o
                0x038053c8                std::vector<float, std::allocator<float> >::vector(std::vector<float, std::allocator<float> > const&)
 .text._ZNSt10unique_ptrIN3vex4taskESt14default_deleteIS1_EE5resetEPS1_
                0x03805440       0x28 build/tntnlibrary/src/drivetrain/chassis/chassis.o
                0x03805440                std::unique_ptr<vex::task, std::default_delete<vex::task> >::reset(vex::task*)
 .text._GLOBAL__sub_I_chassis.cpp
                0x03805468      0x128 build/tntnlibrary/src/drivetrain/chassis/chassis.o
 .text._ZN7tntnlib4PathD2Ev
                0x03805590       0x84 build/tntnlibrary/src/drivetrain/movements/moveTo.o
                0x03805590                tntnlib::Path::~Path()
 .text._ZN7tntnlib6MoveTo6paramsENS_4PoseEbff
                0x03805614       0x58 build/tntnlibrary/src/drivetrain/movements/moveTo.o
                0x03805614                tntnlib::MoveTo::params(tntnlib::Pose, bool, float, float)
 .text._ZN7tntnlib6MoveTo6paramsENS_4PoseENS_4PathEbffff
                0x0380566c      0x110 build/tntnlibrary/src/drivetrain/movements/moveTo.o
                0x0380566c                tntnlib::MoveTo::params(tntnlib::Pose, tntnlib::Path, bool, float, float, float, float)
 .text._ZN7tntnlib6MoveTo12updateTargetERNS_4PoseE
                0x0380577c       0xa0 build/tntnlibrary/src/drivetrain/movements/moveTo.o
                0x0380577c                tntnlib::MoveTo::updateTarget(tntnlib::Pose&)
 *fill*         0x0380581c        0x4 
 .text._ZN7tntnlib6MoveTo6updateENS_4PoseES1_
                0x03805820      0x3fc build/tntnlibrary/src/drivetrain/movements/moveTo.o
                0x03805820                tntnlib::MoveTo::update(tntnlib::Pose, tntnlib::Pose)
 .text._ZNSt6vectorIfSaIfEEaSERKS1_
                0x03805c1c      0x104 build/tntnlibrary/src/drivetrain/movements/moveTo.o
                0x03805c1c                std::vector<float, std::allocator<float> >::operator=(std::vector<float, std::allocator<float> > const&)
 .text._GLOBAL__sub_I_moveTo.cpp
                0x03805d20      0x12c build/tntnlibrary/src/drivetrain/movements/moveTo.o
 .text._ZN7tntnlib4Turn6paramsEfbfbbb
                0x03805e4c       0x3c build/tntnlibrary/src/drivetrain/movements/turn.o
                0x03805e4c                tntnlib::Turn::params(float, bool, float, bool, bool, bool)
 .text._ZN7tntnlib4Turn6updateENS_4PoseE
                0x03805e88      0x15c build/tntnlibrary/src/drivetrain/movements/turn.o
                0x03805e88                tntnlib::Turn::update(tntnlib::Pose)
 .text._GLOBAL__sub_I_turn.cpp
                0x03805fe4       0x84 build/tntnlibrary/src/drivetrain/movements/turn.o
 .text._ZN7tntnlib11straightPid6paramsEbbbffffNS_4PoseE
                0x03806068       0xc4 build/tntnlibrary/src/drivetrain/movements/straightPid.o
                0x03806068                tntnlib::straightPid::params(bool, bool, bool, float, float, float, float, tntnlib::Pose)
 .text._ZN7tntnlib11straightPid6updateENS_4PoseE
                0x0380612c      0x1dc build/tntnlibrary/src/drivetrain/movements/straightPid.o
                0x0380612c                tntnlib::straightPid::update(tntnlib::Pose)
 .text._GLOBAL__sub_I_straightPid.cpp
                0x03806308       0x68 build/tntnlibrary/src/drivetrain/movements/straightPid.o
 .text._ZN7tntnlib11PurePursuit18searchForIntersectERNS_4PathERNS_4PoseEf
                0x03806370      0x418 build/tntnlibrary/src/drivetrain/pathing/purePursuit.o
                0x03806370                tntnlib::PurePursuit::searchForIntersect(tntnlib::Path&, tntnlib::Pose&, float)
 .text._ZN7tntnlib11PurePursuit16getNextIntersectERNS_4PathERNS_4PoseEf
                0x03806788       0x94 build/tntnlibrary/src/drivetrain/pathing/purePursuit.o
                0x03806788                tntnlib::PurePursuit::getNextIntersect(tntnlib::Path&, tntnlib::Pose&, float)
 .text._GLOBAL__sub_I_purePursuit.cpp
                0x0380681c       0x74 build/tntnlibrary/src/drivetrain/pathing/purePursuit.o
 .text._ZN7tntnlib4Path18cubicInterpolateD1Efffff
                0x03806890       0x90 build/tntnlibrary/src/drivetrain/pathing/cubicBezier.o
                0x03806890                tntnlib::Path::cubicInterpolateD1(float, float, float, float, float)
 .text._ZN7tntnlib4Path33cubicInterpolateDerivativeDegreesEf
                0x03806920       0xa0 build/tntnlibrary/src/drivetrain/pathing/cubicBezier.o
                0x03806920                tntnlib::Path::cubicInterpolateDerivativeDegrees(float)
 .text._ZN7tntnlib4Path12generatePathEv
                0x038069c0      0x22c build/tntnlibrary/src/drivetrain/pathing/cubicBezier.o
                0x038069c0                tntnlib::Path::generatePath()
 .text._GLOBAL__sub_I_cubicBezier.cpp
                0x03806bec       0x34 build/tntnlibrary/src/drivetrain/pathing/cubicBezier.o
 .text._ZN7tntnlib4GyroC2Eif
                0x03806c20       0x40 build/tntnlibrary/src/drivetrain/sensors/gyro.o
                0x03806c20                tntnlib::Gyro::Gyro(int, float)
                0x03806c20                tntnlib::Gyro::Gyro(int, float)
 .text._ZN7tntnlib4Gyro9calibrateEv
                0x03806c60       0x10 build/tntnlibrary/src/drivetrain/sensors/gyro.o
                0x03806c60                tntnlib::Gyro::calibrate()
 .text._ZN7tntnlib4Gyro13isCalibratingEv
                0x03806c70       0x10 build/tntnlibrary/src/drivetrain/sensors/gyro.o
                0x03806c70                tntnlib::Gyro::isCalibrating()
 .text._ZN7tntnlib4Gyro8rotationEv
                0x03806c80       0x10 build/tntnlibrary/src/drivetrain/sensors/gyro.o
                0x03806c80                tntnlib::Gyro::rotation()
 .text._ZNSt12__shared_ptrIN7tntnlib3ImuELN9__gnu_cxx12_Lock_policyE0EEC2ISaIS1_EJRiRfEEESt19_Sp_make_shared_tagRKT_DpOT0_
                0x03806c90       0xbc build/tntnlibrary/src/drivetrain/sensors/gyro.o
                0x03806c90                std::__shared_ptr<tntnlib::Imu, (__gnu_cxx::_Lock_policy)0>::__shared_ptr<std::allocator<tntnlib::Imu>, int&, float&>(std::_Sp_make_shared_tag, std::allocator<tntnlib::Imu> const&, int&, float&)
 .text._ZNSt19_Sp_counted_deleterIPN7tntnlib3ImuENSt12__shared_ptrIS1_LN9__gnu_cxx12_Lock_policyE0EE8_DeleterISaIS1_EEES8_LS5_0EED2Ev
                0x03806d4c        0x4 build/tntnlibrary/src/drivetrain/sensors/gyro.o
                0x03806d4c                std::_Sp_counted_deleter<tntnlib::Imu*, std::__shared_ptr<tntnlib::Imu, (__gnu_cxx::_Lock_policy)0>::_Deleter<std::allocator<tntnlib::Imu> >, std::allocator<tntnlib::Imu>, (__gnu_cxx::_Lock_policy)0>::~_Sp_counted_deleter()
 .text._ZNSt19_Sp_counted_deleterIPN7tntnlib3ImuENSt12__shared_ptrIS1_LN9__gnu_cxx12_Lock_policyE0EE8_DeleterISaIS1_EEES8_LS5_0EED0Ev
                0x03806d50        0x4 build/tntnlibrary/src/drivetrain/sensors/gyro.o
                0x03806d50                std::_Sp_counted_deleter<tntnlib::Imu*, std::__shared_ptr<tntnlib::Imu, (__gnu_cxx::_Lock_policy)0>::_Deleter<std::allocator<tntnlib::Imu> >, std::allocator<tntnlib::Imu>, (__gnu_cxx::_Lock_policy)0>::~_Sp_counted_deleter()
 .text._ZNSt19_Sp_counted_deleterIPN7tntnlib3ImuENSt12__shared_ptrIS1_LN9__gnu_cxx12_Lock_policyE0EE8_DeleterISaIS1_EEES8_LS5_0EE10_M_disposeEv
                0x03806d54       0x30 build/tntnlibrary/src/drivetrain/sensors/gyro.o
                0x03806d54                std::_Sp_counted_deleter<tntnlib::Imu*, std::__shared_ptr<tntnlib::Imu, (__gnu_cxx::_Lock_policy)0>::_Deleter<std::allocator<tntnlib::Imu> >, std::allocator<tntnlib::Imu>, (__gnu_cxx::_Lock_policy)0>::_M_dispose()
 .text._ZNSt19_Sp_counted_deleterIPN7tntnlib3ImuENSt12__shared_ptrIS1_LN9__gnu_cxx12_Lock_policyE0EE8_DeleterISaIS1_EEES8_LS5_0EE10_M_destroyEv
                0x03806d84        0x4 build/tntnlibrary/src/drivetrain/sensors/gyro.o
                0x03806d84                std::_Sp_counted_deleter<tntnlib::Imu*, std::__shared_ptr<tntnlib::Imu, (__gnu_cxx::_Lock_policy)0>::_Deleter<std::allocator<tntnlib::Imu> >, std::allocator<tntnlib::Imu>, (__gnu_cxx::_Lock_policy)0>::_M_destroy()
 .text._ZNSt19_Sp_counted_deleterIPN7tntnlib3ImuENSt12__shared_ptrIS1_LN9__gnu_cxx12_Lock_policyE0EE8_DeleterISaIS1_EEES8_LS5_0EE14_M_get_deleterERKSt9type_info
                0x03806d88        0x8 build/tntnlibrary/src/drivetrain/sensors/gyro.o
                0x03806d88                std::_Sp_counted_deleter<tntnlib::Imu*, std::__shared_ptr<tntnlib::Imu, (__gnu_cxx::_Lock_policy)0>::_Deleter<std::allocator<tntnlib::Imu> >, std::allocator<tntnlib::Imu>, (__gnu_cxx::_Lock_policy)0>::_M_get_deleter(std::type_info const&)
 .text._ZN7tntnlib3ImuC2Eif
                0x03806d90       0x44 build/tntnlibrary/src/drivetrain/sensors/imu.o
                0x03806d90                tntnlib::Imu::Imu(int, float)
                0x03806d90                tntnlib::Imu::Imu(int, float)
 .text._ZN7tntnlib3Imu8rotationEv
                0x03806dd4       0x3c build/tntnlibrary/src/drivetrain/sensors/imu.o
                0x03806dd4                tntnlib::Imu::rotation()
 .text._ZN7tntnlib3Imu5setToEf
                0x03806e10       0x38 build/tntnlibrary/src/drivetrain/sensors/imu.o
                0x03806e10                tntnlib::Imu::setTo(float)
 .text._ZN7tntnlib3Imu9calibrateEv
                0x03806e48        0xc build/tntnlibrary/src/drivetrain/sensors/imu.o
                0x03806e48                tntnlib::Imu::calibrate()
 .text._ZN7tntnlib3Imu13isCalibratingEv
                0x03806e54        0x8 build/tntnlibrary/src/drivetrain/sensors/imu.o
                0x03806e54                tntnlib::Imu::isCalibrating()
 .text._GLOBAL__sub_I_imu.cpp
                0x03806e5c       0x34 build/tntnlibrary/src/drivetrain/sensors/imu.o
 .text._ZN7tntnlib13TrackingWheelC2ERN3vex7triport4portEfff
                0x03806e90       0x44 build/tntnlibrary/src/drivetrain/sensors/trackingWheels/trackingWheel.o
                0x03806e90                tntnlib::TrackingWheel::TrackingWheel(vex::triport::port&, float, float, float)
                0x03806e90                tntnlib::TrackingWheel::TrackingWheel(vex::triport::port&, float, float, float)
 .text._ZN7tntnlib13TrackingWheel11getDistanceEv
                0x03806ed4       0x38 build/tntnlibrary/src/drivetrain/sensors/trackingWheels/trackingWheel.o
                0x03806ed4                tntnlib::TrackingWheel::getDistance()
 .text._ZNK7tntnlib13TrackingWheel9getOffsetEv
                0x03806f0c        0x8 build/tntnlibrary/src/drivetrain/sensors/trackingWheels/trackingWheel.o
                0x03806f0c                tntnlib::TrackingWheel::getOffset() const
 .text._ZNSt12__shared_ptrIN7tntnlib14OpticalEncoderELN9__gnu_cxx12_Lock_policyE0EEC2ISaIS1_EJRN3vex7triport4portERfEEESt19_Sp_make_shared_tagRKT_DpOT0_
                0x03806f14       0xbc build/tntnlibrary/src/drivetrain/sensors/trackingWheels/trackingWheel.o
                0x03806f14                std::__shared_ptr<tntnlib::OpticalEncoder, (__gnu_cxx::_Lock_policy)0>::__shared_ptr<std::allocator<tntnlib::OpticalEncoder>, vex::triport::port&, float&>(std::_Sp_make_shared_tag, std::allocator<tntnlib::OpticalEncoder> const&, vex::triport::port&, float&)
 .text._ZNSt19_Sp_counted_deleterIPN7tntnlib14OpticalEncoderENSt12__shared_ptrIS1_LN9__gnu_cxx12_Lock_policyE0EE8_DeleterISaIS1_EEES8_LS5_0EED2Ev
                0x03806fd0        0x4 build/tntnlibrary/src/drivetrain/sensors/trackingWheels/trackingWheel.o
                0x03806fd0                std::_Sp_counted_deleter<tntnlib::OpticalEncoder*, std::__shared_ptr<tntnlib::OpticalEncoder, (__gnu_cxx::_Lock_policy)0>::_Deleter<std::allocator<tntnlib::OpticalEncoder> >, std::allocator<tntnlib::OpticalEncoder>, (__gnu_cxx::_Lock_policy)0>::~_Sp_counted_deleter()
 .text._ZNSt19_Sp_counted_deleterIPN7tntnlib14OpticalEncoderENSt12__shared_ptrIS1_LN9__gnu_cxx12_Lock_policyE0EE8_DeleterISaIS1_EEES8_LS5_0EED0Ev
                0x03806fd4        0x4 build/tntnlibrary/src/drivetrain/sensors/trackingWheels/trackingWheel.o
                0x03806fd4                std::_Sp_counted_deleter<tntnlib::OpticalEncoder*, std::__shared_ptr<tntnlib::OpticalEncoder, (__gnu_cxx::_Lock_policy)0>::_Deleter<std::allocator<tntnlib::OpticalEncoder> >, std::allocator<tntnlib::OpticalEncoder>, (__gnu_cxx::_Lock_policy)0>::~_Sp_counted_deleter()
 .text._ZNSt19_Sp_counted_deleterIPN7tntnlib14OpticalEncoderENSt12__shared_ptrIS1_LN9__gnu_cxx12_Lock_policyE0EE8_DeleterISaIS1_EEES8_LS5_0EE10_M_disposeEv
                0x03806fd8       0x30 build/tntnlibrary/src/drivetrain/sensors/trackingWheels/trackingWheel.o
                0x03806fd8                std::_Sp_counted_deleter<tntnlib::OpticalEncoder*, std::__shared_ptr<tntnlib::OpticalEncoder, (__gnu_cxx::_Lock_policy)0>::_Deleter<std::allocator<tntnlib::OpticalEncoder> >, std::allocator<tntnlib::OpticalEncoder>, (__gnu_cxx::_Lock_policy)0>::_M_dispose()
 .text._ZNSt19_Sp_counted_deleterIPN7tntnlib14OpticalEncoderENSt12__shared_ptrIS1_LN9__gnu_cxx12_Lock_policyE0EE8_DeleterISaIS1_EEES8_LS5_0EE10_M_destroyEv
                0x03807008        0x4 build/tntnlibrary/src/drivetrain/sensors/trackingWheels/trackingWheel.o
                0x03807008                std::_Sp_counted_deleter<tntnlib::OpticalEncoder*, std::__shared_ptr<tntnlib::OpticalEncoder, (__gnu_cxx::_Lock_policy)0>::_Deleter<std::allocator<tntnlib::OpticalEncoder> >, std::allocator<tntnlib::OpticalEncoder>, (__gnu_cxx::_Lock_policy)0>::_M_destroy()
 .text._ZNSt19_Sp_counted_deleterIPN7tntnlib14OpticalEncoderENSt12__shared_ptrIS1_LN9__gnu_cxx12_Lock_policyE0EE8_DeleterISaIS1_EEES8_LS5_0EE14_M_get_deleterERKSt9type_info
                0x0380700c        0x8 build/tntnlibrary/src/drivetrain/sensors/trackingWheels/trackingWheel.o
                0x0380700c                std::_Sp_counted_deleter<tntnlib::OpticalEncoder*, std::__shared_ptr<tntnlib::OpticalEncoder, (__gnu_cxx::_Lock_policy)0>::_Deleter<std::allocator<tntnlib::OpticalEncoder> >, std::allocator<tntnlib::OpticalEncoder>, (__gnu_cxx::_Lock_policy)0>::_M_get_deleter(std::type_info const&)
 .text._ZN7tntnlib14OpticalEncoderC2ERN3vex7triport4portEf
                0x03807014       0x34 build/tntnlibrary/src/drivetrain/sensors/trackingWheels/optical.o
                0x03807014                tntnlib::OpticalEncoder::OpticalEncoder(vex::triport::port&, float)
                0x03807014                tntnlib::OpticalEncoder::OpticalEncoder(vex::triport::port&, float)
 .text._ZN7tntnlib14OpticalEncoder8getAngleEv
                0x03807048       0x60 build/tntnlibrary/src/drivetrain/sensors/trackingWheels/optical.o
                0x03807048                tntnlib::OpticalEncoder::getAngle()
 .text._ZN7tntnlib14OpticalEncoder5resetEv
                0x038070a8       0x18 build/tntnlibrary/src/drivetrain/sensors/trackingWheels/optical.o
                0x038070a8                tntnlib::OpticalEncoder::reset()
 .text._GLOBAL__sub_I_optical.cpp
                0x038070c0       0x34 build/tntnlibrary/src/drivetrain/sensors/trackingWheels/optical.o
 .text.vexMain  0x038070f4       0xb0 c:\Users\trevo\AppData\Roaming\Code\User\globalStorage\vexrobotics.vexcode\sdk\cpp\V5\V5_20220726_10_00_00/vexv5\libv5rt.a(v5_startup.c.obj)
                0x038070f4                vexMain
 .text.__vex_function_prolog
                0x038071a4       0x18 c:\Users\trevo\AppData\Roaming\Code\User\globalStorage\vexrobotics.vexcode\sdk\cpp\V5\V5_20220726_10_00_00/vexv5\libv5rt.a(v5_startup.c.obj)
                0x038071a4                __vex_function_prolog
 .text._init    0x038071bc        0x4 c:\Users\trevo\AppData\Roaming\Code\User\globalStorage\vexrobotics.vexcode\sdk\cpp\V5\V5_20220726_10_00_00/vexv5\libv5rt.a(v5_startup.c.obj)
                0x038071bc                _init
 .text._fini    0x038071c0        0x4 c:\Users\trevo\AppData\Roaming\Code\User\globalStorage\vexrobotics.vexcode\sdk\cpp\V5\V5_20220726_10_00_00/vexv5\libv5rt.a(v5_startup.c.obj)
                0x038071c0                _fini
 .text.vexStdlibVersionLinked
                0x038071c4        0xc c:\Users\trevo\AppData\Roaming\Code\User\globalStorage\vexrobotics.vexcode\sdk\cpp\V5\V5_20220726_10_00_00/vexv5\libv5rt.a(v5_util.c.obj)
                0x038071c4                vexStdlibVersionLinked
 .text.vexStdlibVersionVerify
                0x038071d0       0x30 c:\Users\trevo\AppData\Roaming\Code\User\globalStorage\vexrobotics.vexcode\sdk\cpp\V5\V5_20220726_10_00_00/vexv5\libv5rt.a(v5_util.c.obj)
                0x038071d0                vexStdlibVersionVerify
 .text.vexPrivateApiEnable
                0x03807200       0x10 c:\Users\trevo\AppData\Roaming\Code\User\globalStorage\vexrobotics.vexcode\sdk\cpp\V5\V5_20220726_10_00_00/vexv5\libv5rt.a(v5_apijump.c.obj)
                0x03807200                vexPrivateApiEnable
 .text.vexStdlibMismatchError
                0x03807210       0x3c c:\Users\trevo\AppData\Roaming\Code\User\globalStorage\vexrobotics.vexcode\sdk\cpp\V5\V5_20220726_10_00_00/vexv5\libv5rt.a(v5_apijump.c.obj)
                0x03807210                vexStdlibMismatchError
 .text.vexTaskAdd
                0x0380724c       0x10 c:\Users\trevo\AppData\Roaming\Code\User\globalStorage\vexrobotics.vexcode\sdk\cpp\V5\V5_20220726_10_00_00/vexv5\libv5rt.a(v5_apijump.c.obj)
                0x0380724c                vexTaskAdd
 .text.vexTasksRun
                0x0380725c       0x10 c:\Users\trevo\AppData\Roaming\Code\User\globalStorage\vexrobotics.vexcode\sdk\cpp\V5\V5_20220726_10_00_00/vexv5\libv5rt.a(v5_apijump.c.obj)
                0x0380725c                vexTasksRun
 .text.vexTaskYield
                0x0380726c       0x10 c:\Users\trevo\AppData\Roaming\Code\User\globalStorage\vexrobotics.vexcode\sdk\cpp\V5\V5_20220726_10_00_00/vexv5\libv5rt.a(v5_apijump.c.obj)
                0x0380726c                vexTaskYield
 .text.vexTaskCheckTimeslice
                0x0380727c       0x10 c:\Users\trevo\AppData\Roaming\Code\User\globalStorage\vexrobotics.vexcode\sdk\cpp\V5\V5_20220726_10_00_00/vexv5\libv5rt.a(v5_apijump.c.obj)
                0x0380727c                vexTaskCheckTimeslice
 .text.vexTaskSleep
                0x0380728c       0x10 c:\Users\trevo\AppData\Roaming\Code\User\globalStorage\vexrobotics.vexcode\sdk\cpp\V5\V5_20220726_10_00_00/vexv5\libv5rt.a(v5_apijump.c.obj)
                0x0380728c                vexTaskSleep
 .text.vexTasksDump
                0x0380729c       0x1c c:\Users\trevo\AppData\Roaming\Code\User\globalStorage\vexrobotics.vexcode\sdk\cpp\V5\V5_20220726_10_00_00/vexv5\libv5rt.a(v5_apijump.c.obj)
                0x0380729c                vexTasksDump
 .text.vexTaskGetTaskIndex
                0x038072b8       0x10 c:\Users\trevo\AppData\Roaming\Code\User\globalStorage\vexrobotics.vexcode\sdk\cpp\V5\V5_20220726_10_00_00/vexv5\libv5rt.a(v5_apijump.c.obj)
                0x038072b8                vexTaskGetTaskIndex
 .text.vexTaskStopAll
                0x038072c8       0x10 c:\Users\trevo\AppData\Roaming\Code\User\globalStorage\vexrobotics.vexcode\sdk\cpp\V5\V5_20220726_10_00_00/vexv5\libv5rt.a(v5_apijump.c.obj)
                0x038072c8                vexTaskStopAll
 .text.vexTaskRemoveAllUser
                0x038072d8       0x34 c:\Users\trevo\AppData\Roaming\Code\User\globalStorage\vexrobotics.vexcode\sdk\cpp\V5\V5_20220726_10_00_00/vexv5\libv5rt.a(v5_apijump.c.obj)
                0x038072d8                vexTaskRemoveAllUser
 .text.vexTaskCompletionIdSet
                0x0380730c       0x10 c:\Users\trevo\AppData\Roaming\Code\User\globalStorage\vexrobotics.vexcode\sdk\cpp\V5\V5_20220726_10_00_00/vexv5\libv5rt.a(v5_apijump.c.obj)
                0x0380730c                vexTaskCompletionIdSet
 .text.vexTaskStopWithId
                0x0380731c       0x10 c:\Users\trevo\AppData\Roaming\Code\User\globalStorage\vexrobotics.vexcode\sdk\cpp\V5\V5_20220726_10_00_00/vexv5\libv5rt.a(v5_apijump.c.obj)
                0x0380731c                vexTaskStopWithId
 .text.vexEventAdd
                0x0380732c       0x34 c:\Users\trevo\AppData\Roaming\Code\User\globalStorage\vexrobotics.vexcode\sdk\cpp\V5\V5_20220726_10_00_00/vexv5\libv5rt.a(v5_apijump.c.obj)
                0x0380732c                vexEventAdd
 .text.vexEventUserIndexGet
                0x03807360       0x1c c:\Users\trevo\AppData\Roaming\Code\User\globalStorage\vexrobotics.vexcode\sdk\cpp\V5\V5_20220726_10_00_00/vexv5\libv5rt.a(v5_apijump.c.obj)
                0x03807360                vexEventUserIndexGet
 .text.vexEventAddWithArg
                0x0380737c       0x3c c:\Users\trevo\AppData\Roaming\Code\User\globalStorage\vexrobotics.vexcode\sdk\cpp\V5\V5_20220726_10_00_00/vexv5\libv5rt.a(v5_apijump.c.obj)
                0x0380737c                vexEventAddWithArg
 .text.vexEventsCleanup
                0x038073b8       0x2c c:\Users\trevo\AppData\Roaming\Code\User\globalStorage\vexrobotics.vexcode\sdk\cpp\V5\V5_20220726_10_00_00/vexv5\libv5rt.a(v5_apijump.c.obj)
                0x038073b8                vexEventsCleanup
 .text.vexDebug
                0x038073e4       0x38 c:\Users\trevo\AppData\Roaming\Code\User\globalStorage\vexrobotics.vexcode\sdk\cpp\V5\V5_20220726_10_00_00/vexv5\libv5rt.a(v5_apijump.c.obj)
                0x038073e4                vexDebug
 .text.vex_sprintf
                0x0380741c       0x40 c:\Users\trevo\AppData\Roaming\Code\User\globalStorage\vexrobotics.vexcode\sdk\cpp\V5\V5_20220726_10_00_00/vexv5\libv5rt.a(v5_apijump.c.obj)
                0x0380741c                vex_sprintf
 .text.vex_vsnprintf
                0x0380745c       0x3c c:\Users\trevo\AppData\Roaming\Code\User\globalStorage\vexrobotics.vexcode\sdk\cpp\V5\V5_20220726_10_00_00/vexv5\libv5rt.a(v5_apijump.c.obj)
                0x0380745c                vex_vsnprintf
 .text.vexSystemTimeGet
                0x03807498       0x1c c:\Users\trevo\AppData\Roaming\Code\User\globalStorage\vexrobotics.vexcode\sdk\cpp\V5\V5_20220726_10_00_00/vexv5\libv5rt.a(v5_apijump.c.obj)
                0x03807498                vexSystemTimeGet
 .text.vexSystemExitRequest
                0x038074b4       0x1c c:\Users\trevo\AppData\Roaming\Code\User\globalStorage\vexrobotics.vexcode\sdk\cpp\V5\V5_20220726_10_00_00/vexv5\libv5rt.a(v5_apijump.c.obj)
                0x038074b4                vexSystemExitRequest
 .text.vexDeviceGetByIndex
                0x038074d0       0x24 c:\Users\trevo\AppData\Roaming\Code\User\globalStorage\vexrobotics.vexcode\sdk\cpp\V5\V5_20220726_10_00_00/vexv5\libv5rt.a(v5_apijump.c.obj)
                0x038074d0                vexDeviceGetByIndex
 .text.vexControllerGet
                0x038074f4       0x2c c:\Users\trevo\AppData\Roaming\Code\User\globalStorage\vexrobotics.vexcode\sdk\cpp\V5\V5_20220726_10_00_00/vexv5\libv5rt.a(v5_apijump.c.obj)
                0x038074f4                vexControllerGet
 .text.vexControllerTextSet
                0x03807520       0x74 c:\Users\trevo\AppData\Roaming\Code\User\globalStorage\vexrobotics.vexcode\sdk\cpp\V5\V5_20220726_10_00_00/vexv5\libv5rt.a(v5_apijump.c.obj)
                0x03807520                vexControllerTextSet
 .text.vexDeviceAdiPortConfigSet
                0x03807594       0x34 c:\Users\trevo\AppData\Roaming\Code\User\globalStorage\vexrobotics.vexcode\sdk\cpp\V5\V5_20220726_10_00_00/vexv5\libv5rt.a(v5_apijump.c.obj)
                0x03807594                vexDeviceAdiPortConfigSet
 .text.vexDeviceAdiPortConfigGet
                0x038075c8       0x2c c:\Users\trevo\AppData\Roaming\Code\User\globalStorage\vexrobotics.vexcode\sdk\cpp\V5\V5_20220726_10_00_00/vexv5\libv5rt.a(v5_apijump.c.obj)
                0x038075c8                vexDeviceAdiPortConfigGet
 .text.vexDeviceAdiValueSet
                0x038075f4       0x34 c:\Users\trevo\AppData\Roaming\Code\User\globalStorage\vexrobotics.vexcode\sdk\cpp\V5\V5_20220726_10_00_00/vexv5\libv5rt.a(v5_apijump.c.obj)
                0x038075f4                vexDeviceAdiValueSet
 .text.vexDeviceAdiValueGet
                0x03807628       0x2c c:\Users\trevo\AppData\Roaming\Code\User\globalStorage\vexrobotics.vexcode\sdk\cpp\V5\V5_20220726_10_00_00/vexv5\libv5rt.a(v5_apijump.c.obj)
                0x03807628                vexDeviceAdiValueGet
 .text.vexDeviceMotorVelocitySet
                0x03807654       0x2c c:\Users\trevo\AppData\Roaming\Code\User\globalStorage\vexrobotics.vexcode\sdk\cpp\V5\V5_20220726_10_00_00/vexv5\libv5rt.a(v5_apijump.c.obj)
                0x03807654                vexDeviceMotorVelocitySet
 .text.vexDeviceMotorVoltageSet
                0x03807680       0x2c c:\Users\trevo\AppData\Roaming\Code\User\globalStorage\vexrobotics.vexcode\sdk\cpp\V5\V5_20220726_10_00_00/vexv5\libv5rt.a(v5_apijump.c.obj)
                0x03807680                vexDeviceMotorVoltageSet
 .text.vexDeviceMotorActualVelocityGet
                0x038076ac       0x24 c:\Users\trevo\AppData\Roaming\Code\User\globalStorage\vexrobotics.vexcode\sdk\cpp\V5\V5_20220726_10_00_00/vexv5\libv5rt.a(v5_apijump.c.obj)
                0x038076ac                vexDeviceMotorActualVelocityGet
 .text.vexDeviceMotorCurrentLimitSet
                0x038076d0       0x2c c:\Users\trevo\AppData\Roaming\Code\User\globalStorage\vexrobotics.vexcode\sdk\cpp\V5\V5_20220726_10_00_00/vexv5\libv5rt.a(v5_apijump.c.obj)
                0x038076d0                vexDeviceMotorCurrentLimitSet
 .text.vexDeviceMotorReverseFlagSet
                0x038076fc       0x2c c:\Users\trevo\AppData\Roaming\Code\User\globalStorage\vexrobotics.vexcode\sdk\cpp\V5\V5_20220726_10_00_00/vexv5\libv5rt.a(v5_apijump.c.obj)
                0x038076fc                vexDeviceMotorReverseFlagSet
 .text.vexDeviceMotorBrakeModeSet
                0x03807728       0x2c c:\Users\trevo\AppData\Roaming\Code\User\globalStorage\vexrobotics.vexcode\sdk\cpp\V5\V5_20220726_10_00_00/vexv5\libv5rt.a(v5_apijump.c.obj)
                0x03807728                vexDeviceMotorBrakeModeSet
 .text.vexDeviceMotorPositionSet
                0x03807754       0x34 c:\Users\trevo\AppData\Roaming\Code\User\globalStorage\vexrobotics.vexcode\sdk\cpp\V5\V5_20220726_10_00_00/vexv5\libv5rt.a(v5_apijump.c.obj)
                0x03807754                vexDeviceMotorPositionSet
 .text.vexDeviceMotorGearingSet
                0x03807788       0x2c c:\Users\trevo\AppData\Roaming\Code\User\globalStorage\vexrobotics.vexcode\sdk\cpp\V5\V5_20220726_10_00_00/vexv5\libv5rt.a(v5_apijump.c.obj)
                0x03807788                vexDeviceMotorGearingSet
 .text.vexDeviceMotorGearingGet
                0x038077b4       0x24 c:\Users\trevo\AppData\Roaming\Code\User\globalStorage\vexrobotics.vexcode\sdk\cpp\V5\V5_20220726_10_00_00/vexv5\libv5rt.a(v5_apijump.c.obj)
                0x038077b4                vexDeviceMotorGearingGet
 .text.vexDeviceVisionModeSet
                0x038077d8       0x2c c:\Users\trevo\AppData\Roaming\Code\User\globalStorage\vexrobotics.vexcode\sdk\cpp\V5\V5_20220726_10_00_00/vexv5\libv5rt.a(v5_apijump.c.obj)
                0x038077d8                vexDeviceVisionModeSet
 .text.vexDeviceVisionObjectCountGet
                0x03807804       0x24 c:\Users\trevo\AppData\Roaming\Code\User\globalStorage\vexrobotics.vexcode\sdk\cpp\V5\V5_20220726_10_00_00/vexv5\libv5rt.a(v5_apijump.c.obj)
                0x03807804                vexDeviceVisionObjectCountGet
 .text.vexDeviceVisionObjectGet
                0x03807828       0x34 c:\Users\trevo\AppData\Roaming\Code\User\globalStorage\vexrobotics.vexcode\sdk\cpp\V5\V5_20220726_10_00_00/vexv5\libv5rt.a(v5_apijump.c.obj)
                0x03807828                vexDeviceVisionObjectGet
 .text.vexDeviceVisionSignatureSet
                0x0380785c       0x2c c:\Users\trevo\AppData\Roaming\Code\User\globalStorage\vexrobotics.vexcode\sdk\cpp\V5\V5_20220726_10_00_00/vexv5\libv5rt.a(v5_apijump.c.obj)
                0x0380785c                vexDeviceVisionSignatureSet
 .text.vexDeviceVisionBrightnessSet
                0x03807888       0x2c c:\Users\trevo\AppData\Roaming\Code\User\globalStorage\vexrobotics.vexcode\sdk\cpp\V5\V5_20220726_10_00_00/vexv5\libv5rt.a(v5_apijump.c.obj)
                0x03807888                vexDeviceVisionBrightnessSet
 .text.vexDeviceVisionLedModeSet
                0x038078b4       0x2c c:\Users\trevo\AppData\Roaming\Code\User\globalStorage\vexrobotics.vexcode\sdk\cpp\V5\V5_20220726_10_00_00/vexv5\libv5rt.a(v5_apijump.c.obj)
                0x038078b4                vexDeviceVisionLedModeSet
 .text.vexDeviceVisionLedColorSet
                0x038078e0       0x30 c:\Users\trevo\AppData\Roaming\Code\User\globalStorage\vexrobotics.vexcode\sdk\cpp\V5\V5_20220726_10_00_00/vexv5\libv5rt.a(v5_apijump.c.obj)
                0x038078e0                vexDeviceVisionLedColorSet
 .text.vexDeviceImuReset
                0x03807910       0x24 c:\Users\trevo\AppData\Roaming\Code\User\globalStorage\vexrobotics.vexcode\sdk\cpp\V5\V5_20220726_10_00_00/vexv5\libv5rt.a(v5_apijump.c.obj)
                0x03807910                vexDeviceImuReset
 .text.vexDeviceImuHeadingGet
                0x03807934       0x24 c:\Users\trevo\AppData\Roaming\Code\User\globalStorage\vexrobotics.vexcode\sdk\cpp\V5\V5_20220726_10_00_00/vexv5\libv5rt.a(v5_apijump.c.obj)
                0x03807934                vexDeviceImuHeadingGet
 .text.vexDeviceImuDegreesGet
                0x03807958       0x24 c:\Users\trevo\AppData\Roaming\Code\User\globalStorage\vexrobotics.vexcode\sdk\cpp\V5\V5_20220726_10_00_00/vexv5\libv5rt.a(v5_apijump.c.obj)
                0x03807958                vexDeviceImuDegreesGet
 .text.vexDeviceImuStatusGet
                0x0380797c       0x24 c:\Users\trevo\AppData\Roaming\Code\User\globalStorage\vexrobotics.vexcode\sdk\cpp\V5\V5_20220726_10_00_00/vexv5\libv5rt.a(v5_apijump.c.obj)
                0x0380797c                vexDeviceImuStatusGet
 .text.vexDisplayForegroundColor
                0x038079a0       0x24 c:\Users\trevo\AppData\Roaming\Code\User\globalStorage\vexrobotics.vexcode\sdk\cpp\V5\V5_20220726_10_00_00/vexv5\libv5rt.a(v5_apijump.c.obj)
                0x038079a0                vexDisplayForegroundColor
 .text.vexDisplayBackgroundColor
                0x038079c4       0x24 c:\Users\trevo\AppData\Roaming\Code\User\globalStorage\vexrobotics.vexcode\sdk\cpp\V5\V5_20220726_10_00_00/vexv5\libv5rt.a(v5_apijump.c.obj)
                0x038079c4                vexDisplayBackgroundColor
 .text.vexDisplayBackgroundColorGet
                0x038079e8       0x1c c:\Users\trevo\AppData\Roaming\Code\User\globalStorage\vexrobotics.vexcode\sdk\cpp\V5\V5_20220726_10_00_00/vexv5\libv5rt.a(v5_apijump.c.obj)
                0x038079e8                vexDisplayBackgroundColorGet
 .text.vexDisplayRectClear
                0x03807a04       0x4c c:\Users\trevo\AppData\Roaming\Code\User\globalStorage\vexrobotics.vexcode\sdk\cpp\V5\V5_20220726_10_00_00/vexv5\libv5rt.a(v5_apijump.c.obj)
                0x03807a04                vexDisplayRectClear
 .text.vexDisplayVPrintf
                0x03807a50       0x50 c:\Users\trevo\AppData\Roaming\Code\User\globalStorage\vexrobotics.vexcode\sdk\cpp\V5\V5_20220726_10_00_00/vexv5\libv5rt.a(v5_apijump.c.obj)
                0x03807a50                vexDisplayVPrintf
 .text.vexDisplayTextReference
                0x03807aa0       0x24 c:\Users\trevo\AppData\Roaming\Code\User\globalStorage\vexrobotics.vexcode\sdk\cpp\V5\V5_20220726_10_00_00/vexv5\libv5rt.a(v5_apijump.c.obj)
                0x03807aa0                vexDisplayTextReference
 .text.vexDisplayTextSize
                0x03807ac4       0x2c c:\Users\trevo\AppData\Roaming\Code\User\globalStorage\vexrobotics.vexcode\sdk\cpp\V5\V5_20220726_10_00_00/vexv5\libv5rt.a(v5_apijump.c.obj)
                0x03807ac4                vexDisplayTextSize
 .text.vexDisplayFontNamedSet
                0x03807af0       0x24 c:\Users\trevo\AppData\Roaming\Code\User\globalStorage\vexrobotics.vexcode\sdk\cpp\V5\V5_20220726_10_00_00/vexv5\libv5rt.a(v5_apijump.c.obj)
                0x03807af0                vexDisplayFontNamedSet
 .text.vexDisplayStringWidthGet
                0x03807b14       0x24 c:\Users\trevo\AppData\Roaming\Code\User\globalStorage\vexrobotics.vexcode\sdk\cpp\V5\V5_20220726_10_00_00/vexv5\libv5rt.a(v5_apijump.c.obj)
                0x03807b14                vexDisplayStringWidthGet
 .text.vexSystemStdlibImpureDataAddr
                0x03807b38       0x28 c:\Users\trevo\AppData\Roaming\Code\User\globalStorage\vexrobotics.vexcode\sdk\cpp\V5\V5_20220726_10_00_00/vexv5\libv5rt.a(v5_apijump.c.obj)
                0x03807b38                vexSystemStdlibImpureDataAddr
 .text.vexSystemStdlibImpureDataSize
                0x03807b60       0x28 c:\Users\trevo\AppData\Roaming\Code\User\globalStorage\vexrobotics.vexcode\sdk\cpp\V5\V5_20220726_10_00_00/vexv5\libv5rt.a(v5_apijump.c.obj)
                0x03807b60                vexSystemStdlibImpureDataSize
 .text.vexSystemSaveUserData
                0x03807b88       0x3c c:\Users\trevo\AppData\Roaming\Code\User\globalStorage\vexrobotics.vexcode\sdk\cpp\V5\V5_20220726_10_00_00/vexv5\libv5rt.a(v5_apijump.c.obj)
                0x03807b88                vexSystemSaveUserData
 .text.vexDisplayThemeIdGet
                0x03807bc4       0x38 c:\Users\trevo\AppData\Roaming\Code\User\globalStorage\vexrobotics.vexcode\sdk\cpp\V5\V5_20220726_10_00_00/vexv5\libv5rt.a(v5_apijump.c.obj)
                0x03807bc4                vexDisplayThemeIdGet
 .text.vexDeviceEventMaskSet
                0x03807bfc       0x48 c:\Users\trevo\AppData\Roaming\Code\User\globalStorage\vexrobotics.vexcode\sdk\cpp\V5\V5_20220726_10_00_00/vexv5\libv5rt.a(v5_apijump.c.obj)
                0x03807bfc                vexDeviceEventMaskSet
 .text.vexDeviceEventMaskGet
                0x03807c44       0x3c c:\Users\trevo\AppData\Roaming\Code\User\globalStorage\vexrobotics.vexcode\sdk\cpp\V5\V5_20220726_10_00_00/vexv5\libv5rt.a(v5_apijump.c.obj)
                0x03807c44                vexDeviceEventMaskGet
 .text.vexSystemVersion
                0x03807c80       0x10 c:\Users\trevo\AppData\Roaming\Code\User\globalStorage\vexrobotics.vexcode\sdk\cpp\V5\V5_20220726_10_00_00/vexv5\libv5rt.a(v5_apiversions.c.obj)
                0x03807c80                vexSystemVersion
 .text.vexStdlibVersion
                0x03807c90       0x10 c:\Users\trevo\AppData\Roaming\Code\User\globalStorage\vexrobotics.vexcode\sdk\cpp\V5\V5_20220726_10_00_00/vexv5\libv5rt.a(v5_apiversions.c.obj)
                0x03807c90                vexStdlibVersion
 .text._ZN3vex4waitEdNS_9timeUnitsE
                0x03807ca0       0x30 c:\Users\trevo\AppData\Roaming\Code\User\globalStorage\vexrobotics.vexcode\sdk\cpp\V5\V5_20220726_10_00_00/vexv5\libv5rt.a(vex_global.cpp.obj)
                0x03807ca0                vex::wait(double, vex::timeUnits)
 .text._ZN3vex6deviceD2Ev
                0x03807cd0        0x4 c:\Users\trevo\AppData\Roaming\Code\User\globalStorage\vexrobotics.vexcode\sdk\cpp\V5\V5_20220726_10_00_00/vexv5\libv5rt.a(vex_device.cpp.obj)
                0x03807cd0                vex::device::~device()
                0x03807cd0                vex::device::~device()
 .text._ZN3vex6device5valueEv
                0x03807cd4        0x8 c:\Users\trevo\AppData\Roaming\Code\User\globalStorage\vexrobotics.vexcode\sdk\cpp\V5\V5_20220726_10_00_00/vexv5\libv5rt.a(vex_device.cpp.obj)
                0x03807cd4                vex::device::value()
 .text._ZN3vex6deviceD0Ev
                0x03807cdc       0x14 c:\Users\trevo\AppData\Roaming\Code\User\globalStorage\vexrobotics.vexcode\sdk\cpp\V5\V5_20220726_10_00_00/vexv5\libv5rt.a(vex_device.cpp.obj)
                0x03807cdc                vex::device::~device()
 .text._ZN3vex6device4initEl
                0x03807cf0       0x30 c:\Users\trevo\AppData\Roaming\Code\User\globalStorage\vexrobotics.vexcode\sdk\cpp\V5\V5_20220726_10_00_00/vexv5\libv5rt.a(vex_device.cpp.obj)
                0x03807cf0                vex::device::init(long)
 .text._ZN3vex6deviceC2El
                0x03807d20       0x20 c:\Users\trevo\AppData\Roaming\Code\User\globalStorage\vexrobotics.vexcode\sdk\cpp\V5\V5_20220726_10_00_00/vexv5\libv5rt.a(vex_device.cpp.obj)
                0x03807d20                vex::device::device(long)
                0x03807d20                vex::device::device(long)
 .text._ZN3vex6device4typeEv
                0x03807d40       0x10 c:\Users\trevo\AppData\Roaming\Code\User\globalStorage\vexrobotics.vexcode\sdk\cpp\V5\V5_20220726_10_00_00/vexv5\libv5rt.a(vex_device.cpp.obj)
                0x03807d40                vex::device::type()
 .text._ZN3vex6device9installedEv
                0x03807d50       0x14 c:\Users\trevo\AppData\Roaming\Code\User\globalStorage\vexrobotics.vexcode\sdk\cpp\V5\V5_20220726_10_00_00/vexv5\libv5rt.a(vex_device.cpp.obj)
                0x03807d50                vex::device::installed()
 .text._ZN3vex5motorD2Ev
                0x03807d64       0x20 c:\Users\trevo\AppData\Roaming\Code\User\globalStorage\vexrobotics.vexcode\sdk\cpp\V5\V5_20220726_10_00_00/vexv5\libv5rt.a(vex_motor.cpp.obj)
                0x03807d64                vex::motor::~motor()
                0x03807d64                vex::motor::~motor()
 .text._ZN3vex5motorD0Ev
                0x03807d84       0x1c c:\Users\trevo\AppData\Roaming\Code\User\globalStorage\vexrobotics.vexcode\sdk\cpp\V5\V5_20220726_10_00_00/vexv5\libv5rt.a(vex_motor.cpp.obj)
                0x03807d84                vex::motor::~motor()
 .text._ZN3vex5motor9installedEv
                0x03807da0       0x18 c:\Users\trevo\AppData\Roaming\Code\User\globalStorage\vexrobotics.vexcode\sdk\cpp\V5\V5_20220726_10_00_00/vexv5\libv5rt.a(vex_motor.cpp.obj)
                0x03807da0                vex::motor::installed()
 .text._ZN3vex5motor15defaultStoppingENS_9brakeTypeE
                0x03807db8       0x30 c:\Users\trevo\AppData\Roaming\Code\User\globalStorage\vexrobotics.vexcode\sdk\cpp\V5\V5_20220726_10_00_00/vexv5\libv5rt.a(vex_motor.cpp.obj)
                0x03807db8                vex::motor::defaultStopping(vex::brakeType)
 .text._ZN3vex5motorC2El
                0x03807de8       0x78 c:\Users\trevo\AppData\Roaming\Code\User\globalStorage\vexrobotics.vexcode\sdk\cpp\V5\V5_20220726_10_00_00/vexv5\libv5rt.a(vex_motor.cpp.obj)
                0x03807de8                vex::motor::motor(long)
                0x03807de8                vex::motor::motor(long)
 .text._ZN3vex5motorC2ElNS_11gearSettingEb
                0x03807e60       0x34 c:\Users\trevo\AppData\Roaming\Code\User\globalStorage\vexrobotics.vexcode\sdk\cpp\V5\V5_20220726_10_00_00/vexv5\libv5rt.a(vex_motor.cpp.obj)
                0x03807e60                vex::motor::motor(long, vex::gearSetting, bool)
                0x03807e60                vex::motor::motor(long, vex::gearSetting, bool)
 *fill*         0x03807e94        0x4 
 .text._ZN3vex5motor4spinENS_13directionTypeEdNS_12voltageUnitsE
                0x03807e98       0x50 c:\Users\trevo\AppData\Roaming\Code\User\globalStorage\vexrobotics.vexcode\sdk\cpp\V5\V5_20220726_10_00_00/vexv5\libv5rt.a(vex_motor.cpp.obj)
                0x03807e98                vex::motor::spin(vex::directionType, double, vex::voltageUnits)
 .text._ZN3vex5motor4stopENS_9brakeTypeE
                0x03807ee8       0x30 c:\Users\trevo\AppData\Roaming\Code\User\globalStorage\vexrobotics.vexcode\sdk\cpp\V5\V5_20220726_10_00_00/vexv5\libv5rt.a(vex_motor.cpp.obj)
                0x03807ee8                vex::motor::stop(vex::brakeType)
 .text._ZN3vex5motor12setMaxTorqueEdNS_12currentUnitsE
                0x03807f18       0x28 c:\Users\trevo\AppData\Roaming\Code\User\globalStorage\vexrobotics.vexcode\sdk\cpp\V5\V5_20220726_10_00_00/vexv5\libv5rt.a(vex_motor.cpp.obj)
                0x03807f18                vex::motor::setMaxTorque(double, vex::currentUnits)
 .text._ZN3vex5motor16velocityToScaledEdNS_13velocityUnitsE
                0x03807f40       0x5c c:\Users\trevo\AppData\Roaming\Code\User\globalStorage\vexrobotics.vexcode\sdk\cpp\V5\V5_20220726_10_00_00/vexv5\libv5rt.a(vex_motor.cpp.obj)
                0x03807f40                vex::motor::velocityToScaled(double, vex::velocityUnits)
 .text._ZN3vex5motor8velocityENS_13velocityUnitsE
                0x03807f9c       0x30 c:\Users\trevo\AppData\Roaming\Code\User\globalStorage\vexrobotics.vexcode\sdk\cpp\V5\V5_20220726_10_00_00/vexv5\libv5rt.a(vex_motor.cpp.obj)
                0x03807f9c                vex::motor::velocity(vex::velocityUnits)
 .text._ZN3vex5motor5valueEv
                0x03807fcc       0x1c c:\Users\trevo\AppData\Roaming\Code\User\globalStorage\vexrobotics.vexcode\sdk\cpp\V5\V5_20220726_10_00_00/vexv5\libv5rt.a(vex_motor.cpp.obj)
                0x03807fcc                vex::motor::value()
 .text._ZN3vex5motor16scaledToVelocityEdNS_13velocityUnitsE
                0x03807fe8       0xa4 c:\Users\trevo\AppData\Roaming\Code\User\globalStorage\vexrobotics.vexcode\sdk\cpp\V5\V5_20220726_10_00_00/vexv5\libv5rt.a(vex_motor.cpp.obj)
                0x03807fe8                vex::motor::scaledToVelocity(double, vex::velocityUnits)
 .text._ZN3vex5motor4spinENS_13directionTypeEdNS_13velocityUnitsE
                0x0380808c       0x5c c:\Users\trevo\AppData\Roaming\Code\User\globalStorage\vexrobotics.vexcode\sdk\cpp\V5\V5_20220726_10_00_00/vexv5\libv5rt.a(vex_motor.cpp.obj)
                0x0380808c                vex::motor::spin(vex::directionType, double, vex::velocityUnits)
 .text._ZN3vex6vision9installedEv
                0x038080e8       0x18 c:\Users\trevo\AppData\Roaming\Code\User\globalStorage\vexrobotics.vexcode\sdk\cpp\V5\V5_20220726_10_00_00/vexv5\libv5rt.a(vex_vision.cpp.obj)
                0x038080e8                vex::vision::installed()
 .text._ZN3vex6visionD2Ev
                0x03808100       0x38 c:\Users\trevo\AppData\Roaming\Code\User\globalStorage\vexrobotics.vexcode\sdk\cpp\V5\V5_20220726_10_00_00/vexv5\libv5rt.a(vex_vision.cpp.obj)
                0x03808100                vex::vision::~vision()
                0x03808100                vex::vision::~vision()
 .text._ZN3vex6visionD0Ev
                0x03808138       0x1c c:\Users\trevo\AppData\Roaming\Code\User\globalStorage\vexrobotics.vexcode\sdk\cpp\V5\V5_20220726_10_00_00/vexv5\libv5rt.a(vex_vision.cpp.obj)
                0x03808138                vex::vision::~vision()
 .text._ZN3vex6vision12setSignatureERNS0_9signatureE
                0x03808154       0x70 c:\Users\trevo\AppData\Roaming\Code\User\globalStorage\vexrobotics.vexcode\sdk\cpp\V5\V5_20220726_10_00_00/vexv5\libv5rt.a(vex_vision.cpp.obj)
                0x03808154                vex::vision::setSignature(vex::vision::signature&)
 .text._ZN3vex6vision7setModeENS0_13detectionModeE
                0x038081c4       0x18 c:\Users\trevo\AppData\Roaming\Code\User\globalStorage\vexrobotics.vexcode\sdk\cpp\V5\V5_20220726_10_00_00/vexv5\libv5rt.a(vex_vision.cpp.obj)
                0x038081c4                vex::vision::setMode(vex::vision::detectionMode)
 .text._ZN3vex6vision13setBrightnessEh
                0x038081dc       0x30 c:\Users\trevo\AppData\Roaming\Code\User\globalStorage\vexrobotics.vexcode\sdk\cpp\V5\V5_20220726_10_00_00/vexv5\libv5rt.a(vex_vision.cpp.obj)
                0x038081dc                vex::vision::setBrightness(unsigned char)
 .text._ZN3vex6vision10setLedModeENS0_7ledModeE
                0x0380820c       0x18 c:\Users\trevo\AppData\Roaming\Code\User\globalStorage\vexrobotics.vexcode\sdk\cpp\V5\V5_20220726_10_00_00/vexv5\libv5rt.a(vex_vision.cpp.obj)
                0x0380820c                vex::vision::setLedMode(vex::vision::ledMode)
 .text._ZN3vex6vision11setLedColorEhhh
                0x03808224       0x30 c:\Users\trevo\AppData\Roaming\Code\User\globalStorage\vexrobotics.vexcode\sdk\cpp\V5\V5_20220726_10_00_00/vexv5\libv5rt.a(vex_vision.cpp.obj)
                0x03808224                vex::vision::setLedColor(unsigned char, unsigned char, unsigned char)
 .text._ZN3vex6vision9signatureD2Ev
                0x03808254        0x4 c:\Users\trevo\AppData\Roaming\Code\User\globalStorage\vexrobotics.vexcode\sdk\cpp\V5\V5_20220726_10_00_00/vexv5\libv5rt.a(vex_vision.cpp.obj)
                0x03808254                vex::vision::signature::~signature()
                0x03808254                vex::vision::signature::~signature()
 .text._ZN3vex6vision9signature5clearEv
                0x03808258       0x38 c:\Users\trevo\AppData\Roaming\Code\User\globalStorage\vexrobotics.vexcode\sdk\cpp\V5\V5_20220726_10_00_00/vexv5\libv5rt.a(vex_vision.cpp.obj)
                0x03808258                vex::vision::signature::clear()
 .text._ZN3vex6vision9signatureC2Ev
                0x03808290       0x60 c:\Users\trevo\AppData\Roaming\Code\User\globalStorage\vexrobotics.vexcode\sdk\cpp\V5\V5_20220726_10_00_00/vexv5\libv5rt.a(vex_vision.cpp.obj)
                0x03808290                vex::vision::signature::signature()
                0x03808290                vex::vision::signature::signature()
 .text._ZN3vex6vision9signatureC2Elllllllfl
                0x038082f0       0x5c c:\Users\trevo\AppData\Roaming\Code\User\globalStorage\vexrobotics.vexcode\sdk\cpp\V5\V5_20220726_10_00_00/vexv5\libv5rt.a(vex_vision.cpp.obj)
                0x038082f0                vex::vision::signature::signature(long, long, long, long, long, long, long, float, long)
                0x038082f0                vex::vision::signature::signature(long, long, long, long, long, long, long, float, long)
 *fill*         0x0380834c        0x4 
 .text._ZN3vex6vision6object3setE22_V5_DeviceVisionObject
                0x03808350       0x78 c:\Users\trevo\AppData\Roaming\Code\User\globalStorage\vexrobotics.vexcode\sdk\cpp\V5\V5_20220726_10_00_00/vexv5\libv5rt.a(vex_vision.cpp.obj)
                0x03808350                vex::vision::object::set(_V5_DeviceVisionObject)
 .text._ZN3vex6vision6object5clearEv
                0x038083c8       0x38 c:\Users\trevo\AppData\Roaming\Code\User\globalStorage\vexrobotics.vexcode\sdk\cpp\V5\V5_20220726_10_00_00/vexv5\libv5rt.a(vex_vision.cpp.obj)
                0x038083c8                vex::vision::object::clear()
 .text._ZN3vex6vision6objectC2Ev
                0x03808400       0x58 c:\Users\trevo\AppData\Roaming\Code\User\globalStorage\vexrobotics.vexcode\sdk\cpp\V5\V5_20220726_10_00_00/vexv5\libv5rt.a(vex_vision.cpp.obj)
                0x03808400                vex::vision::object::object()
                0x03808400                vex::vision::object::object()
 .text._ZN3vex6vision13_clearObjectsEv
                0x03808458       0x40 c:\Users\trevo\AppData\Roaming\Code\User\globalStorage\vexrobotics.vexcode\sdk\cpp\V5\V5_20220726_10_00_00/vexv5\libv5rt.a(vex_vision.cpp.obj)
                0x03808458                vex::vision::_clearObjects()
 .text._ZN3vex6vision6objectaSERKS1_
                0x03808498       0x74 c:\Users\trevo\AppData\Roaming\Code\User\globalStorage\vexrobotics.vexcode\sdk\cpp\V5\V5_20220726_10_00_00/vexv5\libv5rt.a(vex_vision.cpp.obj)
                0x03808498                vex::vision::object::operator=(vex::vision::object const&)
 .text._ZN3vex6vision12takeSnapshotEmm
                0x0380850c       0xf4 c:\Users\trevo\AppData\Roaming\Code\User\globalStorage\vexrobotics.vexcode\sdk\cpp\V5\V5_20220726_10_00_00/vexv5\libv5rt.a(vex_vision.cpp.obj)
                0x0380850c                vex::vision::takeSnapshot(unsigned long, unsigned long)
 .text._ZN3vex6vision12takeSnapshotEm
                0x03808600        0x8 c:\Users\trevo\AppData\Roaming\Code\User\globalStorage\vexrobotics.vexcode\sdk\cpp\V5\V5_20220726_10_00_00/vexv5\libv5rt.a(vex_vision.cpp.obj)
                0x03808600                vex::vision::takeSnapshot(unsigned long)
 .text._ZN3vex6vision5valueEv
                0x03808608        0x8 c:\Users\trevo\AppData\Roaming\Code\User\globalStorage\vexrobotics.vexcode\sdk\cpp\V5\V5_20220726_10_00_00/vexv5\libv5rt.a(vex_vision.cpp.obj)
                0x03808608                vex::vision::value()
 .text._ZN3vex6vision12takeSnapshotERNS0_9signatureE
                0x03808610       0x10 c:\Users\trevo\AppData\Roaming\Code\User\globalStorage\vexrobotics.vexcode\sdk\cpp\V5\V5_20220726_10_00_00/vexv5\libv5rt.a(vex_vision.cpp.obj)
                0x03808610                vex::vision::takeSnapshot(vex::vision::signature&)
 .text._ZN3vex6vision6objectaSEl
                0x03808620       0x38 c:\Users\trevo\AppData\Roaming\Code\User\globalStorage\vexrobotics.vexcode\sdk\cpp\V5\V5_20220726_10_00_00/vexv5\libv5rt.a(vex_vision.cpp.obj)
                0x03808620                vex::vision::object::operator=(long)
 .text._ZN3vex6visionC2El
                0x03808658       0xa4 c:\Users\trevo\AppData\Roaming\Code\User\globalStorage\vexrobotics.vexcode\sdk\cpp\V5\V5_20220726_10_00_00/vexv5\libv5rt.a(vex_vision.cpp.obj)
                0x03808658                vex::vision::vision(long)
                0x03808658                vex::vision::vision(long)
 .text._ZN3vex8inertial11getTurnTypeEv
                0x038086fc        0x8 c:\Users\trevo\AppData\Roaming\Code\User\globalStorage\vexrobotics.vexcode\sdk\cpp\V5\V5_20220726_10_00_00/vexv5\libv5rt.a(vex_imu.cpp.obj)
                0x038086fc                vex::inertial::getTurnType()
 .text._ZThn16_N3vex8inertial11getTurnTypeEv
                0x03808704        0x8 c:\Users\trevo\AppData\Roaming\Code\User\globalStorage\vexrobotics.vexcode\sdk\cpp\V5\V5_20220726_10_00_00/vexv5\libv5rt.a(vex_imu.cpp.obj)
                0x03808704                non-virtual thunk to vex::inertial::getTurnType()
 *fill*         0x0380870c        0x4 
 .text._ZN3vex8inertial10setHeadingEdNS_13rotationUnitsE
                0x03808710       0x58 c:\Users\trevo\AppData\Roaming\Code\User\globalStorage\vexrobotics.vexcode\sdk\cpp\V5\V5_20220726_10_00_00/vexv5\libv5rt.a(vex_imu.cpp.obj)
                0x03808710                vex::inertial::setHeading(double, vex::rotationUnits)
 .text._ZThn16_N3vex8inertial10setHeadingEdNS_13rotationUnitsE
                0x03808768        0x8 c:\Users\trevo\AppData\Roaming\Code\User\globalStorage\vexrobotics.vexcode\sdk\cpp\V5\V5_20220726_10_00_00/vexv5\libv5rt.a(vex_imu.cpp.obj)
                0x03808768                non-virtual thunk to vex::inertial::setHeading(double, vex::rotationUnits)
 .text._ZN3vex8inertial11setRotationEdNS_13rotationUnitsE
                0x03808770       0x58 c:\Users\trevo\AppData\Roaming\Code\User\globalStorage\vexrobotics.vexcode\sdk\cpp\V5\V5_20220726_10_00_00/vexv5\libv5rt.a(vex_imu.cpp.obj)
                0x03808770                vex::inertial::setRotation(double, vex::rotationUnits)
 .text._ZThn16_N3vex8inertial11setRotationEdNS_13rotationUnitsE
                0x038087c8        0x8 c:\Users\trevo\AppData\Roaming\Code\User\globalStorage\vexrobotics.vexcode\sdk\cpp\V5\V5_20220726_10_00_00/vexv5\libv5rt.a(vex_imu.cpp.obj)
                0x038087c8                non-virtual thunk to vex::inertial::setRotation(double, vex::rotationUnits)
 .text._ZN3vex8inertialD2Ev
                0x038087d0       0x20 c:\Users\trevo\AppData\Roaming\Code\User\globalStorage\vexrobotics.vexcode\sdk\cpp\V5\V5_20220726_10_00_00/vexv5\libv5rt.a(vex_imu.cpp.obj)
                0x038087d0                vex::inertial::~inertial()
                0x038087d0                vex::inertial::~inertial()
 .text._ZThn16_N3vex8inertialD1Ev
                0x038087f0        0x8 c:\Users\trevo\AppData\Roaming\Code\User\globalStorage\vexrobotics.vexcode\sdk\cpp\V5\V5_20220726_10_00_00/vexv5\libv5rt.a(vex_imu.cpp.obj)
                0x038087f0                non-virtual thunk to vex::inertial::~inertial()
 .text._ZN3vex8inertialD0Ev
                0x038087f8       0x1c c:\Users\trevo\AppData\Roaming\Code\User\globalStorage\vexrobotics.vexcode\sdk\cpp\V5\V5_20220726_10_00_00/vexv5\libv5rt.a(vex_imu.cpp.obj)
                0x038087f8                vex::inertial::~inertial()
 .text._ZThn16_N3vex8inertialD0Ev
                0x03808814        0x8 c:\Users\trevo\AppData\Roaming\Code\User\globalStorage\vexrobotics.vexcode\sdk\cpp\V5\V5_20220726_10_00_00/vexv5\libv5rt.a(vex_imu.cpp.obj)
                0x03808814                non-virtual thunk to vex::inertial::~inertial()
 .text._ZN3vex8inertial9installedEv
                0x0380881c       0x18 c:\Users\trevo\AppData\Roaming\Code\User\globalStorage\vexrobotics.vexcode\sdk\cpp\V5\V5_20220726_10_00_00/vexv5\libv5rt.a(vex_imu.cpp.obj)
                0x0380881c                vex::inertial::installed()
 .text._ZN3vex8inertial5angleENS_13rotationUnitsE
                0x03808834       0x6c c:\Users\trevo\AppData\Roaming\Code\User\globalStorage\vexrobotics.vexcode\sdk\cpp\V5\V5_20220726_10_00_00/vexv5\libv5rt.a(vex_imu.cpp.obj)
                0x03808834                vex::inertial::angle(vex::rotationUnits)
 .text._ZThn16_N3vex8inertial5angleENS_13rotationUnitsE
                0x038088a0        0x8 c:\Users\trevo\AppData\Roaming\Code\User\globalStorage\vexrobotics.vexcode\sdk\cpp\V5\V5_20220726_10_00_00/vexv5\libv5rt.a(vex_imu.cpp.obj)
                0x038088a0                non-virtual thunk to vex::inertial::angle(vex::rotationUnits)
 .text._ZN3vex8inertial7headingENS_13rotationUnitsE
                0x038088a8        0x4 c:\Users\trevo\AppData\Roaming\Code\User\globalStorage\vexrobotics.vexcode\sdk\cpp\V5\V5_20220726_10_00_00/vexv5\libv5rt.a(vex_imu.cpp.obj)
                0x038088a8                vex::inertial::heading(vex::rotationUnits)
 .text._ZThn16_N3vex8inertial7headingENS_13rotationUnitsE
                0x038088ac        0x8 c:\Users\trevo\AppData\Roaming\Code\User\globalStorage\vexrobotics.vexcode\sdk\cpp\V5\V5_20220726_10_00_00/vexv5\libv5rt.a(vex_imu.cpp.obj)
                0x038088ac                non-virtual thunk to vex::inertial::heading(vex::rotationUnits)
 .text._ZN3vex8inertial5valueEv
                0x038088b4       0x1c c:\Users\trevo\AppData\Roaming\Code\User\globalStorage\vexrobotics.vexcode\sdk\cpp\V5\V5_20220726_10_00_00/vexv5\libv5rt.a(vex_imu.cpp.obj)
                0x038088b4                vex::inertial::value()
 .text._ZN3vex8inertial8rotationENS_13rotationUnitsE
                0x038088d0       0x48 c:\Users\trevo\AppData\Roaming\Code\User\globalStorage\vexrobotics.vexcode\sdk\cpp\V5\V5_20220726_10_00_00/vexv5\libv5rt.a(vex_imu.cpp.obj)
                0x038088d0                vex::inertial::rotation(vex::rotationUnits)
 .text._ZThn16_N3vex8inertial8rotationENS_13rotationUnitsE
                0x03808918        0x8 c:\Users\trevo\AppData\Roaming\Code\User\globalStorage\vexrobotics.vexcode\sdk\cpp\V5\V5_20220726_10_00_00/vexv5\libv5rt.a(vex_imu.cpp.obj)
                0x03808918                non-virtual thunk to vex::inertial::rotation(vex::rotationUnits)
 .text._ZN3vex8inertial13isCalibratingEv
                0x03808920       0x38 c:\Users\trevo\AppData\Roaming\Code\User\globalStorage\vexrobotics.vexcode\sdk\cpp\V5\V5_20220726_10_00_00/vexv5\libv5rt.a(vex_imu.cpp.obj)
                0x03808920                vex::inertial::isCalibrating()
 .text._ZThn16_N3vex8inertial13isCalibratingEv
                0x03808958        0x8 c:\Users\trevo\AppData\Roaming\Code\User\globalStorage\vexrobotics.vexcode\sdk\cpp\V5\V5_20220726_10_00_00/vexv5\libv5rt.a(vex_imu.cpp.obj)
                0x03808958                non-virtual thunk to vex::inertial::isCalibrating()
 .text._ZN3vex8inertialC2ElNS_8turnTypeE
                0x03808960       0x4c c:\Users\trevo\AppData\Roaming\Code\User\globalStorage\vexrobotics.vexcode\sdk\cpp\V5\V5_20220726_10_00_00/vexv5\libv5rt.a(vex_imu.cpp.obj)
                0x03808960                vex::inertial::inertial(long, vex::turnType)
                0x03808960                vex::inertial::inertial(long, vex::turnType)
 .text._ZN3vex8inertial16startCalibrationEl
                0x038089ac       0x20 c:\Users\trevo\AppData\Roaming\Code\User\globalStorage\vexrobotics.vexcode\sdk\cpp\V5\V5_20220726_10_00_00/vexv5\libv5rt.a(vex_imu.cpp.obj)
                0x038089ac                vex::inertial::startCalibration(long)
 .text._ZN3vex8inertial9calibrateEl
                0x038089cc        0xc c:\Users\trevo\AppData\Roaming\Code\User\globalStorage\vexrobotics.vexcode\sdk\cpp\V5\V5_20220726_10_00_00/vexv5\libv5rt.a(vex_imu.cpp.obj)
                0x038089cc                vex::inertial::calibrate(long)
                0x038089d0                non-virtual thunk to vex::inertial::calibrate(long)
 .text._ZN3vex10controllerD2Ev
                0x038089d8        0x4 c:\Users\trevo\AppData\Roaming\Code\User\globalStorage\vexrobotics.vexcode\sdk\cpp\V5\V5_20220726_10_00_00/vexv5\libv5rt.a(vex_controller.cpp.obj)
                0x038089d8                vex::controller::~controller()
                0x038089d8                vex::controller::~controller()
 .text._ZN3vex10controller5valueE19_V5_ControllerIndex
                0x038089dc        0x8 c:\Users\trevo\AppData\Roaming\Code\User\globalStorage\vexrobotics.vexcode\sdk\cpp\V5\V5_20220726_10_00_00/vexv5\libv5rt.a(vex_controller.cpp.obj)
                0x038089dc                vex::controller::value(_V5_ControllerIndex)
 .text._ZN3vex10controller6rumbleEPKc
                0x038089e4       0x4c c:\Users\trevo\AppData\Roaming\Code\User\globalStorage\vexrobotics.vexcode\sdk\cpp\V5\V5_20220726_10_00_00/vexv5\libv5rt.a(vex_controller.cpp.obj)
                0x038089e4                vex::controller::rumble(char const*)
 .text._ZNK3vex10controller6button8pressingEv
                0x03808a30       0xc8 c:\Users\trevo\AppData\Roaming\Code\User\globalStorage\vexrobotics.vexcode\sdk\cpp\V5\V5_20220726_10_00_00/vexv5\libv5rt.a(vex_controller.cpp.obj)
                0x03808a30                vex::controller::button::pressing() const
 .text._ZNK3vex10controller6button21_buttonToPressedEventEv
                0x03808af8       0x20 c:\Users\trevo\AppData\Roaming\Code\User\globalStorage\vexrobotics.vexcode\sdk\cpp\V5\V5_20220726_10_00_00/vexv5\libv5rt.a(vex_controller.cpp.obj)
                0x03808af8                vex::controller::button::_buttonToPressedEvent() const
 .text._ZNK3vex10controller6button22_buttonToReleasedEventEv
                0x03808b18       0x20 c:\Users\trevo\AppData\Roaming\Code\User\globalStorage\vexrobotics.vexcode\sdk\cpp\V5\V5_20220726_10_00_00/vexv5\libv5rt.a(vex_controller.cpp.obj)
                0x03808b18                vex::controller::button::_buttonToReleasedEvent() const
 .text._ZN3vex10controller6buttonC2ENS0_11tButtonTypeEPS0_
                0x03808b38       0x48 c:\Users\trevo\AppData\Roaming\Code\User\globalStorage\vexrobotics.vexcode\sdk\cpp\V5\V5_20220726_10_00_00/vexv5\libv5rt.a(vex_controller.cpp.obj)
                0x03808b38                vex::controller::button::button(vex::controller::tButtonType, vex::controller*)
                0x03808b38                vex::controller::button::button(vex::controller::tButtonType, vex::controller*)
 .text._ZNK3vex10controller4axis5valueEv
                0x03808b80       0x58 c:\Users\trevo\AppData\Roaming\Code\User\globalStorage\vexrobotics.vexcode\sdk\cpp\V5\V5_20220726_10_00_00/vexv5\libv5rt.a(vex_controller.cpp.obj)
                0x03808b80                vex::controller::axis::value() const
 .text._ZNK3vex10controller4axis8positionENS_12percentUnitsE
                0x03808bd8       0x1c c:\Users\trevo\AppData\Roaming\Code\User\globalStorage\vexrobotics.vexcode\sdk\cpp\V5\V5_20220726_10_00_00/vexv5\libv5rt.a(vex_controller.cpp.obj)
                0x03808bd8                vex::controller::axis::position(vex::percentUnits) const
 .text._ZNK3vex10controller4axis23_joystickToChangedEventEv
                0x03808bf4       0x20 c:\Users\trevo\AppData\Roaming\Code\User\globalStorage\vexrobotics.vexcode\sdk\cpp\V5\V5_20220726_10_00_00/vexv5\libv5rt.a(vex_controller.cpp.obj)
                0x03808bf4                vex::controller::axis::_joystickToChangedEvent() const
 .text._ZN3vex10controller4axisC2ENS0_9tAxisTypeEPS0_
                0x03808c14       0x2c c:\Users\trevo\AppData\Roaming\Code\User\globalStorage\vexrobotics.vexcode\sdk\cpp\V5\V5_20220726_10_00_00/vexv5\libv5rt.a(vex_controller.cpp.obj)
                0x03808c14                vex::controller::axis::axis(vex::controller::tAxisType, vex::controller*)
                0x03808c14                vex::controller::axis::axis(vex::controller::tAxisType, vex::controller*)
 .text._ZN3vex10controllerC2Ev
                0x03808c40      0x164 c:\Users\trevo\AppData\Roaming\Code\User\globalStorage\vexrobotics.vexcode\sdk\cpp\V5\V5_20220726_10_00_00/vexv5\libv5rt.a(vex_controller.cpp.obj)
                0x03808c40                vex::controller::controller()
                0x03808c40                vex::controller::controller()
 .text._ZN3vex4taskC2EPFivE
                0x03808da4       0x5c c:\Users\trevo\AppData\Roaming\Code\User\globalStorage\vexrobotics.vexcode\sdk\cpp\V5\V5_20220726_10_00_00/vexv5\libv5rt.a(vex_task.cpp.obj)
                0x03808da4                vex::task::task(int (*)())
                0x03808da4                vex::task::task(int (*)())
 .text._ZN3vex4taskD2Ev
                0x03808e00        0x4 c:\Users\trevo\AppData\Roaming\Code\User\globalStorage\vexrobotics.vexcode\sdk\cpp\V5\V5_20220726_10_00_00/vexv5\libv5rt.a(vex_task.cpp.obj)
                0x03808e00                vex::task::~task()
                0x03808e00                vex::task::~task()
 .text._ZN3vex4task4stopEPvi
                0x03808e04       0x1c c:\Users\trevo\AppData\Roaming\Code\User\globalStorage\vexrobotics.vexcode\sdk\cpp\V5\V5_20220726_10_00_00/vexv5\libv5rt.a(vex_task.cpp.obj)
                0x03808e04                vex::task::stop(void*, int)
 .text._ZN3vex4task6_indexEPFivE
                0x03808e20       0x14 c:\Users\trevo\AppData\Roaming\Code\User\globalStorage\vexrobotics.vexcode\sdk\cpp\V5\V5_20220726_10_00_00/vexv5\libv5rt.a(vex_task.cpp.obj)
                0x03808e20                vex::task::_index(int (*)())
 .text._ZN3vex4task8_stopAllEv
                0x03808e34       0x3c c:\Users\trevo\AppData\Roaming\Code\User\globalStorage\vexrobotics.vexcode\sdk\cpp\V5\V5_20220726_10_00_00/vexv5\libv5rt.a(vex_task.cpp.obj)
                0x03808e34                vex::task::_stopAll()
 .text._ZN3vex11this_thread9sleep_forEm
                0x03808e70        0x4 c:\Users\trevo\AppData\Roaming\Code\User\globalStorage\vexrobotics.vexcode\sdk\cpp\V5\V5_20220726_10_00_00/vexv5\libv5rt.a(vex_thread.cpp.obj)
                0x03808e70                vex::this_thread::sleep_for(unsigned long)
 .text._ZN3vex5event4initEmmPFvvE
                0x03808e74        0x4 c:\Users\trevo\AppData\Roaming\Code\User\globalStorage\vexrobotics.vexcode\sdk\cpp\V5\V5_20220726_10_00_00/vexv5\libv5rt.a(vex_event.cpp.obj)
                0x03808e74                vex::event::init(unsigned long, unsigned long, void (*)())
 .text._ZN3vex5event4initEmmPFvPvES1_
                0x03808e78        0x4 c:\Users\trevo\AppData\Roaming\Code\User\globalStorage\vexrobotics.vexcode\sdk\cpp\V5\V5_20220726_10_00_00/vexv5\libv5rt.a(vex_event.cpp.obj)
                0x03808e78                vex::event::init(unsigned long, unsigned long, void (*)(void*), void*)
 .text._ZN3vex5event9userindexEv
                0x03808e7c        0x4 c:\Users\trevo\AppData\Roaming\Code\User\globalStorage\vexrobotics.vexcode\sdk\cpp\V5\V5_20220726_10_00_00/vexv5\libv5rt.a(vex_event.cpp.obj)
                0x03808e7c                vex::event::userindex()
 .text._ZZN3vex6meventC4EmmENUlvE_4_FUNEv
                0x03808e80        0x4 c:\Users\trevo\AppData\Roaming\Code\User\globalStorage\vexrobotics.vexcode\sdk\cpp\V5\V5_20220726_10_00_00/vexv5\libv5rt.a(vex_mevent.cpp.obj)
 .text._ZN3vex6meventC2Emm
                0x03808e84       0x70 c:\Users\trevo\AppData\Roaming\Code\User\globalStorage\vexrobotics.vexcode\sdk\cpp\V5\V5_20220726_10_00_00/vexv5\libv5rt.a(vex_mevent.cpp.obj)
                0x03808e84                vex::mevent::mevent(unsigned long, unsigned long)
                0x03808e84                vex::mevent::mevent(unsigned long, unsigned long)
 .text._ZN3vex5brain9_getIndexEv
                0x03808ef4       0x10 c:\Users\trevo\AppData\Roaming\Code\User\globalStorage\vexrobotics.vexcode\sdk\cpp\V5\V5_20220726_10_00_00/vexv5\libv5rt.a(vex_brain.cpp.obj)
                0x03808ef4                vex::brain::_getIndex()
 .text._ZN3vex5brain5timerENS_9timeUnitsE
                0x03808f04        0x8 c:\Users\trevo\AppData\Roaming\Code\User\globalStorage\vexrobotics.vexcode\sdk\cpp\V5\V5_20220726_10_00_00/vexv5\libv5rt.a(vex_brain.cpp.obj)
                0x03808f04                vex::brain::timer(vex::timeUnits)
 .text._ZN3vex5brain3lcd9setCursorEll
                0x03808f0c       0x44 c:\Users\trevo\AppData\Roaming\Code\User\globalStorage\vexrobotics.vexcode\sdk\cpp\V5\V5_20220726_10_00_00/vexv5\libv5rt.a(vex_brain.cpp.obj)
                0x03808f0c                vex::brain::lcd::setCursor(long, long)
 .text._ZN3vex5brain3lcd7setFontENS_8fontTypeE
                0x03808f50      0x23c c:\Users\trevo\AppData\Roaming\Code\User\globalStorage\vexrobotics.vexcode\sdk\cpp\V5\V5_20220726_10_00_00/vexv5\libv5rt.a(vex_brain.cpp.obj)
                0x03808f50                vex::brain::lcd::setFont(vex::fontType)
 .text._ZN3vex5brain3lcdC2Ev
                0x0380918c       0x94 c:\Users\trevo\AppData\Roaming\Code\User\globalStorage\vexrobotics.vexcode\sdk\cpp\V5\V5_20220726_10_00_00/vexv5\libv5rt.a(vex_brain.cpp.obj)
                0x0380918c                vex::brain::lcd::lcd()
                0x0380918c                vex::brain::lcd::lcd()
 .text._ZN3vex5brainC2Ev
                0x03809220       0x3c c:\Users\trevo\AppData\Roaming\Code\User\globalStorage\vexrobotics.vexcode\sdk\cpp\V5\V5_20220726_10_00_00/vexv5\libv5rt.a(vex_brain.cpp.obj)
                0x03809220                vex::brain::brain()
                0x03809220                vex::brain::brain()
 .text._ZN3vex5brain3lcd11setPenColorERKNS_5colorE
                0x0380925c       0x14 c:\Users\trevo\AppData\Roaming\Code\User\globalStorage\vexrobotics.vexcode\sdk\cpp\V5\V5_20220726_10_00_00/vexv5\libv5rt.a(vex_brain.cpp.obj)
                0x0380925c                vex::brain::lcd::setPenColor(vex::color const&)
 .text._ZN3vex5brain3lcd12setFillColorERKNS_5colorE
                0x03809270       0x38 c:\Users\trevo\AppData\Roaming\Code\User\globalStorage\vexrobotics.vexcode\sdk\cpp\V5\V5_20220726_10_00_00/vexv5\libv5rt.a(vex_brain.cpp.obj)
                0x03809270                vex::brain::lcd::setFillColor(vex::color const&)
 .text._ZN3vex5brain3lcd12_clearScreenEm
                0x038092a8       0x38 c:\Users\trevo\AppData\Roaming\Code\User\globalStorage\vexrobotics.vexcode\sdk\cpp\V5\V5_20220726_10_00_00/vexv5\libv5rt.a(vex_brain.cpp.obj)
                0x038092a8                vex::brain::lcd::_clearScreen(unsigned long)
 .text._ZN3vex5brain3lcd11clearScreenERKNS_5colorE
                0x038092e0       0x20 c:\Users\trevo\AppData\Roaming\Code\User\globalStorage\vexrobotics.vexcode\sdk\cpp\V5\V5_20220726_10_00_00/vexv5\libv5rt.a(vex_brain.cpp.obj)
                0x038092e0                vex::brain::lcd::clearScreen(vex::color const&)
 .text._ZN3vex5brain3lcd10rowToPixelEl
                0x03809300       0x34 c:\Users\trevo\AppData\Roaming\Code\User\globalStorage\vexrobotics.vexcode\sdk\cpp\V5\V5_20220726_10_00_00/vexv5\libv5rt.a(vex_brain.cpp.obj)
                0x03809300                vex::brain::lcd::rowToPixel(long)
 .text._ZN3vex5brain3lcd9clearLineEv
                0x03809334       0x38 c:\Users\trevo\AppData\Roaming\Code\User\globalStorage\vexrobotics.vexcode\sdk\cpp\V5\V5_20220726_10_00_00/vexv5\libv5rt.a(vex_brain.cpp.obj)
                0x03809334                vex::brain::lcd::clearLine()
 .text._ZN3vex5brain3lcd5printEPKcz
                0x0380936c       0xb8 c:\Users\trevo\AppData\Roaming\Code\User\globalStorage\vexrobotics.vexcode\sdk\cpp\V5\V5_20220726_10_00_00/vexv5\libv5rt.a(vex_brain.cpp.obj)
                0x0380936c                vex::brain::lcd::print(char const*, ...)
 .text._ZN3vex5brainD2Ev
                0x03809424       0x20 c:\Users\trevo\AppData\Roaming\Code\User\globalStorage\vexrobotics.vexcode\sdk\cpp\V5\V5_20220726_10_00_00/vexv5\libv5rt.a(vex_brain.cpp.obj)
                0x03809424                vex::brain::~brain()
                0x03809424                vex::brain::~brain()
 .text._ZN3vex11competition8_disableEPv
                0x03809444       0xa4 c:\Users\trevo\AppData\Roaming\Code\User\globalStorage\vexrobotics.vexcode\sdk\cpp\V5\V5_20220726_10_00_00/vexv5\libv5rt.a(vex_competition.cpp.obj)
                0x03809444                vex::competition::_disable(void*)
 .text._ZN3vex11competition11_autonomousEv
                0x038094e8       0x80 c:\Users\trevo\AppData\Roaming\Code\User\globalStorage\vexrobotics.vexcode\sdk\cpp\V5\V5_20220726_10_00_00/vexv5\libv5rt.a(vex_competition.cpp.obj)
                0x038094e8                vex::competition::_autonomous()
 .text._ZN3vex11competition14_drivercontrolEv
                0x03809568       0x80 c:\Users\trevo\AppData\Roaming\Code\User\globalStorage\vexrobotics.vexcode\sdk\cpp\V5\V5_20220726_10_00_00/vexv5\libv5rt.a(vex_competition.cpp.obj)
                0x03809568                vex::competition::_drivercontrol()
 .text._ZN3vex11competitionC2Ev
                0x038095e8      0x13c c:\Users\trevo\AppData\Roaming\Code\User\globalStorage\vexrobotics.vexcode\sdk\cpp\V5\V5_20220726_10_00_00/vexv5\libv5rt.a(vex_competition.cpp.obj)
                0x038095e8                vex::competition::competition()
                0x038095e8                vex::competition::competition()
 .text._ZN3vex11competitionD2Ev
                0x03809724        0x4 c:\Users\trevo\AppData\Roaming\Code\User\globalStorage\vexrobotics.vexcode\sdk\cpp\V5\V5_20220726_10_00_00/vexv5\libv5rt.a(vex_competition.cpp.obj)
                0x03809724                vex::competition::~competition()
                0x03809724                vex::competition::~competition()
 .text._ZN3vex11competition10autonomousEPFvvE
                0x03809728       0x44 c:\Users\trevo\AppData\Roaming\Code\User\globalStorage\vexrobotics.vexcode\sdk\cpp\V5\V5_20220726_10_00_00/vexv5\libv5rt.a(vex_competition.cpp.obj)
                0x03809728                vex::competition::autonomous(void (*)())
 .text._ZN3vex11competition13drivercontrolEPFvvE
                0x0380976c       0x44 c:\Users\trevo\AppData\Roaming\Code\User\globalStorage\vexrobotics.vexcode\sdk\cpp\V5\V5_20220726_10_00_00/vexv5\libv5rt.a(vex_competition.cpp.obj)
                0x0380976c                vex::competition::drivercontrol(void (*)())
 .text._ZN3vex7triportD2Ev
                0x038097b0       0x38 c:\Users\trevo\AppData\Roaming\Code\User\globalStorage\vexrobotics.vexcode\sdk\cpp\V5\V5_20220726_10_00_00/vexv5\libv5rt.a(vex_triport.cpp.obj)
                0x038097b0                vex::triport::~triport()
                0x038097b0                vex::triport::~triport()
 .text._ZN3vex7triportD0Ev
                0x038097e8       0x1c c:\Users\trevo\AppData\Roaming\Code\User\globalStorage\vexrobotics.vexcode\sdk\cpp\V5\V5_20220726_10_00_00/vexv5\libv5rt.a(vex_triport.cpp.obj)
                0x038097e8                vex::triport::~triport()
 .text._ZN3vex7triport9installedEv
                0x03809804       0x18 c:\Users\trevo\AppData\Roaming\Code\User\globalStorage\vexrobotics.vexcode\sdk\cpp\V5\V5_20220726_10_00_00/vexv5\libv5rt.a(vex_triport.cpp.obj)
                0x03809804                vex::triport::installed()
 .text._ZN3vex7triport4portC2ElPS0_
                0x0380981c       0x74 c:\Users\trevo\AppData\Roaming\Code\User\globalStorage\vexrobotics.vexcode\sdk\cpp\V5\V5_20220726_10_00_00/vexv5\libv5rt.a(vex_triport.cpp.obj)
                0x0380981c                vex::triport::port::port(long, vex::triport*)
                0x0380981c                vex::triport::port::port(long, vex::triport*)
 .text._ZN3vex7triportC2El
                0x03809890       0xf0 c:\Users\trevo\AppData\Roaming\Code\User\globalStorage\vexrobotics.vexcode\sdk\cpp\V5\V5_20220726_10_00_00/vexv5\libv5rt.a(vex_triport.cpp.obj)
                0x03809890                vex::triport::triport(long)
                0x03809890                vex::triport::triport(long)
 .text._ZN3vex7triport4port4typeENS_11triportTypeE
                0x03809980       0x30 c:\Users\trevo\AppData\Roaming\Code\User\globalStorage\vexrobotics.vexcode\sdk\cpp\V5\V5_20220726_10_00_00/vexv5\libv5rt.a(vex_triport.cpp.obj)
                0x03809980                vex::triport::port::type(vex::triportType)
 .text._ZN3vex7triport4port4typeEv
                0x038099b0       0x38 c:\Users\trevo\AppData\Roaming\Code\User\globalStorage\vexrobotics.vexcode\sdk\cpp\V5\V5_20220726_10_00_00/vexv5\libv5rt.a(vex_triport.cpp.obj)
                0x038099b0                vex::triport::port::type()
 .text._ZN3vex7triport4port5valueEv
                0x038099e8       0x14 c:\Users\trevo\AppData\Roaming\Code\User\globalStorage\vexrobotics.vexcode\sdk\cpp\V5\V5_20220726_10_00_00/vexv5\libv5rt.a(vex_triport.cpp.obj)
                0x038099e8                vex::triport::port::value()
 .text._ZN3vex7triport4port5valueEl
                0x038099fc       0x18 c:\Users\trevo\AppData\Roaming\Code\User\globalStorage\vexrobotics.vexcode\sdk\cpp\V5\V5_20220726_10_00_00/vexv5\libv5rt.a(vex_triport.cpp.obj)
                0x038099fc                vex::triport::port::value(long)
 *fill*         0x03809a14        0x4 