Archive member included because of file (symbol)

c:\Users\trevo\AppData\Roaming\Code\User\globalStorage\vexrobotics.vexcode\sdk\cpp\V5\V5_20220726_10_00_00/vexv5\libv5rt.a(v5_startup.c.obj)
                              (vexStartup)
c:\Users\trevo\AppData\Roaming\Code\User\globalStorage\vexrobotics.vexcode\sdk\cpp\V5\V5_20220726_10_00_00/vexv5\libv5rt.a(v5_util.c.obj)
                              c:\Users\trevo\AppData\Roaming\Code\User\globalStorage\vexrobotics.vexcode\sdk\cpp\V5\V5_20220726_10_00_00/vexv5\libv5rt.a(v5_startup.c.obj) (vexStdlibVersionLinked)
c:\Users\trevo\AppData\Roaming\Code\User\globalStorage\vexrobotics.vexcode\sdk\cpp\V5\V5_20220726_10_00_00/vexv5\libv5rt.a(v5_apijump.c.obj)
                              c:\Users\trevo\AppData\Roaming\Code\User\globalStorage\vexrobotics.vexcode\sdk\cpp\V5\V5_20220726_10_00_00/vexv5\libv5rt.a(v5_startup.c.obj) (vexPrivateApiEnable)
c:\Users\trevo\AppData\Roaming\Code\User\globalStorage\vexrobotics.vexcode\sdk\cpp\V5\V5_20220726_10_00_00/vexv5\libv5rt.a(v5_apiversions.c.obj)
                              c:\Users\trevo\AppData\Roaming\Code\User\globalStorage\vexrobotics.vexcode\sdk\cpp\V5\V5_20220726_10_00_00/vexv5\libv5rt.a(v5_apijump.c.obj) (vexSystemVersion)
c:\Users\trevo\AppData\Roaming\Code\User\globalStorage\vexrobotics.vexcode\sdk\cpp\V5\V5_20220726_10_00_00/vexv5\libv5rt.a(vex_global.cpp.obj)
                              build/src/main.o (vex::wait(double, vex::timeUnits))
c:\Users\trevo\AppData\Roaming\Code\User\globalStorage\vexrobotics.vexcode\sdk\cpp\V5\V5_20220726_10_00_00/vexv5\libv5rt.a(vex_device.cpp.obj)
                              build/src/main.o (vtable for vex::device)
c:\Users\trevo\AppData\Roaming\Code\User\globalStorage\vexrobotics.vexcode\sdk\cpp\V5\V5_20220726_10_00_00/vexv5\libv5rt.a(vex_motor.cpp.obj)
                              build/src/main.o (vex::motor::~motor())
c:\Users\trevo\AppData\Roaming\Code\User\globalStorage\vexrobotics.vexcode\sdk\cpp\V5\V5_20220726_10_00_00/vexv5\libv5rt.a(vex_imu.cpp.obj)
                              build/tntnlibrary/src/drivetrain/sensors/imu.o (vex::inertial::setRotation(double, vex::rotationUnits))
c:\Users\trevo\AppData\Roaming\Code\User\globalStorage\vexrobotics.vexcode\sdk\cpp\V5\V5_20220726_10_00_00/vexv5\libv5rt.a(vex_rotation.cpp.obj)
                              build/tntnlibrary/src/drivetrain/sensors/trackingWheels/trackingWheel.o (vex::rotation::~rotation())
c:\Users\trevo\AppData\Roaming\Code\User\globalStorage\vexrobotics.vexcode\sdk\cpp\V5\V5_20220726_10_00_00/vexv5\libv5rt.a(vex_controller.cpp.obj)
                              build/tntnlibrary/src/defaultDevices.o (vex::controller::~controller())
c:\Users\trevo\AppData\Roaming\Code\User\globalStorage\vexrobotics.vexcode\sdk\cpp\V5\V5_20220726_10_00_00/vexv5\libv5rt.a(vex_task.cpp.obj)
                              build/src/main.o (vex::task::~task())
c:\Users\trevo\AppData\Roaming\Code\User\globalStorage\vexrobotics.vexcode\sdk\cpp\V5\V5_20220726_10_00_00/vexv5\libv5rt.a(vex_thread.cpp.obj)
                              build/src/main.o (vex::thread::thread(int (*)()))
c:\Users\trevo\AppData\Roaming\Code\User\globalStorage\vexrobotics.vexcode\sdk\cpp\V5\V5_20220726_10_00_00/vexv5\libv5rt.a(vex_event.cpp.obj)
                              c:\Users\trevo\AppData\Roaming\Code\User\globalStorage\vexrobotics.vexcode\sdk\cpp\V5\V5_20220726_10_00_00/vexv5\libv5rt.a(vex_imu.cpp.obj) (vex::event::init(unsigned long, unsigned long, void (*)()))
c:\Users\trevo\AppData\Roaming\Code\User\globalStorage\vexrobotics.vexcode\sdk\cpp\V5\V5_20220726_10_00_00/vexv5\libv5rt.a(vex_mevent.cpp.obj)
                              c:\Users\trevo\AppData\Roaming\Code\User\globalStorage\vexrobotics.vexcode\sdk\cpp\V5\V5_20220726_10_00_00/vexv5\libv5rt.a(vex_controller.cpp.obj) (vex::mevent::mevent(unsigned long, unsigned long))
c:\Users\trevo\AppData\Roaming\Code\User\globalStorage\vexrobotics.vexcode\sdk\cpp\V5\V5_20220726_10_00_00/vexv5\libv5rt.a(vex_brain.cpp.obj)
                              build/src/autos.o (vex::brain::timer(vex::timeUnits))
c:\Users\trevo\AppData\Roaming\Code\User\globalStorage\vexrobotics.vexcode\sdk\cpp\V5\V5_20220726_10_00_00/vexv5\libv5rt.a(vex_competition.cpp.obj)
                              build/src/main.o (vex::competition::competition())
c:\Users\trevo\AppData\Roaming\Code\User\globalStorage\vexrobotics.vexcode\sdk\cpp\V5\V5_20220726_10_00_00/vexv5\libv5rt.a(vex_triport.cpp.obj)
                              c:\Users\trevo\AppData\Roaming\Code\User\globalStorage\vexrobotics.vexcode\sdk\cpp\V5\V5_20220726_10_00_00/vexv5\libv5rt.a(vex_brain.cpp.obj) (vex::triport::~triport())
c:\Users\trevo\AppData\Roaming\Code\User\globalStorage\vexrobotics.vexcode\sdk\cpp\V5\V5_20220726_10_00_00/vexv5\libv5rt.a(vex_color.cpp.obj)
[...]
Memory Configuration

Name             Origin             Length             Attributes
ps7_ddr_0_S_AXI_BASEADDR 0x03800000         0x04800000
*default*        0x00000000         0xffffffff

Linker script and memory map

                0x00002000                _STACK_SIZE = DEFINED (_STACK_SIZE)?_STACK_SIZE:0x2000
                0x00100000                _HEAP_SIZE = DEFINED (_HEAP_SIZE)?_HEAP_SIZE:0x100000
                0x00000400                _ABORT_STACK_SIZE = DEFINED (_ABORT_STACK_SIZE)?_ABORT_STACK_SIZE:0x400
                0x00000800                _SUPERVISOR_STACK_SIZE = DEFINED (_SUPERVISOR_STACK_SIZE)?_SUPERVISOR_STACK_SIZE:0x800
                0x00000400                _IRQ_STACK_SIZE = DEFINED (_IRQ_STACK_SIZE)?_IRQ_STACK_SIZE:0x400
                0x00000400                _FIQ_STACK_SIZE = DEFINED (_FIQ_STACK_SIZE)?_FIQ_STACK_SIZE:0x400
                0x00000400                _UNDEF_STACK_SIZE = DEFINED (_UNDEF_STACK_SIZE)?_UNDEF_STACK_SIZE:0x400

.text           0x03800000     0xa868
 *(.vectors)
 *(.boot_data)
 .boot_data     0x03800000       0x20 c:\Users\trevo\AppData\Roaming\Code\User\globalStorage\vexrobotics.vexcode\sdk\cpp\V5\V5_20220726_10_00_00/vexv5\libv5rt.a(v5_startup.c.obj)
                0x03800000                vexCodeSig
                0x00000020                . = 0x20
 *(.boot)
 .boot          0x03800020       0xbc c:\Users\trevo\AppData\Roaming\Code\User\globalStorage\vexrobotics.vexcode\sdk\cpp\V5\V5_20220726_10_00_00/vexv5\libv5rt.a(v5_startup.c.obj)
                0x03800020                vexStartup
                0x03800100                . = ALIGN (0x40)
 *fill*         0x038000dc       0x24 
 *(.freertos_vectors)
 *(.text)
 .text          0x03800100       0x3a c:\Users\trevo\AppData\Roaming\Code\User\globalStorage\vexrobotics.vexcode\sdk\cpp\V5\V5_20220726_10_00_00/vexv5/gcc/libs\libc.a(lib_a-aeabi_memmove-soft.o)
                0x03800100                __aeabi_memmove4
                0x03800100                __aeabi_memmove
                0x03800100                __aeabi_memmove8
 .text          0x0380013a       0x9a c:\Users\trevo\AppData\Roaming\Code\User\globalStorage\vexrobotics.vexcode\sdk\cpp\V5\V5_20220726_10_00_00/vexv5/gcc/libs\libc.a(lib_a-aeabi_memset-soft.o)
                0x0380013a                __aeabi_memset8
                0x0380013a                __aeabi_memset
                0x0380013a                __aeabi_memset4
 *(.text.*)
 *fill*         0x038001d4        0x4 
 .text._ZN7tntnlib10MotorGroupC2IJiiiiEEEN3vex11gearSettingEfDpT_
                0x038001d8      0x1b4 build/src/main.o
                0x038001d8                tntnlib::MotorGroup::MotorGroup<int, int, int, int>(vex::gearSetting, float, int, int, int, int)
 .text._ZN7tntnlib10MotorGroupD2Ev
                0x0380038c       0x1c build/src/main.o
                0x0380038c                tntnlib::MotorGroup::~MotorGroup()
 .text._ZN7tntnlib10MotorGroupC2IJiEEEN3vex11gearSettingEfDpT_
                0x038003a8      0x16c build/src/main.o
                0x038003a8                tntnlib::MotorGroup::MotorGroup<int>(vex::gearSetting, float, int)
 .text._ZN7tntnlib13TrackingWheelD2Ev
                0x03800514       0x60 build/src/main.o
                0x03800514                tntnlib::TrackingWheel::~TrackingWheel()
 .text._ZN7tntnlib4GyroD2Ev
                0x03800574       0x60 build/src/main.o
                0x03800574                tntnlib::Gyro::~Gyro()
 .text._ZN7tntnlib7ChassisC2ENS_10DrivetrainENS_18ControllerSettingsES2_NS_11OdomSensorsE
                0x038005d4      0x140 build/src/main.o
                0x038005d4                tntnlib::Chassis::Chassis(tntnlib::Drivetrain, tntnlib::ControllerSettings, tntnlib::ControllerSettings, tntnlib::OdomSensors)
 .text._ZN7tntnlib7ChassisD2Ev
                0x03800714       0x1c build/src/main.o
                0x03800714                tntnlib::Chassis::~Chassis()
 .text._Z6loggerv
                0x03800730       0xf0 build/src/main.o
                0x03800730                logger()
 .text._Z11chassisLoopv
                0x03800820       0x40 build/src/main.o
                0x03800820                chassisLoop()
 .text._Z12resetThreadsv
                0x03800860       0x6c build/src/main.o
                0x03800860                resetThreads()
 .text._Z9pre_autonv
                0x038008cc       0x44 build/src/main.o
                0x038008cc                pre_auton()
 .text._Z10autonomousv
                0x03800910       0x14 build/src/main.o
                0x03800910                autonomous()
 *fill*         0x03800924        0x4 
 .text._Z11usercontrolv
                0x03800928      0x1b0 build/src/main.o
                0x03800928                usercontrol()
 .text.main     0x03800ad8       0x68 build/src/main.o
                0x03800ad8                main
 .text._ZNSt6vectorIN3vex5motorESaIS1_EED2Ev
                0x03800b40       0x50 build/src/main.o
                0x03800b40                std::vector<vex::motor, std::allocator<vex::motor> >::~vector()
 .text._ZNSt10unique_ptrIN3vex4taskESt14default_deleteIS1_EED2Ev
                0x03800b90       0x30 build/src/main.o
                0x03800b90                std::unique_ptr<vex::task, std::default_delete<vex::task> >::~unique_ptr()
 .text._ZNSt6vectorIN3vex5motorESaIS1_EE6resizeEjRKS1_
                0x03800bc0       0x88 build/src/main.o
                0x03800bc0                std::vector<vex::motor, std::allocator<vex::motor> >::resize(unsigned int, vex::motor const&)
 .text._ZNSt6vectorIN3vex5motorESaIS1_EE14_M_fill_insertEN9__gnu_cxx17__normal_iteratorIPS1_S3_EEjRKS1_
                0x03800c48      0x490 build/src/main.o
                0x03800c48                std::vector<vex::motor, std::allocator<vex::motor> >::_M_fill_insert(__gnu_cxx::__normal_iterator<vex::motor*, std::vector<vex::motor, std::allocator<vex::motor> > >, unsigned int, vex::motor const&)
 .text._ZNKSt6vectorIN3vex5motorESaIS1_EE12_M_check_lenEjPKc
                0x038010d8       0x64 build/src/main.o
                0x038010d8                std::vector<vex::motor, std::allocator<vex::motor> >::_M_check_len(unsigned int, char const*) const
 .text._ZNSt12_Vector_baseIN3vex5motorESaIS1_EE11_M_allocateEj
                0x0380113c       0x3c build/src/main.o
                0x0380113c                std::_Vector_base<vex::motor, std::allocator<vex::motor> >::_M_allocate(unsigned int)
 .text._GLOBAL__sub_I_main.cpp
                0x03801178      0x444 build/src/main.o
 *fill*         0x038015bc        0x4 
 .text._Z9printTimev
                0x038015c0       0x78 build/src/autos.o
                0x038015c0                printTime()
 .text._Z7getTimev
                0x03801638       0x58 build/src/autos.o
                0x03801638                getTime()
 .text._Z9startAutofff
                0x03801690       0xf4 build/src/autos.o
                0x03801690                startAuto(float, float, float)
 .text._Z8stopAutov
                0x03801784       0x78 build/src/autos.o
                0x03801784                stopAuto()
 *fill*         0x038017fc        0x4 
 .text._Z19programming_skills2v
                0x03801800      0xfe8 build/src/autos.o
                0x03801800                programming_skills2()
 .text._ZN7tntnlib4PathC2Effffffffi
                0x038027e8       0xd4 build/src/autos.o
                0x038027e8                tntnlib::Path::Path(float, float, float, float, float, float, float, float, int)
 .text._ZNSt6vectorIfSaIfEEC2EjRKS0_
                0x038028bc       0x54 build/src/autos.o
                0x038028bc                std::vector<float, std::allocator<float> >::vector(unsigned int, std::allocator<float> const&)
 .text._ZNSt12_Vector_baseIfSaIfEE11_M_allocateEj
                0x03802910       0x30 build/src/autos.o
                0x03802910                std::_Vector_base<float, std::allocator<float> >::_M_allocate(unsigned int)
 .text._GLOBAL__sub_I_autos.cpp
                0x03802940       0x70 build/src/autos.o
 .text._ZN7tntnlib4slewEfff
                0x038029b0       0x4c build/tntnlibrary/src/util.o
                0x038029b0                tntnlib::slew(float, float, float)
 *fill*         0x038029fc        0x4 
 .text._ZN7tntnlib8radToDegEf
                0x03802a00       0x34 build/tntnlibrary/src/util.o
                0x03802a00                tntnlib::radToDeg(float)
 *fill*         0x03802a34        0x4 
 .text._ZN7tntnlib8degToRadEf
                0x03802a38       0x38 build/tntnlibrary/src/util.o
                0x03802a38                tntnlib::degToRad(float)
 .text._ZN7tntnlib20degToStandardFormRadEf
                0x03802a70       0x48 build/tntnlibrary/src/util.o
                0x03802a70                tntnlib::degToStandardFormRad(float)
 .text._ZN7tntnlib20StandardFormRadToDegEf
                0x03802ab8       0x48 build/tntnlibrary/src/util.o
                0x03802ab8                tntnlib::StandardFormRadToDeg(float)
 .text._ZN7tntnlib10angleErrorEffb
                0x03802b00       0xc8 build/tntnlibrary/src/util.o
                0x03802b00                tntnlib::angleError(float, float, bool)
 .text._ZN7tntnlib3sgnEf
                0x03802bc8       0x18 build/tntnlibrary/src/util.o
                0x03802bc8                tntnlib::sgn(float)
 .text._ZN7tntnlib5clampEfff
                0x03802be0       0x2c build/tntnlibrary/src/util.o
                0x03802be0                tntnlib::clamp(float, float, float)
 *fill*         0x03802c0c        0x4 
 .text._ZN7tntnlib4timeEb
                0x03802c10       0x58 build/tntnlibrary/src/util.o
                0x03802c10                tntnlib::time(bool)
 .text._ZN7tntnlib12getCurvatureENS_4PoseES0_
                0x03802c68      0x160 build/tntnlibrary/src/util.o
                0x03802c68                tntnlib::getCurvature(tntnlib::Pose, tntnlib::Pose)
 .text._ZN7tntnlib13screenReadoutEv
                0x03802dc8      0x37c build/tntnlibrary/src/screenReadout.o
                0x03802dc8                tntnlib::screenReadout()
 .text._ZN7tntnlib5FAPID8setGainsEfffff
                0x03803144       0x18 build/tntnlibrary/src/pid.o
                0x03803144                tntnlib::FAPID::setGains(float, float, float, float, float)
 .text._ZN7tntnlib5FAPID11setIntegralEff
                0x0380315c        0xc build/tntnlibrary/src/pid.o
                0x0380315c                tntnlib::FAPID::setIntegral(float, float)
 .text._ZN7tntnlib5FAPID6updateEffb
                0x03803168      0x114 build/tntnlibrary/src/pid.o
                0x03803168                tntnlib::FAPID::update(float, float, bool)
 .text._ZN7tntnlib5FAPID5resetEv
                0x0380327c       0x14 build/tntnlibrary/src/pid.o
                0x0380327c                tntnlib::FAPID::reset()
 .text._GLOBAL__sub_I_pid.cpp
                0x03803290       0xd0 build/tntnlibrary/src/pid.o
 .text._ZN7tntnlib10MotorGroup12setBrakeTypeEN3vex9brakeTypeE
                0x03803360        0x8 build/tntnlibrary/src/motorGroup.o
                0x03803360                tntnlib::MotorGroup::setBrakeType(vex::brakeType)
 .text._ZN7tntnlib10MotorGroup4stopEN3vex9brakeTypeE
                0x03803368       0x70 build/tntnlibrary/src/motorGroup.o
                0x03803368                tntnlib::MotorGroup::stop(vex::brakeType)
 .text._ZN7tntnlib10MotorGroup9spinVoltsEf
                0x038033d8       0xb8 build/tntnlibrary/src/motorGroup.o
                0x038033d8                tntnlib::MotorGroup::spinVolts(float)
 .text._ZN7tntnlib10MotorGroup7spinPctEf
                0x03803490       0x80 build/tntnlibrary/src/motorGroup.o
                0x03803490                tntnlib::MotorGroup::spinPct(float)
 .text._ZN7tntnlib10MotorGroup15driverTwoButtonEbbff
                0x03803510       0x28 build/tntnlibrary/src/motorGroup.o
                0x03803510                tntnlib::MotorGroup::driverTwoButton(bool, bool, float, float)
 .text._GLOBAL__sub_I_motorGroup.cpp
                0x03803538       0x34 build/tntnlibrary/src/motorGroup.o
 .text._GLOBAL__sub_I_defaultDevices.cpp
                0x0380356c       0x34 build/tntnlibrary/src/defaultDevices.o
 .text._ZN7tntnlib4PoseC2Efff
                0x038035a0        0x8 build/tntnlibrary/src/drivetrain/pose.o
                0x038035a0                tntnlib::Pose::Pose(float, float, float)
                0x038035a0                tntnlib::Pose::Pose(float, float, float)
 .text._ZN7tntnlib4PosemiERKS0_
                0x038035a8       0x2c build/tntnlibrary/src/drivetrain/pose.o
                0x038035a8                tntnlib::Pose::operator-(tntnlib::Pose const&)
 .text._ZN7tntnlib4Pose8distanceES0_
                0x038035d4       0x44 build/tntnlibrary/src/drivetrain/pose.o
                0x038035d4                tntnlib::Pose::distance(tntnlib::Pose)
 .text._ZN7tntnlib4Pose5angleES0_
                0x03803618       0x44 build/tntnlibrary/src/drivetrain/pose.o
                0x03803618                tntnlib::Pose::angle(tntnlib::Pose)
 .text._ZN7tntnlib4Pose6rotateEf
                0x0380365c       0xe4 build/tntnlibrary/src/drivetrain/pose.o
                0x0380365c                tntnlib::Pose::rotate(float)
 .text._ZN7tntnlib6ButtonC2Ev
                0x03803740       0x10 build/tntnlibrary/src/opcontrol/button.o
                0x03803740                tntnlib::Button::Button()
                0x03803740                tntnlib::Button::Button()
 .text._ZN7tntnlib6Button6updateEb
                0x03803750       0x10 build/tntnlibrary/src/opcontrol/button.o
                0x03803750                tntnlib::Button::update(bool)
 .text._ZN7tntnlib13updateButtonsEv
                0x03803760      0x134 build/tntnlibrary/src/opcontrol/controller.o
                0x03803760                tntnlib::updateButtons()
 .text._GLOBAL__sub_I_controller.cpp
                0x03803894       0x9c build/tntnlibrary/src/opcontrol/controller.o
 .text._ZN7tntnlib8Odometry9calibrateEb
                0x03803930       0xd0 build/tntnlibrary/src/drivetrain/chassis/odom.o
                0x03803930                tntnlib::Odometry::calibrate(bool)
 .text._ZN7tntnlib8Odometry7getPoseEv
                0x03803a00       0x14 build/tntnlibrary/src/drivetrain/chassis/odom.o
                0x03803a00                tntnlib::Odometry::getPose()
 .text._ZN7tntnlib8Odometry7setPoseENS_4PoseE
                0x03803a14        0x8 build/tntnlibrary/src/drivetrain/chassis/odom.o
                0x03803a14                tntnlib::Odometry::setPose(tntnlib::Pose)
 .text._ZN7tntnlib8Odometry6updateEv
                0x03803a1c      0x320 build/tntnlibrary/src/drivetrain/chassis/odom.o
                0x03803a1c                tntnlib::Odometry::update()
 *fill*         0x03803d3c        0x4 
 .text._ZN7tntnlib13sherbertCurveEfffff
                0x03803d40       0xf4 build/tntnlibrary/src/drivetrain/chassis/opcontrol.o
                0x03803d40                tntnlib::sherbertCurve(float, float, float, float, float)
 .text._ZN7tntnlib7Chassis4tankEiiffff
                0x03803e34       0x94 build/tntnlibrary/src/drivetrain/chassis/opcontrol.o
                0x03803e34                tntnlib::Chassis::tank(int, int, float, float, float, float)
 .text._ZN7tntnlib7Chassis6arcadeEiiffff
                0x03803ec8       0xa8 build/tntnlibrary/src/drivetrain/chassis/opcontrol.o
                0x03803ec8                tntnlib::Chassis::arcade(int, int, float, float, float, float)
 .text._ZN7tntnlib7Chassis10initializeEbfff
                0x03803f70       0x5c build/tntnlibrary/src/drivetrain/chassis/chassis.o
                0x03803f70                tntnlib::Chassis::initialize(bool, float, float, float)
 .text._ZN7tntnlib7Chassis7getPoseEb
                0x03803fcc       0x30 build/tntnlibrary/src/drivetrain/chassis/chassis.o
                0x03803fcc                tntnlib::Chassis::getPose(bool)
 .text._ZN7tntnlib7Chassis9setOffsetEff
                0x03803ffc        0xc build/tntnlibrary/src/drivetrain/chassis/chassis.o
                0x03803ffc                tntnlib::Chassis::setOffset(float, float)
 .text._ZN7tntnlib7Chassis14waitUntilErrorERff
                0x03804008       0xc8 build/tntnlibrary/src/drivetrain/chassis/chassis.o
                0x03804008                tntnlib::Chassis::waitUntilError(float&, float)
 .text._ZN7tntnlib7Chassis8LineWaitEffff
                0x038040d0      0x130 build/tntnlibrary/src/drivetrain/chassis/chassis.o
                0x038040d0                tntnlib::Chassis::LineWait(float, float, float, float)
 .text._ZN7tntnlib7Chassis12turnSettingsEfff
                0x03804200       0x64 build/tntnlibrary/src/drivetrain/chassis/chassis.o
                0x03804200                tntnlib::Chassis::turnSettings(float, float, float)
 .text._ZN7tntnlib7Chassis14moveToSettingsEfffffff
                0x03804264       0xa0 build/tntnlibrary/src/drivetrain/chassis/chassis.o
                0x03804264                tntnlib::Chassis::moveToSettings(float, float, float, float, float, float, float)
 .text._ZN7tntnlib7Chassis10turnToPoseEffbfffff
                0x03804304       0x84 build/tntnlibrary/src/drivetrain/chassis/chassis.o
                0x03804304                tntnlib::Chassis::turnToPose(float, float, bool, float, float, float, float, float)
 .text._ZN7tntnlib7Chassis13turnToHeadingEfbfffff
                0x03804388       0x68 build/tntnlibrary/src/drivetrain/chassis/chassis.o
                0x03804388                tntnlib::Chassis::turnToHeading(float, bool, float, float, float, float, float)
 .text._ZN7tntnlib7Chassis15stateMachineOffEv
                0x038043f0        0xc build/tntnlibrary/src/drivetrain/chassis/chassis.o
                0x038043f0                tntnlib::Chassis::stateMachineOff()
 .text._ZN7tntnlib7Chassis21SwingOnRightToHeadingEfbfffff
                0x038043fc       0xa8 build/tntnlibrary/src/drivetrain/chassis/chassis.o
                0x038043fc                tntnlib::Chassis::SwingOnRightToHeading(float, bool, float, float, float, float, float)
 .text._ZN7tntnlib7Chassis3pidEffbffffffffff
                0x038044a4       0xbc build/tntnlibrary/src/drivetrain/chassis/chassis.o
                0x038044a4                tntnlib::Chassis::pid(float, float, bool, float, float, float, float, float, float, float, float, float, float)
 .text._ZN7tntnlib7Chassis6moveToEffbffffffffff
                0x03804560       0xa4 build/tntnlibrary/src/drivetrain/chassis/chassis.o
                0x03804560                tntnlib::Chassis::moveTo(float, float, bool, float, float, float, float, float, float, float, float, float, float)
 .text._ZN7tntnlib7Chassis6followERNS_4PathEbfffffffffff
                0x03804604      0x200 build/tntnlibrary/src/drivetrain/chassis/chassis.o
                0x03804604                tntnlib::Chassis::follow(tntnlib::Path&, bool, float, float, float, float, float, float, float, float, float, float, float)
 .text._ZN7tntnlib7Chassis13autoTankVoltsEff
                0x03804804       0x14 build/tntnlibrary/src/drivetrain/chassis/chassis.o
                0x03804804                tntnlib::Chassis::autoTankVolts(float, float)
 .text._ZN7tntnlib7Chassis14stateMachineOnEv
                0x03804818        0xc build/tntnlibrary/src/drivetrain/chassis/chassis.o
                0x03804818                tntnlib::Chassis::stateMachineOn()
 .text._ZN7tntnlib7Chassis12stateMachineEv
                0x03804824      0x108 build/tntnlibrary/src/drivetrain/chassis/chassis.o
                0x03804824                tntnlib::Chassis::stateMachine()
 .text._ZN7tntnlib7Chassis6updateEv
                0x0380492c       0x80 build/tntnlibrary/src/drivetrain/chassis/chassis.o
                0x0380492c                tntnlib::Chassis::update()
 .text._ZNSt6vectorIfSaIfEEC2ERKS1_
                0x038049ac       0x78 build/tntnlibrary/src/drivetrain/chassis/chassis.o
                0x038049ac                std::vector<float, std::allocator<float> >::vector(std::vector<float, std::allocator<float> > const&)
 .text._GLOBAL__sub_I_chassis.cpp
                0x03804a24      0x128 build/tntnlibrary/src/drivetrain/chassis/chassis.o
 .text._ZN7tntnlib4PathD2Ev
                0x03804b4c       0x84 build/tntnlibrary/src/drivetrain/movements/moveTo.o
                0x03804b4c                tntnlib::Path::~Path()
 .text._ZN7tntnlib6MoveTo6paramsENS_4PoseEbff
                0x03804bd0       0x58 build/tntnlibrary/src/drivetrain/movements/moveTo.o
                0x03804bd0                tntnlib::MoveTo::params(tntnlib::Pose, bool, float, float)
 .text._ZN7tntnlib6MoveTo6paramsENS_4PoseENS_4PathEbffff
                0x03804c28      0x110 build/tntnlibrary/src/drivetrain/movements/moveTo.o
                0x03804c28                tntnlib::MoveTo::params(tntnlib::Pose, tntnlib::Path, bool, float, float, float, float)
 .text._ZN7tntnlib6MoveTo12updateTargetERNS_4PoseE
                0x03804d38       0xa0 build/tntnlibrary/src/drivetrain/movements/moveTo.o
                0x03804d38                tntnlib::MoveTo::updateTarget(tntnlib::Pose&)
 .text._ZN7tntnlib6MoveTo6updateENS_4PoseES1_
                0x03804dd8      0x3fc build/tntnlibrary/src/drivetrain/movements/moveTo.o
                0x03804dd8                tntnlib::MoveTo::update(tntnlib::Pose, tntnlib::Pose)
 .text._ZNSt6vectorIfSaIfEEaSERKS1_
                0x038051d4      0x104 build/tntnlibrary/src/drivetrain/movements/moveTo.o
                0x038051d4                std::vector<float, std::allocator<float> >::operator=(std::vector<float, std::allocator<float> > const&)
 .text._GLOBAL__sub_I_moveTo.cpp
                0x038052d8      0x12c build/tntnlibrary/src/drivetrain/movements/moveTo.o
 .text._ZN7tntnlib4Turn6paramsEfbfbbb
                0x03805404       0x3c build/tntnlibrary/src/drivetrain/movements/turn.o
                0x03805404                tntnlib::Turn::params(float, bool, float, bool, bool, bool)
 .text._ZN7tntnlib4Turn6paramsENS_4PoseEbfbbb
                0x03805440       0x48 build/tntnlibrary/src/drivetrain/movements/turn.o
                0x03805440                tntnlib::Turn::params(tntnlib::Pose, bool, float, bool, bool, bool)
 .text._ZN7tntnlib4Turn6updateENS_4PoseE
                0x03805488      0x15c build/tntnlibrary/src/drivetrain/movements/turn.o
                0x03805488                tntnlib::Turn::update(tntnlib::Pose)
 .text._GLOBAL__sub_I_turn.cpp
                0x038055e4       0x84 build/tntnlibrary/src/drivetrain/movements/turn.o
 .text._ZN7tntnlib7ProfileD2Ev
                0x03805668       0x44 build/tntnlibrary/src/drivetrain/movements/mpFollower.o
                0x03805668                tntnlib::Profile::~Profile()
 .text._GLOBAL__sub_I_mpFollower.cpp
                0x038056ac       0x60 build/tntnlibrary/src/drivetrain/movements/mpFollower.o
 .text._ZN7tntnlib11straightPid6paramsEbbbffffNS_4PoseE
                0x0380570c       0xc4 build/tntnlibrary/src/drivetrain/movements/straightPid.o
                0x0380570c                tntnlib::straightPid::params(bool, bool, bool, float, float, float, float, tntnlib::Pose)
 .text._ZN7tntnlib11straightPid6updateENS_4PoseE
                0x038057d0      0x1dc build/tntnlibrary/src/drivetrain/movements/straightPid.o
                0x038057d0                tntnlib::straightPid::update(tntnlib::Pose)
 .text._GLOBAL__sub_I_straightPid.cpp
                0x038059ac       0x68 build/tntnlibrary/src/drivetrain/movements/straightPid.o
 .text._ZN7tntnlib11PurePursuit18searchForIntersectERNS_4PathERNS_4PoseEf
                0x03805a14      0x418 build/tntnlibrary/src/drivetrain/pathing/purePursuit.o
                0x03805a14                tntnlib::PurePursuit::searchForIntersect(tntnlib::Path&, tntnlib::Pose&, float)
 .text._ZN7tntnlib11PurePursuit16getNextIntersectERNS_4PathERNS_4PoseEf
                0x03805e2c       0x94 build/tntnlibrary/src/drivetrain/pathing/purePursuit.o
                0x03805e2c                tntnlib::PurePursuit::getNextIntersect(tntnlib::Path&, tntnlib::Pose&, float)
 .text._GLOBAL__sub_I_purePursuit.cpp
                0x03805ec0       0x74 build/tntnlibrary/src/drivetrain/pathing/purePursuit.o
 .text._ZN7tntnlib4Path18cubicInterpolateD1Efffff
                0x03805f34       0x90 build/tntnlibrary/src/drivetrain/pathing/cubicBezier.o
                0x03805f34                tntnlib::Path::cubicInterpolateD1(float, float, float, float, float)
 *fill*         0x03805fc4        0x4 
 .text._ZN7tntnlib4Path33cubicInterpolateDerivativeDegreesEf
                0x03805fc8       0xa0 build/tntnlibrary/src/drivetrain/pathing/cubicBezier.o
                0x03805fc8                tntnlib::Path::cubicInterpolateDerivativeDegrees(float)
 .text._ZN7tntnlib4Path12generatePathEv
                0x03806068      0x22c build/tntnlibrary/src/drivetrain/pathing/cubicBezier.o
                0x03806068                tntnlib::Path::generatePath()
 .text._GLOBAL__sub_I_cubicBezier.cpp
                0x03806294       0x34 build/tntnlibrary/src/drivetrain/pathing/cubicBezier.o
 .text._ZN7tntnlib4GyroC2Eif
                0x038062c8       0x40 build/tntnlibrary/src/drivetrain/sensors/gyro.o
                0x038062c8                tntnlib::Gyro::Gyro(int, float)
                0x038062c8                tntnlib::Gyro::Gyro(int, float)
 .text._ZN7tntnlib4Gyro9calibrateEv
                0x03806308       0x10 build/tntnlibrary/src/drivetrain/sensors/gyro.o
                0x03806308                tntnlib::Gyro::calibrate()
 .text._ZN7tntnlib4Gyro13isCalibratingEv
                0x03806318       0x10 build/tntnlibrary/src/drivetrain/sensors/gyro.o
                0x03806318                tntnlib::Gyro::isCalibrating()
 .text._ZN7tntnlib4Gyro8rotationEv
                0x03806328       0x10 build/tntnlibrary/src/drivetrain/sensors/gyro.o
                0x03806328                tntnlib::Gyro::rotation()
 .text._ZNSt12__shared_ptrIN7tntnlib3ImuELN9__gnu_cxx12_Lock_policyE0EEC2ISaIS1_EJRiRfEEESt19_Sp_make_shared_tagRKT_DpOT0_
                0x03806338       0xbc build/tntnlibrary/src/drivetrain/sensors/gyro.o
                0x03806338                std::__shared_ptr<tntnlib::Imu, (__gnu_cxx::_Lock_policy)0>::__shared_ptr<std::allocator<tntnlib::Imu>, int&, float&>(std::_Sp_make_shared_tag, std::allocator<tntnlib::Imu> const&, int&, float&)
 .text._ZNSt19_Sp_counted_deleterIPN7tntnlib3ImuENSt12__shared_ptrIS1_LN9__gnu_cxx12_Lock_policyE0EE8_DeleterISaIS1_EEES8_LS5_0EED2Ev
                0x038063f4        0x4 build/tntnlibrary/src/drivetrain/sensors/gyro.o
                0x038063f4                std::_Sp_counted_deleter<tntnlib::Imu*, std::__shared_ptr<tntnlib::Imu, (__gnu_cxx::_Lock_policy)0>::_Deleter<std::allocator<tntnlib::Imu> >, std::allocator<tntnlib::Imu>, (__gnu_cxx::_Lock_policy)0>::~_Sp_counted_deleter()
 .text._ZNSt19_Sp_counted_deleterIPN7tntnlib3ImuENSt12__shared_ptrIS1_LN9__gnu_cxx12_Lock_policyE0EE8_DeleterISaIS1_EEES8_LS5_0EED0Ev
                0x038063f8        0x4 build/tntnlibrary/src/drivetrain/sensors/gyro.o
                0x038063f8                std::_Sp_counted_deleter<tntnlib::Imu*, std::__shared_ptr<tntnlib::Imu, (__gnu_cxx::_Lock_policy)0>::_Deleter<std::allocator<tntnlib::Imu> >, std::allocator<tntnlib::Imu>, (__gnu_cxx::_Lock_policy)0>::~_Sp_counted_deleter()
 .text._ZNSt19_Sp_counted_deleterIPN7tntnlib3ImuENSt12__shared_ptrIS1_LN9__gnu_cxx12_Lock_policyE0EE8_DeleterISaIS1_EEES8_LS5_0EE10_M_disposeEv
                0x038063fc       0x30 build/tntnlibrary/src/drivetrain/sensors/gyro.o
                0x038063fc                std::_Sp_counted_deleter<tntnlib::Imu*, std::__shared_ptr<tntnlib::Imu, (__gnu_cxx::_Lock_policy)0>::_Deleter<std::allocator<tntnlib::Imu> >, std::allocator<tntnlib::Imu>, (__gnu_cxx::_Lock_policy)0>::_M_dispose()
 .text._ZNSt19_Sp_counted_deleterIPN7tntnlib3ImuENSt12__shared_ptrIS1_LN9__gnu_cxx12_Lock_policyE0EE8_DeleterISaIS1_EEES8_LS5_0EE10_M_destroyEv
                0x0380642c        0x4 build/tntnlibrary/src/drivetrain/sensors/gyro.o
                0x0380642c                std::_Sp_counted_deleter<tntnlib::Imu*, std::__shared_ptr<tntnlib::Imu, (__gnu_cxx::_Lock_policy)0>::_Deleter<std::allocator<tntnlib::Imu> >, std::allocator<tntnlib::Imu>, (__gnu_cxx::_Lock_policy)0>::_M_destroy()
 .text._ZNSt19_Sp_counted_deleterIPN7tntnlib3ImuENSt12__shared_ptrIS1_LN9__gnu_cxx12_Lock_policyE0EE8_DeleterISaIS1_EEES8_LS5_0EE14_M_get_deleterERKSt9type_info
                0x03806430        0x8 build/tntnlibrary/src/drivetrain/sensors/gyro.o
                0x03806430                std::_Sp_counted_deleter<tntnlib::Imu*, std::__shared_ptr<tntnlib::Imu, (__gnu_cxx::_Lock_policy)0>::_Deleter<std::allocator<tntnlib::Imu> >, std::allocator<tntnlib::Imu>, (__gnu_cxx::_Lock_policy)0>::_M_get_deleter(std::type_info const&)
 .text._ZN7tntnlib3ImuC2Eif
                0x03806438       0x44 build/tntnlibrary/src/drivetrain/sensors/imu.o
                0x03806438                tntnlib::Imu::Imu(int, float)
                0x03806438                tntnlib::Imu::Imu(int, float)
 .text._ZN7tntnlib3Imu8rotationEv
                0x0380647c       0x3c build/tntnlibrary/src/drivetrain/sensors/imu.o
                0x0380647c                tntnlib::Imu::rotation()
 .text._ZN7tntnlib3Imu5setToEf
                0x038064b8       0x38 build/tntnlibrary/src/drivetrain/sensors/imu.o
                0x038064b8                tntnlib::Imu::setTo(float)
 .text._ZN7tntnlib3Imu9calibrateEv
                0x038064f0        0xc build/tntnlibrary/src/drivetrain/sensors/imu.o
                0x038064f0                tntnlib::Imu::calibrate()
 .text._ZN7tntnlib3Imu13isCalibratingEv
                0x038064fc        0x8 build/tntnlibrary/src/drivetrain/sensors/imu.o
                0x038064fc                tntnlib::Imu::isCalibrating()
 .text._GLOBAL__sub_I_imu.cpp
                0x03806504       0x34 build/tntnlibrary/src/drivetrain/sensors/imu.o
 .text._ZN7tntnlib9kinematic16accelerationTimeEff
                0x03806538       0x18 build/tntnlibrary/src/drivetrain/movements/motionProfiling/kinematics.o
                0x03806538                tntnlib::kinematic::accelerationTime(float, float)
 .text._ZN7tntnlib9kinematic20accelerationDistanceEfff
                0x03806550       0x44 build/tntnlibrary/src/drivetrain/movements/motionProfiling/kinematics.o
                0x03806550                tntnlib::kinematic::accelerationDistance(float, float, float)
 .text._ZN7tntnlib7Profile11profileTimeEv
                0x03806594      0x154 build/tntnlibrary/src/drivetrain/movements/motionProfiling/profiler.o
                0x03806594                tntnlib::Profile::profileTime()
 .text._ZN7tntnlib7Profile15generateProfileEv
                0x038066e8      0x2a4 build/tntnlibrary/src/drivetrain/movements/motionProfiling/profiler.o
                0x038066e8                tntnlib::Profile::generateProfile()
 .text._ZNSt6vectorIfSaIfEE6resizeEj
                0x0380698c       0x30 build/tntnlibrary/src/drivetrain/movements/motionProfiling/profiler.o
                0x0380698c                std::vector<float, std::allocator<float> >::resize(unsigned int)
 .text._ZNSt6vectorIfSaIfEE17_M_default_appendEj
                0x038069bc       0xcc build/tntnlibrary/src/drivetrain/movements/motionProfiling/profiler.o
                0x038069bc                std::vector<float, std::allocator<float> >::_M_default_append(unsigned int)
 .text._ZNKSt6vectorIfSaIfEE12_M_check_lenEjPKc
                0x03806a88       0x54 build/tntnlibrary/src/drivetrain/movements/motionProfiling/profiler.o
                0x03806a88                std::vector<float, std::allocator<float> >::_M_check_len(unsigned int, char const*) const
 .text._ZN7tntnlib13TrackingWheelC2ERN3vex7triport4portEfff
                0x03806adc       0x44 build/tntnlibrary/src/drivetrain/sensors/trackingWheels/trackingWheel.o
                0x03806adc                tntnlib::TrackingWheel::TrackingWheel(vex::triport::port&, float, float, float)
                0x03806adc                tntnlib::TrackingWheel::TrackingWheel(vex::triport::port&, float, float, float)
 .text._ZN7tntnlib13TrackingWheel11getDistanceEv
                0x03806b20       0x38 build/tntnlibrary/src/drivetrain/sensors/trackingWheels/trackingWheel.o
                0x03806b20                tntnlib::TrackingWheel::getDistance()
 .text._ZNK7tntnlib13TrackingWheel9getOffsetEv
                0x03806b58        0x8 build/tntnlibrary/src/drivetrain/sensors/trackingWheels/trackingWheel.o
                0x03806b58                tntnlib::TrackingWheel::getOffset() const
 .text._ZNSt12__shared_ptrIN7tntnlib14OpticalEncoderELN9__gnu_cxx12_Lock_policyE0EEC2ISaIS1_EJRN3vex7triport4portERfEEESt19_Sp_make_shared_tagRKT_DpOT0_
                0x03806b60       0xbc build/tntnlibrary/src/drivetrain/sensors/trackingWheels/trackingWheel.o
                0x03806b60                std::__shared_ptr<tntnlib::OpticalEncoder, (__gnu_cxx::_Lock_policy)0>::__shared_ptr<std::allocator<tntnlib::OpticalEncoder>, vex::triport::port&, float&>(std::_Sp_make_shared_tag, std::allocator<tntnlib::OpticalEncoder> const&, vex::triport::port&, float&)
 .text._ZNSt19_Sp_counted_deleterIPN7tntnlib14OpticalEncoderENSt12__shared_ptrIS1_LN9__gnu_cxx12_Lock_policyE0EE8_DeleterISaIS1_EEES8_LS5_0EED2Ev
                0x03806c1c        0x4 build/tntnlibrary/src/drivetrain/sensors/trackingWheels/trackingWheel.o
                0x03806c1c                std::_Sp_counted_deleter<tntnlib::OpticalEncoder*, std::__shared_ptr<tntnlib::OpticalEncoder, (__gnu_cxx::_Lock_policy)0>::_Deleter<std::allocator<tntnlib::OpticalEncoder> >, std::allocator<tntnlib::OpticalEncoder>, (__gnu_cxx::_Lock_policy)0>::~_Sp_counted_deleter()
 .text._ZNSt19_Sp_counted_deleterIPN7tntnlib14OpticalEncoderENSt12__shared_ptrIS1_LN9__gnu_cxx12_Lock_policyE0EE8_DeleterISaIS1_EEES8_LS5_0EED0Ev
                0x03806c20        0x4 build/tntnlibrary/src/drivetrain/sensors/trackingWheels/trackingWheel.o
                0x03806c20                std::_Sp_counted_deleter<tntnlib::OpticalEncoder*, std::__shared_ptr<tntnlib::OpticalEncoder, (__gnu_cxx::_Lock_policy)0>::_Deleter<std::allocator<tntnlib::OpticalEncoder> >, std::allocator<tntnlib::OpticalEncoder>, (__gnu_cxx::_Lock_policy)0>::~_Sp_counted_deleter()
 .text._ZNSt19_Sp_counted_deleterIPN7tntnlib14OpticalEncoderENSt12__shared_ptrIS1_LN9__gnu_cxx12_Lock_policyE0EE8_DeleterISaIS1_EEES8_LS5_0EE10_M_disposeEv
                0x03806c24       0x30 build/tntnlibrary/src/drivetrain/sensors/trackingWheels/trackingWheel.o
                0x03806c24                std::_Sp_counted_deleter<tntnlib::OpticalEncoder*, std::__shared_ptr<tntnlib::OpticalEncoder, (__gnu_cxx::_Lock_policy)0>::_Deleter<std::allocator<tntnlib::OpticalEncoder> >, std::allocator<tntnlib::OpticalEncoder>, (__gnu_cxx::_Lock_policy)0>::_M_dispose()
 .text._ZNSt19_Sp_counted_deleterIPN7tntnlib14OpticalEncoderENSt12__shared_ptrIS1_LN9__gnu_cxx12_Lock_policyE0EE8_DeleterISaIS1_EEES8_LS5_0EE10_M_destroyEv
                0x03806c54        0x4 build/tntnlibrary/src/drivetrain/sensors/trackingWheels/trackingWheel.o
                0x03806c54                std::_Sp_counted_deleter<tntnlib::OpticalEncoder*, std::__shared_ptr<tntnlib::OpticalEncoder, (__gnu_cxx::_Lock_policy)0>::_Deleter<std::allocator<tntnlib::OpticalEncoder> >, std::allocator<tntnlib::OpticalEncoder>, (__gnu_cxx::_Lock_policy)0>::_M_destroy()
 .text._ZNSt19_Sp_counted_deleterIPN7tntnlib14OpticalEncoderENSt12__shared_ptrIS1_LN9__gnu_cxx12_Lock_policyE0EE8_DeleterISaIS1_EEES8_LS5_0EE14_M_get_deleterERKSt9type_info
                0x03806c58        0x8 build/tntnlibrary/src/drivetrain/sensors/trackingWheels/trackingWheel.o
                0x03806c58                std::_Sp_counted_deleter<tntnlib::OpticalEncoder*, std::__shared_ptr<tntnlib::OpticalEncoder, (__gnu_cxx::_Lock_policy)0>::_Deleter<std::allocator<tntnlib::OpticalEncoder> >, std::allocator<tntnlib::OpticalEncoder>, (__gnu_cxx::_Lock_policy)0>::_M_get_deleter(std::type_info const&)
 .text._ZN7tntnlib14OpticalEncoderC2ERN3vex7triport4portEf
                0x03806c60       0x34 build/tntnlibrary/src/drivetrain/sensors/trackingWheels/optical.o
                0x03806c60                tntnlib::OpticalEncoder::OpticalEncoder(vex::triport::port&, float)
                0x03806c60                tntnlib::OpticalEncoder::OpticalEncoder(vex::triport::port&, float)
 *fill*         0x03806c94        0x4 
 .text._ZN7tntnlib14OpticalEncoder8getAngleEv
                0x03806c98       0x60 build/tntnlibrary/src/drivetrain/sensors/trackingWheels/optical.o
                0x03806c98                tntnlib::OpticalEncoder::getAngle()
 .text._ZN7tntnlib14OpticalEncoder5resetEv
                0x03806cf8       0x18 build/tntnlibrary/src/drivetrain/sensors/trackingWheels/optical.o
                0x03806cf8                tntnlib::OpticalEncoder::reset()
 .text._GLOBAL__sub_I_optical.cpp
                0x03806d10       0x34 build/tntnlibrary/src/drivetrain/sensors/trackingWheels/optical.o
 .text.vexMain  0x03806d44       0xb0 c:\Users\trevo\AppData\Roaming\Code\User\globalStorage\vexrobotics.vexcode\sdk\cpp\V5\V5_20220726_10_00_00/vexv5\libv5rt.a(v5_startup.c.obj)
                0x03806d44                vexMain
 .text.__vex_function_prolog
                0x03806df4       0x18 c:\Users\trevo\AppData\Roaming\Code\User\globalStorage\vexrobotics.vexcode\sdk\cpp\V5\V5_20220726_10_00_00/vexv5\libv5rt.a(v5_startup.c.obj)
                0x03806df4                __vex_function_prolog
 .text._init    0x03806e0c        0x4 c:\Users\trevo\AppData\Roaming\Code\User\globalStorage\vexrobotics.vexcode\sdk\cpp\V5\V5_20220726_10_00_00/vexv5\libv5rt.a(v5_startup.c.obj)
                0x03806e0c                _init
 .text._fini    0x03806e10        0x4 c:\Users\trevo\AppData\Roaming\Code\User\globalStorage\vexrobotics.vexcode\sdk\cpp\V5\V5_20220726_10_00_00/vexv5\libv5rt.a(v5_startup.c.obj)
                0x03806e10                _fini
 .text.vexStdlibVersionLinked
                0x03806e14        0xc c:\Users\trevo\AppData\Roaming\Code\User\globalStorage\vexrobotics.vexcode\sdk\cpp\V5\V5_20220726_10_00_00/vexv5\libv5rt.a(v5_util.c.obj)
                0x03806e14                vexStdlibVersionLinked
 .text.vexStdlibVersionVerify
                0x03806e20       0x30 c:\Users\trevo\AppData\Roaming\Code\User\globalStorage\vexrobotics.vexcode\sdk\cpp\V5\V5_20220726_10_00_00/vexv5\libv5rt.a(v5_util.c.obj)
                0x03806e20                vexStdlibVersionVerify
 .text.vexPrivateApiEnable
                0x03806e50       0x10 c:\Users\trevo\AppData\Roaming\Code\User\globalStorage\vexrobotics.vexcode\sdk\cpp\V5\V5_20220726_10_00_00/vexv5\libv5rt.a(v5_apijump.c.obj)
                0x03806e50                vexPrivateApiEnable
 .text.vexStdlibMismatchError
                0x03806e60       0x3c c:\Users\trevo\AppData\Roaming\Code\User\globalStorage\vexrobotics.vexcode\sdk\cpp\V5\V5_20220726_10_00_00/vexv5\libv5rt.a(v5_apijump.c.obj)
                0x03806e60                vexStdlibMismatchError
 .text.vexScratchMemoryPtr
                0x03806e9c       0x30 c:\Users\trevo\AppData\Roaming\Code\User\globalStorage\vexrobotics.vexcode\sdk\cpp\V5\V5_20220726_10_00_00/vexv5\libv5rt.a(v5_apijump.c.obj)
                0x03806e9c                vexScratchMemoryPtr
 .text.vexTaskAdd
                0x03806ecc       0x10 c:\Users\trevo\AppData\Roaming\Code\User\globalStorage\vexrobotics.vexcode\sdk\cpp\V5\V5_20220726_10_00_00/vexv5\libv5rt.a(v5_apijump.c.obj)
                0x03806ecc                vexTaskAdd
 .text.vexTasksRun
                0x03806edc       0x10 c:\Users\trevo\AppData\Roaming\Code\User\globalStorage\vexrobotics.vexcode\sdk\cpp\V5\V5_20220726_10_00_00/vexv5\libv5rt.a(v5_apijump.c.obj)
                0x03806edc                vexTasksRun
 .text.vexTaskYield
                0x03806eec       0x10 c:\Users\trevo\AppData\Roaming\Code\User\globalStorage\vexrobotics.vexcode\sdk\cpp\V5\V5_20220726_10_00_00/vexv5\libv5rt.a(v5_apijump.c.obj)
                0x03806eec                vexTaskYield
 .text.vexTaskCheckTimeslice
                0x03806efc       0x10 c:\Users\trevo\AppData\Roaming\Code\User\globalStorage\vexrobotics.vexcode\sdk\cpp\V5\V5_20220726_10_00_00/vexv5\libv5rt.a(v5_apijump.c.obj)
                0x03806efc                vexTaskCheckTimeslice
 .text.vexTaskSleep
                0x03806f0c       0x10 c:\Users\trevo\AppData\Roaming\Code\User\globalStorage\vexrobotics.vexcode\sdk\cpp\V5\V5_20220726_10_00_00/vexv5\libv5rt.a(v5_apijump.c.obj)
                0x03806f0c                vexTaskSleep
 .text.vexTasksDump
                0x03806f1c       0x1c c:\Users\trevo\AppData\Roaming\Code\User\globalStorage\vexrobotics.vexcode\sdk\cpp\V5\V5_20220726_10_00_00/vexv5\libv5rt.a(v5_apijump.c.obj)
                0x03806f1c                vexTasksDump
 .text.vexTaskGetTaskIndex
                0x03806f38       0x10 c:\Users\trevo\AppData\Roaming\Code\User\globalStorage\vexrobotics.vexcode\sdk\cpp\V5\V5_20220726_10_00_00/vexv5\libv5rt.a(v5_apijump.c.obj)
                0x03806f38                vexTaskGetTaskIndex
 .text.vexTaskStopAll
                0x03806f48       0x10 c:\Users\trevo\AppData\Roaming\Code\User\globalStorage\vexrobotics.vexcode\sdk\cpp\V5\V5_20220726_10_00_00/vexv5\libv5rt.a(v5_apijump.c.obj)
                0x03806f48                vexTaskStopAll
 .text.vexTaskRemoveAllUser
                0x03806f58       0x34 c:\Users\trevo\AppData\Roaming\Code\User\globalStorage\vexrobotics.vexcode\sdk\cpp\V5\V5_20220726_10_00_00/vexv5\libv5rt.a(v5_apijump.c.obj)
                0x03806f58                vexTaskRemoveAllUser
 .text.vexTaskCompletionIdSet
                0x03806f8c       0x10 c:\Users\trevo\AppData\Roaming\Code\User\globalStorage\vexrobotics.vexcode\sdk\cpp\V5\V5_20220726_10_00_00/vexv5\libv5rt.a(v5_apijump.c.obj)
                0x03806f8c                vexTaskCompletionIdSet
 .text.vexTaskStopWithId
                0x03806f9c       0x10 c:\Users\trevo\AppData\Roaming\Code\User\globalStorage\vexrobotics.vexcode\sdk\cpp\V5\V5_20220726_10_00_00/vexv5\libv5rt.a(v5_apijump.c.obj)
                0x03806f9c                vexTaskStopWithId
 .text.vexEventAdd
                0x03806fac       0x34 c:\Users\trevo\AppData\Roaming\Code\User\globalStorage\vexrobotics.vexcode\sdk\cpp\V5\V5_20220726_10_00_00/vexv5\libv5rt.a(v5_apijump.c.obj)
                0x03806fac                vexEventAdd
 .text.vexEventUserIndexGet
                0x03806fe0       0x1c c:\Users\trevo\AppData\Roaming\Code\User\globalStorage\vexrobotics.vexcode\sdk\cpp\V5\V5_20220726_10_00_00/vexv5\libv5rt.a(v5_apijump.c.obj)
                0x03806fe0                vexEventUserIndexGet
 .text.vexEventAddWithArg
                0x03806ffc       0x3c c:\Users\trevo\AppData\Roaming\Code\User\globalStorage\vexrobotics.vexcode\sdk\cpp\V5\V5_20220726_10_00_00/vexv5\libv5rt.a(v5_apijump.c.obj)
                0x03806ffc                vexEventAddWithArg
 .text.vexEventsCleanup
                0x03807038       0x2c c:\Users\trevo\AppData\Roaming\Code\User\globalStorage\vexrobotics.vexcode\sdk\cpp\V5\V5_20220726_10_00_00/vexv5\libv5rt.a(v5_apijump.c.obj)
                0x03807038                vexEventsCleanup
 .text.vexDebug
                0x03807064       0x38 c:\Users\trevo\AppData\Roaming\Code\User\globalStorage\vexrobotics.vexcode\sdk\cpp\V5\V5_20220726_10_00_00/vexv5\libv5rt.a(v5_apijump.c.obj)
                0x03807064                vexDebug
 .text.vex_sprintf
                0x0380709c       0x40 c:\Users\trevo\AppData\Roaming\Code\User\globalStorage\vexrobotics.vexcode\sdk\cpp\V5\V5_20220726_10_00_00/vexv5\libv5rt.a(v5_apijump.c.obj)
                0x0380709c                vex_sprintf
 .text.vex_vsnprintf
                0x038070dc       0x3c c:\Users\trevo\AppData\Roaming\Code\User\globalStorage\vexrobotics.vexcode\sdk\cpp\V5\V5_20220726_10_00_00/vexv5\libv5rt.a(v5_apijump.c.obj)
                0x038070dc                vex_vsnprintf
 .text.vexSystemTimeGet
                0x03807118       0x1c c:\Users\trevo\AppData\Roaming\Code\User\globalStorage\vexrobotics.vexcode\sdk\cpp\V5\V5_20220726_10_00_00/vexv5\libv5rt.a(v5_apijump.c.obj)
                0x03807118                vexSystemTimeGet
 .text.vexSystemExitRequest
                0x03807134       0x1c c:\Users\trevo\AppData\Roaming\Code\User\globalStorage\vexrobotics.vexcode\sdk\cpp\V5\V5_20220726_10_00_00/vexv5\libv5rt.a(v5_apijump.c.obj)
                0x03807134                vexSystemExitRequest
 .text.vexDeviceGetByIndex
                0x03807150       0x24 c:\Users\trevo\AppData\Roaming\Code\User\globalStorage\vexrobotics.vexcode\sdk\cpp\V5\V5_20220726_10_00_00/vexv5\libv5rt.a(v5_apijump.c.obj)
                0x03807150                vexDeviceGetByIndex
 .text.vexControllerGet
                0x03807174       0x2c c:\Users\trevo\AppData\Roaming\Code\User\globalStorage\vexrobotics.vexcode\sdk\cpp\V5\V5_20220726_10_00_00/vexv5\libv5rt.a(v5_apijump.c.obj)
                0x03807174                vexControllerGet
 .text.vexControllerTextSet
                0x038071a0       0x74 c:\Users\trevo\AppData\Roaming\Code\User\globalStorage\vexrobotics.vexcode\sdk\cpp\V5\V5_20220726_10_00_00/vexv5\libv5rt.a(v5_apijump.c.obj)
                0x038071a0                vexControllerTextSet
 .text.vexDeviceAdiPortConfigSet
                0x03807214       0x34 c:\Users\trevo\AppData\Roaming\Code\User\globalStorage\vexrobotics.vexcode\sdk\cpp\V5\V5_20220726_10_00_00/vexv5\libv5rt.a(v5_apijump.c.obj)
                0x03807214                vexDeviceAdiPortConfigSet
 .text.vexDeviceAdiPortConfigGet
                0x03807248       0x2c c:\Users\trevo\AppData\Roaming\Code\User\globalStorage\vexrobotics.vexcode\sdk\cpp\V5\V5_20220726_10_00_00/vexv5\libv5rt.a(v5_apijump.c.obj)
                0x03807248                vexDeviceAdiPortConfigGet
 .text.vexDeviceAdiValueSet
                0x03807274       0x34 c:\Users\trevo\AppData\Roaming\Code\User\globalStorage\vexrobotics.vexcode\sdk\cpp\V5\V5_20220726_10_00_00/vexv5\libv5rt.a(v5_apijump.c.obj)
                0x03807274                vexDeviceAdiValueSet
 .text.vexDeviceAdiValueGet
                0x038072a8       0x2c c:\Users\trevo\AppData\Roaming\Code\User\globalStorage\vexrobotics.vexcode\sdk\cpp\V5\V5_20220726_10_00_00/vexv5\libv5rt.a(v5_apijump.c.obj)
                0x038072a8                vexDeviceAdiValueGet
 .text.vexDeviceMotorVelocitySet
                0x038072d4       0x2c c:\Users\trevo\AppData\Roaming\Code\User\globalStorage\vexrobotics.vexcode\sdk\cpp\V5\V5_20220726_10_00_00/vexv5\libv5rt.a(v5_apijump.c.obj)
                0x038072d4                vexDeviceMotorVelocitySet
 .text.vexDeviceMotorVoltageSet
                0x03807300       0x2c c:\Users\trevo\AppData\Roaming\Code\User\globalStorage\vexrobotics.vexcode\sdk\cpp\V5\V5_20220726_10_00_00/vexv5\libv5rt.a(v5_apijump.c.obj)
                0x03807300                vexDeviceMotorVoltageSet
 .text.vexDeviceMotorActualVelocityGet
                0x0380732c       0x24 c:\Users\trevo\AppData\Roaming\Code\User\globalStorage\vexrobotics.vexcode\sdk\cpp\V5\V5_20220726_10_00_00/vexv5\libv5rt.a(v5_apijump.c.obj)
                0x0380732c                vexDeviceMotorActualVelocityGet
 .text.vexDeviceMotorCurrentLimitSet
                0x03807350       0x2c c:\Users\trevo\AppData\Roaming\Code\User\globalStorage\vexrobotics.vexcode\sdk\cpp\V5\V5_20220726_10_00_00/vexv5\libv5rt.a(v5_apijump.c.obj)
                0x03807350                vexDeviceMotorCurrentLimitSet
 .text.vexDeviceMotorReverseFlagSet
                0x0380737c       0x2c c:\Users\trevo\AppData\Roaming\Code\User\globalStorage\vexrobotics.vexcode\sdk\cpp\V5\V5_20220726_10_00_00/vexv5\libv5rt.a(v5_apijump.c.obj)
                0x0380737c                vexDeviceMotorReverseFlagSet
 .text.vexDeviceMotorBrakeModeSet
                0x038073a8       0x2c c:\Users\trevo\AppData\Roaming\Code\User\globalStorage\vexrobotics.vexcode\sdk\cpp\V5\V5_20220726_10_00_00/vexv5\libv5rt.a(v5_apijump.c.obj)
                0x038073a8                vexDeviceMotorBrakeModeSet
 .text.vexDeviceMotorPositionSet
                0x038073d4       0x34 c:\Users\trevo\AppData\Roaming\Code\User\globalStorage\vexrobotics.vexcode\sdk\cpp\V5\V5_20220726_10_00_00/vexv5\libv5rt.a(v5_apijump.c.obj)
                0x038073d4                vexDeviceMotorPositionSet
 .text.vexDeviceMotorGearingSet
                0x03807408       0x2c c:\Users\trevo\AppData\Roaming\Code\User\globalStorage\vexrobotics.vexcode\sdk\cpp\V5\V5_20220726_10_00_00/vexv5\libv5rt.a(v5_apijump.c.obj)
                0x03807408                vexDeviceMotorGearingSet
 .text.vexDeviceMotorGearingGet
                0x03807434       0x24 c:\Users\trevo\AppData\Roaming\Code\User\globalStorage\vexrobotics.vexcode\sdk\cpp\V5\V5_20220726_10_00_00/vexv5\libv5rt.a(v5_apijump.c.obj)
                0x03807434                vexDeviceMotorGearingGet
 .text.vexDeviceImuReset
                0x03807458       0x24 c:\Users\trevo\AppData\Roaming\Code\User\globalStorage\vexrobotics.vexcode\sdk\cpp\V5\V5_20220726_10_00_00/vexv5\libv5rt.a(v5_apijump.c.obj)
                0x03807458                vexDeviceImuReset
 .text.vexDeviceImuHeadingGet
                0x0380747c       0x24 c:\Users\trevo\AppData\Roaming\Code\User\globalStorage\vexrobotics.vexcode\sdk\cpp\V5\V5_20220726_10_00_00/vexv5\libv5rt.a(v5_apijump.c.obj)
                0x0380747c                vexDeviceImuHeadingGet
 .text.vexDeviceImuDegreesGet
                0x038074a0       0x24 c:\Users\trevo\AppData\Roaming\Code\User\globalStorage\vexrobotics.vexcode\sdk\cpp\V5\V5_20220726_10_00_00/vexv5\libv5rt.a(v5_apijump.c.obj)
                0x038074a0                vexDeviceImuDegreesGet
 .text.vexDeviceImuStatusGet
                0x038074c4       0x24 c:\Users\trevo\AppData\Roaming\Code\User\globalStorage\vexrobotics.vexcode\sdk\cpp\V5\V5_20220726_10_00_00/vexv5\libv5rt.a(v5_apijump.c.obj)
                0x038074c4                vexDeviceImuStatusGet
 .text.vexDisplayForegroundColor
                0x038074e8       0x24 c:\Users\trevo\AppData\Roaming\Code\User\globalStorage\vexrobotics.vexcode\sdk\cpp\V5\V5_20220726_10_00_00/vexv5\libv5rt.a(v5_apijump.c.obj)
                0x038074e8                vexDisplayForegroundColor
 .text.vexDisplayBackgroundColor
                0x0380750c       0x24 c:\Users\trevo\AppData\Roaming\Code\User\globalStorage\vexrobotics.vexcode\sdk\cpp\V5\V5_20220726_10_00_00/vexv5\libv5rt.a(v5_apijump.c.obj)
                0x0380750c                vexDisplayBackgroundColor
 .text.vexDisplayCopyRect
                0x03807530       0x5c c:\Users\trevo\AppData\Roaming\Code\User\globalStorage\vexrobotics.vexcode\sdk\cpp\V5\V5_20220726_10_00_00/vexv5\libv5rt.a(v5_apijump.c.obj)
                0x03807530                vexDisplayCopyRect
 .text.vexDisplayVPrintf
                0x0380758c       0x50 c:\Users\trevo\AppData\Roaming\Code\User\globalStorage\vexrobotics.vexcode\sdk\cpp\V5\V5_20220726_10_00_00/vexv5\libv5rt.a(v5_apijump.c.obj)
                0x0380758c                vexDisplayVPrintf
 .text.vexDisplayTextReference
                0x038075dc       0x24 c:\Users\trevo\AppData\Roaming\Code\User\globalStorage\vexrobotics.vexcode\sdk\cpp\V5\V5_20220726_10_00_00/vexv5\libv5rt.a(v5_apijump.c.obj)
                0x038075dc                vexDisplayTextReference
 .text.vexDisplayTextSize
                0x03807600       0x2c c:\Users\trevo\AppData\Roaming\Code\User\globalStorage\vexrobotics.vexcode\sdk\cpp\V5\V5_20220726_10_00_00/vexv5\libv5rt.a(v5_apijump.c.obj)
                0x03807600                vexDisplayTextSize
 .text.vexDisplayFontNamedSet
                0x0380762c       0x24 c:\Users\trevo\AppData\Roaming\Code\User\globalStorage\vexrobotics.vexcode\sdk\cpp\V5\V5_20220726_10_00_00/vexv5\libv5rt.a(v5_apijump.c.obj)
                0x0380762c                vexDisplayFontNamedSet
 .text.vexDisplayStringWidthGet
                0x03807650       0x24 c:\Users\trevo\AppData\Roaming\Code\User\globalStorage\vexrobotics.vexcode\sdk\cpp\V5\V5_20220726_10_00_00/vexv5\libv5rt.a(v5_apijump.c.obj)
                0x03807650                vexDisplayStringWidthGet
 .text.vexFileOpen
                0x03807674       0x2c c:\Users\trevo\AppData\Roaming\Code\User\globalStorage\vexrobotics.vexcode\sdk\cpp\V5\V5_20220726_10_00_00/vexv5\libv5rt.a(v5_apijump.c.obj)
                0x03807674                vexFileOpen
 .text.vexFileClose
                0x038076a0       0x24 c:\Users\trevo\AppData\Roaming\Code\User\globalStorage\vexrobotics.vexcode\sdk\cpp\V5\V5_20220726_10_00_00/vexv5\libv5rt.a(v5_apijump.c.obj)
                0x038076a0                vexFileClose
 .text.vexFileRead
                0x038076c4       0x3c c:\Users\trevo\AppData\Roaming\Code\User\globalStorage\vexrobotics.vexcode\sdk\cpp\V5\V5_20220726_10_00_00/vexv5\libv5rt.a(v5_apijump.c.obj)
                0x038076c4                vexFileRead
 .text.vexFileSize
                0x03807700       0x24 c:\Users\trevo\AppData\Roaming\Code\User\globalStorage\vexrobotics.vexcode\sdk\cpp\V5\V5_20220726_10_00_00/vexv5\libv5rt.a(v5_apijump.c.obj)
                0x03807700                vexFileSize
 .text.vexSystemStdlibImpureDataAddr
                0x03807724       0x28 c:\Users\trevo\AppData\Roaming\Code\User\globalStorage\vexrobotics.vexcode\sdk\cpp\V5\V5_20220726_10_00_00/vexv5\libv5rt.a(v5_apijump.c.obj)
                0x03807724                vexSystemStdlibImpureDataAddr
 .text.vexSystemStdlibImpureDataSize
                0x0380774c       0x28 c:\Users\trevo\AppData\Roaming\Code\User\globalStorage\vexrobotics.vexcode\sdk\cpp\V5\V5_20220726_10_00_00/vexv5\libv5rt.a(v5_apijump.c.obj)
                0x0380774c                vexSystemStdlibImpureDataSize
 .text.vexSystemSaveUserData
                0x03807774       0x3c c:\Users\trevo\AppData\Roaming\Code\User\globalStorage\vexrobotics.vexcode\sdk\cpp\V5\V5_20220726_10_00_00/vexv5\libv5rt.a(v5_apijump.c.obj)
                0x03807774                vexSystemSaveUserData
 .text.vexImageBmpRead
                0x038077b0       0x3c c:\Users\trevo\AppData\Roaming\Code\User\globalStorage\vexrobotics.vexcode\sdk\cpp\V5\V5_20220726_10_00_00/vexv5\libv5rt.a(v5_apijump.c.obj)
                0x038077b0                vexImageBmpRead
 .text.vexImagePngRead
                0x038077ec       0x44 c:\Users\trevo\AppData\Roaming\Code\User\globalStorage\vexrobotics.vexcode\sdk\cpp\V5\V5_20220726_10_00_00/vexv5\libv5rt.a(v5_apijump.c.obj)
                0x038077ec                vexImagePngRead
 .text.vexDisplayThemeIdGet
                0x03807830       0x38 c:\Users\trevo\AppData\Roaming\Code\User\globalStorage\vexrobotics.vexcode\sdk\cpp\V5\V5_20220726_10_00_00/vexv5\libv5rt.a(v5_apijump.c.obj)
                0x03807830                vexDisplayThemeIdGet
 .text.vexCompetitionStatus
                0x03807868       0x1c c:\Users\trevo\AppData\Roaming\Code\User\globalStorage\vexrobotics.vexcode\sdk\cpp\V5\V5_20220726_10_00_00/vexv5\libv5rt.a(v5_apijump.c.obj)
                0x03807868                vexCompetitionStatus
 .text.vexDeviceEventMaskSet
                0x03807884       0x48 c:\Users\trevo\AppData\Roaming\Code\User\globalStorage\vexrobotics.vexcode\sdk\cpp\V5\V5_20220726_10_00_00/vexv5\libv5rt.a(v5_apijump.c.obj)
                0x03807884                vexDeviceEventMaskSet
 .text.vexDeviceEventMaskGet
                0x038078cc       0x3c c:\Users\trevo\AppData\Roaming\Code\User\globalStorage\vexrobotics.vexcode\sdk\cpp\V5\V5_20220726_10_00_00/vexv5\libv5rt.a(v5_apijump.c.obj)
                0x038078cc                vexDeviceEventMaskGet
 .text.vexSystemVersion
                0x03807908       0x10 c:\Users\trevo\AppData\Roaming\Code\User\globalStorage\vexrobotics.vexcode\sdk\cpp\V5\V5_20220726_10_00_00/vexv5\libv5rt.a(v5_apiversions.c.obj)
                0x03807908                vexSystemVersion
 .text.vexStdlibVersion
                0x03807918       0x10 c:\Users\trevo\AppData\Roaming\Code\User\globalStorage\vexrobotics.vexcode\sdk\cpp\V5\V5_20220726_10_00_00/vexv5\libv5rt.a(v5_apiversions.c.obj)
                0x03807918                vexStdlibVersion
 .text._ZN3vex4waitEdNS_9timeUnitsE
                0x03807928       0x30 c:\Users\trevo\AppData\Roaming\Code\User\globalStorage\vexrobotics.vexcode\sdk\cpp\V5\V5_20220726_10_00_00/vexv5\libv5rt.a(vex_global.cpp.obj)
                0x03807928                vex::wait(double, vex::timeUnits)
 .text._ZN3vex6deviceD2Ev
                0x03807958        0x4 c:\Users\trevo\AppData\Roaming\Code\User\globalStorage\vexrobotics.vexcode\sdk\cpp\V5\V5_20220726_10_00_00/vexv5\libv5rt.a(vex_device.cpp.obj)
                0x03807958                vex::device::~device()
                0x03807958                vex::device::~device()
 .text._ZN3vex6device5valueEv
                0x0380795c        0x8 c:\Users\trevo\AppData\Roaming\Code\User\globalStorage\vexrobotics.vexcode\sdk\cpp\V5\V5_20220726_10_00_00/vexv5\libv5rt.a(vex_device.cpp.obj)
                0x0380795c                vex::device::value()
 .text._ZN3vex6deviceD0Ev
                0x03807964       0x14 c:\Users\trevo\AppData\Roaming\Code\User\globalStorage\vexrobotics.vexcode\sdk\cpp\V5\V5_20220726_10_00_00/vexv5\libv5rt.a(vex_device.cpp.obj)
                0x03807964                vex::device::~device()
 .text._ZN3vex6device4initEl
                0x03807978       0x30 c:\Users\trevo\AppData\Roaming\Code\User\globalStorage\vexrobotics.vexcode\sdk\cpp\V5\V5_20220726_10_00_00/vexv5\libv5rt.a(vex_device.cpp.obj)
                0x03807978                vex::device::init(long)
 .text._ZN3vex6deviceC2El
                0x038079a8       0x20 c:\Users\trevo\AppData\Roaming\Code\User\globalStorage\vexrobotics.vexcode\sdk\cpp\V5\V5_20220726_10_00_00/vexv5\libv5rt.a(vex_device.cpp.obj)
                0x038079a8                vex::device::device(long)
                0x038079a8                vex::device::device(long)
 .text._ZN3vex6device4typeEv
                0x038079c8       0x10 c:\Users\trevo\AppData\Roaming\Code\User\globalStorage\vexrobotics.vexcode\sdk\cpp\V5\V5_20220726_10_00_00/vexv5\libv5rt.a(vex_device.cpp.obj)
                0x038079c8                vex::device::type()
 .text._ZN3vex6device9installedEv
                0x038079d8       0x14 c:\Users\trevo\AppData\Roaming\Code\User\globalStorage\vexrobotics.vexcode\sdk\cpp\V5\V5_20220726_10_00_00/vexv5\libv5rt.a(vex_device.cpp.obj)
                0x038079d8                vex::device::installed()
 .text._ZN3vex5motorD2Ev
                0x038079ec       0x20 c:\Users\trevo\AppData\Roaming\Code\User\globalStorage\vexrobotics.vexcode\sdk\cpp\V5\V5_20220726_10_00_00/vexv5\libv5rt.a(vex_motor.cpp.obj)
                0x038079ec                vex::motor::~motor()
                0x038079ec                vex::motor::~motor()
 .text._ZN3vex5motorD0Ev
                0x03807a0c       0x1c c:\Users\trevo\AppData\Roaming\Code\User\globalStorage\vexrobotics.vexcode\sdk\cpp\V5\V5_20220726_10_00_00/vexv5\libv5rt.a(vex_motor.cpp.obj)
                0x03807a0c                vex::motor::~motor()
 .text._ZN3vex5motor9installedEv
                0x03807a28       0x18 c:\Users\trevo\AppData\Roaming\Code\User\globalStorage\vexrobotics.vexcode\sdk\cpp\V5\V5_20220726_10_00_00/vexv5\libv5rt.a(vex_motor.cpp.obj)
                0x03807a28                vex::motor::installed()
 .text._ZN3vex5motor15defaultStoppingENS_9brakeTypeE
                0x03807a40       0x30 c:\Users\trevo\AppData\Roaming\Code\User\globalStorage\vexrobotics.vexcode\sdk\cpp\V5\V5_20220726_10_00_00/vexv5\libv5rt.a(vex_motor.cpp.obj)
                0x03807a40                vex::motor::defaultStopping(vex::brakeType)
 .text._ZN3vex5motorC2El
                0x03807a70       0x78 c:\Users\trevo\AppData\Roaming\Code\User\globalStorage\vexrobotics.vexcode\sdk\cpp\V5\V5_20220726_10_00_00/vexv5\libv5rt.a(vex_motor.cpp.obj)
                0x03807a70                vex::motor::motor(long)
                0x03807a70                vex::motor::motor(long)
 .text._ZN3vex5motorC2ElNS_11gearSettingEb
                0x03807ae8       0x34 c:\Users\trevo\AppData\Roaming\Code\User\globalStorage\vexrobotics.vexcode\sdk\cpp\V5\V5_20220726_10_00_00/vexv5\libv5rt.a(vex_motor.cpp.obj)
                0x03807ae8                vex::motor::motor(long, vex::gearSetting, bool)
                0x03807ae8                vex::motor::motor(long, vex::gearSetting, bool)
 *fill*         0x03807b1c        0x4 
 .text._ZN3vex5motor4spinENS_13directionTypeEdNS_12voltageUnitsE
                0x03807b20       0x50 c:\Users\trevo\AppData\Roaming\Code\User\globalStorage\vexrobotics.vexcode\sdk\cpp\V5\V5_20220726_10_00_00/vexv5\libv5rt.a(vex_motor.cpp.obj)
                0x03807b20                vex::motor::spin(vex::directionType, double, vex::voltageUnits)
 .text._ZN3vex5motor4stopENS_9brakeTypeE
                0x03807b70       0x30 c:\Users\trevo\AppData\Roaming\Code\User\globalStorage\vexrobotics.vexcode\sdk\cpp\V5\V5_20220726_10_00_00/vexv5\libv5rt.a(vex_motor.cpp.obj)
                0x03807b70                vex::motor::stop(vex::brakeType)
 .text._ZN3vex5motor12setMaxTorqueEdNS_12currentUnitsE
                0x03807ba0       0x28 c:\Users\trevo\AppData\Roaming\Code\User\globalStorage\vexrobotics.vexcode\sdk\cpp\V5\V5_20220726_10_00_00/vexv5\libv5rt.a(vex_motor.cpp.obj)
                0x03807ba0                vex::motor::setMaxTorque(double, vex::currentUnits)
 .text._ZN3vex5motor16velocityToScaledEdNS_13velocityUnitsE
                0x03807bc8       0x5c c:\Users\trevo\AppData\Roaming\Code\User\globalStorage\vexrobotics.vexcode\sdk\cpp\V5\V5_20220726_10_00_00/vexv5\libv5rt.a(vex_motor.cpp.obj)
                0x03807bc8                vex::motor::velocityToScaled(double, vex::velocityUnits)
 .text._ZN3vex5motor8velocityENS_13velocityUnitsE
                0x03807c24       0x30 c:\Users\trevo\AppData\Roaming\Code\User\globalStorage\vexrobotics.vexcode\sdk\cpp\V5\V5_20220726_10_00_00/vexv5\libv5rt.a(vex_motor.cpp.obj)
                0x03807c24                vex::motor::velocity(vex::velocityUnits)
 .text._ZN3vex5motor5valueEv
                0x03807c54       0x1c c:\Users\trevo\AppData\Roaming\Code\User\globalStorage\vexrobotics.vexcode\sdk\cpp\V5\V5_20220726_10_00_00/vexv5\libv5rt.a(vex_motor.cpp.obj)
                0x03807c54                vex::motor::value()
 .text._ZN3vex5motor16scaledToVelocityEdNS_13velocityUnitsE
                0x03807c70       0xa4 c:\Users\trevo\AppData\Roaming\Code\User\globalStorage\vexrobotics.vexcode\sdk\cpp\V5\V5_20220726_10_00_00/vexv5\libv5rt.a(vex_motor.cpp.obj)
                0x03807c70                vex::motor::scaledToVelocity(double, vex::velocityUnits)
 .text._ZN3vex5motor4spinENS_13directionTypeEdNS_13velocityUnitsE
                0x03807d14       0x5c c:\Users\trevo\AppData\Roaming\Code\User\globalStorage\vexrobotics.vexcode\sdk\cpp\V5\V5_20220726_10_00_00/vexv5\libv5rt.a(vex_motor.cpp.obj)
                0x03807d14                vex::motor::spin(vex::directionType, double, vex::velocityUnits)
 .text._ZN3vex8inertial11getTurnTypeEv
                0x03807d70        0x8 c:\Users\trevo\AppData\Roaming\Code\User\globalStorage\vexrobotics.vexcode\sdk\cpp\V5\V5_20220726_10_00_00/vexv5\libv5rt.a(vex_imu.cpp.obj)
                0x03807d70                vex::inertial::getTurnType()
 .text._ZThn16_N3vex8inertial11getTurnTypeEv
                0x03807d78        0x8 c:\Users\trevo\AppData\Roaming\Code\User\globalStorage\vexrobotics.vexcode\sdk\cpp\V5\V5_20220726_10_00_00/vexv5\libv5rt.a(vex_imu.cpp.obj)
                0x03807d78                non-virtual thunk to vex::inertial::getTurnType()
 .text._ZN3vex8inertial10setHeadingEdNS_13rotationUnitsE
                0x03807d80       0x58 c:\Users\trevo\AppData\Roaming\Code\User\globalStorage\vexrobotics.vexcode\sdk\cpp\V5\V5_20220726_10_00_00/vexv5\libv5rt.a(vex_imu.cpp.obj)
                0x03807d80                vex::inertial::setHeading(double, vex::rotationUnits)
 .text._ZThn16_N3vex8inertial10setHeadingEdNS_13rotationUnitsE
                0x03807dd8        0x8 c:\Users\trevo\AppData\Roaming\Code\User\globalStorage\vexrobotics.vexcode\sdk\cpp\V5\V5_20220726_10_00_00/vexv5\libv5rt.a(vex_imu.cpp.obj)
                0x03807dd8                non-virtual thunk to vex::inertial::setHeading(double, vex::rotationUnits)
 .text._ZN3vex8inertial11setRotationEdNS_13rotationUnitsE
                0x03807de0       0x58 c:\Users\trevo\AppData\Roaming\Code\User\globalStorage\vexrobotics.vexcode\sdk\cpp\V5\V5_20220726_10_00_00/vexv5\libv5rt.a(vex_imu.cpp.obj)
                0x03807de0                vex::inertial::setRotation(double, vex::rotationUnits)
 .text._ZThn16_N3vex8inertial11setRotationEdNS_13rotationUnitsE
                0x03807e38        0x8 c:\Users\trevo\AppData\Roaming\Code\User\globalStorage\vexrobotics.vexcode\sdk\cpp\V5\V5_20220726_10_00_00/vexv5\libv5rt.a(vex_imu.cpp.obj)
                0x03807e38                non-virtual thunk to vex::inertial::setRotation(double, vex::rotationUnits)
 .text._ZN3vex8inertialD2Ev
                0x03807e40       0x20 c:\Users\trevo\AppData\Roaming\Code\User\globalStorage\vexrobotics.vexcode\sdk\cpp\V5\V5_20220726_10_00_00/vexv5\libv5rt.a(vex_imu.cpp.obj)
                0x03807e40                vex::inertial::~inertial()
                0x03807e40                vex::inertial::~inertial()
 .text._ZThn16_N3vex8inertialD1Ev
                0x03807e60        0x8 c:\Users\trevo\AppData\Roaming\Code\User\globalStorage\vexrobotics.vexcode\sdk\cpp\V5\V5_20220726_10_00_00/vexv5\libv5rt.a(vex_imu.cpp.obj)
                0x03807e60                non-virtual thunk to vex::inertial::~inertial()
 .text._ZN3vex8inertialD0Ev
                0x03807e68       0x1c c:\Users\trevo\AppData\Roaming\Code\User\globalStorage\vexrobotics.vexcode\sdk\cpp\V5\V5_20220726_10_00_00/vexv5\libv5rt.a(vex_imu.cpp.obj)
                0x03807e68                vex::inertial::~inertial()
 .text._ZThn16_N3vex8inertialD0Ev
                0x03807e84        0x8 c:\Users\trevo\AppData\Roaming\Code\User\globalStorage\vexrobotics.vexcode\sdk\cpp\V5\V5_20220726_10_00_00/vexv5\libv5rt.a(vex_imu.cpp.obj)
                0x03807e84                non-virtual thunk to vex::inertial::~inertial()
 .text._ZN3vex8inertial9installedEv
                0x03807e8c       0x18 c:\Users\trevo\AppData\Roaming\Code\User\globalStorage\vexrobotics.vexcode\sdk\cpp\V5\V5_20220726_10_00_00/vexv5\libv5rt.a(vex_imu.cpp.obj)
                0x03807e8c                vex::inertial::installed()
 .text._ZN3vex8inertial5angleENS_13rotationUnitsE
                0x03807ea4       0x6c c:\Users\trevo\AppData\Roaming\Code\User\globalStorage\vexrobotics.vexcode\sdk\cpp\V5\V5_20220726_10_00_00/vexv5\libv5rt.a(vex_imu.cpp.obj)
                0x03807ea4                vex::inertial::angle(vex::rotationUnits)
 .text._ZThn16_N3vex8inertial5angleENS_13rotationUnitsE
                0x03807f10        0x8 c:\Users\trevo\AppData\Roaming\Code\User\globalStorage\vexrobotics.vexcode\sdk\cpp\V5\V5_20220726_10_00_00/vexv5\libv5rt.a(vex_imu.cpp.obj)
                0x03807f10                non-virtual thunk to vex::inertial::angle(vex::rotationUnits)
 .text._ZN3vex8inertial7headingENS_13rotationUnitsE
                0x03807f18        0x4 c:\Users\trevo\AppData\Roaming\Code\User\globalStorage\vexrobotics.vexcode\sdk\cpp\V5\V5_20220726_10_00_00/vexv5\libv5rt.a(vex_imu.cpp.obj)
                0x03807f18                vex::inertial::heading(vex::rotationUnits)
 .text._ZThn16_N3vex8inertial7headingENS_13rotationUnitsE
                0x03807f1c        0x8 c:\Users\trevo\AppData\Roaming\Code\User\globalStorage\vexrobotics.vexcode\sdk\cpp\V5\V5_20220726_10_00_00/vexv5\libv5rt.a(vex_imu.cpp.obj)
                0x03807f1c                non-virtual thunk to vex::inertial::heading(vex::rotationUnits)
 .text._ZN3vex8inertial5valueEv
                0x03807f24       0x1c c:\Users\trevo\AppData\Roaming\Code\User\globalStorage\vexrobotics.vexcode\sdk\cpp\V5\V5_20220726_10_00_00/vexv5\libv5rt.a(vex_imu.cpp.obj)
                0x03807f24                vex::inertial::value()
 .text._ZN3vex8inertial8rotationENS_13rotationUnitsE
                0x03807f40       0x48 c:\Users\trevo\AppData\Roaming\Code\User\globalStorage\vexrobotics.vexcode\sdk\cpp\V5\V5_20220726_10_00_00/vexv5\libv5rt.a(vex_imu.cpp.obj)
                0x03807f40                vex::inertial::rotation(vex::rotationUnits)
 .text._ZThn16_N3vex8inertial8rotationENS_13rotationUnitsE
                0x03807f88        0x8 c:\Users\trevo\AppData\Roaming\Code\User\globalStorage\vexrobotics.vexcode\sdk\cpp\V5\V5_20220726_10_00_00/vexv5\libv5rt.a(vex_imu.cpp.obj)
                0x03807f88                non-virtual thunk to vex::inertial::rotation(vex::rotationUnits)
 .text._ZN3vex8inertial13isCalibratingEv
                0x03807f90       0x38 c:\Users\trevo\AppData\Roaming\Code\User\globalStorage\vexrobotics.vexcode\sdk\cpp\V5\V5_20220726_10_00_00/vexv5\libv5rt.a(vex_imu.cpp.obj)
                0x03807f90                vex::inertial::isCalibrating()
 .text._ZThn16_N3vex8inertial13isCalibratingEv
                0x03807fc8        0x8 c:\Users\trevo\AppData\Roaming\Code\User\globalStorage\vexrobotics.vexcode\sdk\cpp\V5\V5_20220726_10_00_00/vexv5\libv5rt.a(vex_imu.cpp.obj)
                0x03807fc8                non-virtual thunk to vex::inertial::isCalibrating()
 .text._ZN3vex8inertialC2ElNS_8turnTypeE
                0x03807fd0       0x4c c:\Users\trevo\AppData\Roaming\Code\User\globalStorage\vexrobotics.vexcode\sdk\cpp\V5\V5_20220726_10_00_00/vexv5\libv5rt.a(vex_imu.cpp.obj)
                0x03807fd0                vex::inertial::inertial(long, vex::turnType)
                0x03807fd0                vex::inertial::inertial(long, vex::turnType)
 .text._ZN3vex8inertial16startCalibrationEl
                0x0380801c       0x20 c:\Users\trevo\AppData\Roaming\Code\User\globalStorage\vexrobotics.vexcode\sdk\cpp\V5\V5_20220726_10_00_00/vexv5\libv5rt.a(vex_imu.cpp.obj)
                0x0380801c                vex::inertial::startCalibration(long)
 .text._ZN3vex8inertial9calibrateEl
                0x0380803c        0xc c:\Users\trevo\AppData\Roaming\Code\User\globalStorage\vexrobotics.vexcode\sdk\cpp\V5\V5_20220726_10_00_00/vexv5\libv5rt.a(vex_imu.cpp.obj)
                0x0380803c                vex::inertial::calibrate(long)
                0x03808040                non-virtual thunk to vex::inertial::calibrate(long)
 .text._ZN3vex10controllerD2Ev
                0x03808048        0x4 c:\Users\trevo\AppData\Roaming\Code\User\globalStorage\vexrobotics.vexcode\sdk\cpp\V5\V5_20220726_10_00_00/vexv5\libv5rt.a(vex_controller.cpp.obj)
                0x03808048                vex::controller::~controller()
                0x03808048                vex::controller::~controller()
 .text._ZN3vex10controller5valueE19_V5_ControllerIndex
                0x0380804c        0x8 c:\Users\trevo\AppData\Roaming\Code\User\globalStorage\vexrobotics.vexcode\sdk\cpp\V5\V5_20220726_10_00_00/vexv5\libv5rt.a(vex_controller.cpp.obj)
                0x0380804c                vex::controller::value(_V5_ControllerIndex)
 .text._ZN3vex10controller6rumbleEPKc
                0x03808054       0x4c c:\Users\trevo\AppData\Roaming\Code\User\globalStorage\vexrobotics.vexcode\sdk\cpp\V5\V5_20220726_10_00_00/vexv5\libv5rt.a(vex_controller.cpp.obj)
                0x03808054                vex::controller::rumble(char const*)
 .text._ZNK3vex10controller6button8pressingEv
                0x038080a0       0xc8 c:\Users\trevo\AppData\Roaming\Code\User\globalStorage\vexrobotics.vexcode\sdk\cpp\V5\V5_20220726_10_00_00/vexv5\libv5rt.a(vex_controller.cpp.obj)
                0x038080a0                vex::controller::button::pressing() const
 .text._ZNK3vex10controller6button21_buttonToPressedEventEv
                0x03808168       0x20 c:\Users\trevo\AppData\Roaming\Code\User\globalStorage\vexrobotics.vexcode\sdk\cpp\V5\V5_20220726_10_00_00/vexv5\libv5rt.a(vex_controller.cpp.obj)
                0x03808168                vex::controller::button::_buttonToPressedEvent() const
 .text._ZNK3vex10controller6button22_buttonToReleasedEventEv
                0x03808188       0x20 c:\Users\trevo\AppData\Roaming\Code\User\globalStorage\vexrobotics.vexcode\sdk\cpp\V5\V5_20220726_10_00_00/vexv5\libv5rt.a(vex_controller.cpp.obj)
                0x03808188                vex::controller::button::_buttonToReleasedEvent() const
 .text._ZN3vex10controller6buttonC2ENS0_11tButtonTypeEPS0_
                0x038081a8       0x48 c:\Users\trevo\AppData\Roaming\Code\User\globalStorage\vexrobotics.vexcode\sdk\cpp\V5\V5_20220726_10_00_00/vexv5\libv5rt.a(vex_controller.cpp.obj)
                0x038081a8                vex::controller::button::button(vex::controller::tButtonType, vex::controller*)
                0x038081a8                vex::controller::button::button(vex::controller::tButtonType, vex::controller*)
 .text._ZNK3vex10controller4axis5valueEv
                0x038081f0       0x58 c:\Users\trevo\AppData\Roaming\Code\User\globalStorage\vexrobotics.vexcode\sdk\cpp\V5\V5_20220726_10_00_00/vexv5\libv5rt.a(vex_controller.cpp.obj)
                0x038081f0                vex::controller::axis::value() const
 .text._ZNK3vex10controller4axis8positionENS_12percentUnitsE
                0x03808248       0x1c c:\Users\trevo\AppData\Roaming\Code\User\globalStorage\vexrobotics.vexcode\sdk\cpp\V5\V5_20220726_10_00_00/vexv5\libv5rt.a(vex_controller.cpp.obj)
                0x03808248                vex::controller::axis::position(vex::percentUnits) const
 .text._ZNK3vex10controller4axis23_joystickToChangedEventEv
                0x03808264       0x20 c:\Users\trevo\AppData\Roaming\Code\User\globalStorage\vexrobotics.vexcode\sdk\cpp\V5\V5_20220726_10_00_00/vexv5\libv5rt.a(vex_controller.cpp.obj)
                0x03808264                vex::controller::axis::_joystickToChangedEvent() const
 .text._ZN3vex10controller4axisC2ENS0_9tAxisTypeEPS0_
                0x03808284       0x2c c:\Users\trevo\AppData\Roaming\Code\User\globalStorage\vexrobotics.vexcode\sdk\cpp\V5\V5_20220726_10_00_00/vexv5\libv5rt.a(vex_controller.cpp.obj)
                0x03808284                vex::controller::axis::axis(vex::controller::tAxisType, vex::controller*)
                0x03808284                vex::controller::axis::axis(vex::controller::tAxisType, vex::controller*)
 .text._ZN3vex10controllerC2Ev
                0x038082b0      0x164 c:\Users\trevo\AppData\Roaming\Code\User\globalStorage\vexrobotics.vexcode\sdk\cpp\V5\V5_20220726_10_00_00/vexv5\libv5rt.a(vex_controller.cpp.obj)
                0x038082b0                vex::controller::controller()
                0x038082b0                vex::controller::controller()
 .text._ZN3vex10controller3lcd15getControllerIdEv
                0x03808414       0x10 c:\Users\trevo\AppData\Roaming\Code\User\globalStorage\vexrobotics.vexcode\sdk\cpp\V5\V5_20220726_10_00_00/vexv5\libv5rt.a(vex_controller.cpp.obj)
                0x03808414                vex::controller::lcd::getControllerId()
 .text._ZN3vex10controller3lcd9setCursorEll
                0x03808424       0x40 c:\Users\trevo\AppData\Roaming\Code\User\globalStorage\vexrobotics.vexcode\sdk\cpp\V5\V5_20220726_10_00_00/vexv5\libv5rt.a(vex_controller.cpp.obj)
                0x03808424                vex::controller::lcd::setCursor(long, long)
 .text._ZN3vex10controller3lcd5printEPKcz
                0x03808464       0x80 c:\Users\trevo\AppData\Roaming\Code\User\globalStorage\vexrobotics.vexcode\sdk\cpp\V5\V5_20220726_10_00_00/vexv5\libv5rt.a(vex_controller.cpp.obj)
                0x03808464                vex::controller::lcd::print(char const*, ...)
 .text._ZN3vex10controller3lcd9clearLineEi
                0x038084e4       0x80 c:\Users\trevo\AppData\Roaming\Code\User\globalStorage\vexrobotics.vexcode\sdk\cpp\V5\V5_20220726_10_00_00/vexv5\libv5rt.a(vex_controller.cpp.obj)
                0x038084e4                vex::controller::lcd::clearLine(int)
 .text._ZN3vex4taskC2EPFivE
                0x03808564       0x5c c:\Users\trevo\AppData\Roaming\Code\User\globalStorage\vexrobotics.vexcode\sdk\cpp\V5\V5_20220726_10_00_00/vexv5\libv5rt.a(vex_task.cpp.obj)
                0x03808564                vex::task::task(int (*)())
                0x03808564                vex::task::task(int (*)())
 .text._ZN3vex4taskD2Ev
                0x038085c0        0x4 c:\Users\trevo\AppData\Roaming\Code\User\globalStorage\vexrobotics.vexcode\sdk\cpp\V5\V5_20220726_10_00_00/vexv5\libv5rt.a(vex_task.cpp.obj)
                0x038085c0                vex::task::~task()
                0x038085c0                vex::task::~task()
 .text._ZN3vex4task4stopEPvi
                0x038085c4       0x1c c:\Users\trevo\AppData\Roaming\Code\User\globalStorage\vexrobotics.vexcode\sdk\cpp\V5\V5_20220726_10_00_00/vexv5\libv5rt.a(vex_task.cpp.obj)
                0x038085c4                vex::task::stop(void*, int)
 .text._ZN3vex4task6_indexEPFivE
                0x038085e0       0x14 c:\Users\trevo\AppData\Roaming\Code\User\globalStorage\vexrobotics.vexcode\sdk\cpp\V5\V5_20220726_10_00_00/vexv5\libv5rt.a(vex_task.cpp.obj)
                0x038085e0                vex::task::_index(int (*)())
 .text._ZN3vex4task8_stopAllEv
                0x038085f4       0x3c c:\Users\trevo\AppData\Roaming\Code\User\globalStorage\vexrobotics.vexcode\sdk\cpp\V5\V5_20220726_10_00_00/vexv5\libv5rt.a(vex_task.cpp.obj)
                0x038085f4                vex::task::_stopAll()
 .text._ZN3vex6threadC2EPFivE
                0x03808630       0x5c c:\Users\trevo\AppData\Roaming\Code\User\globalStorage\vexrobotics.vexcode\sdk\cpp\V5\V5_20220726_10_00_00/vexv5\libv5rt.a(vex_thread.cpp.obj)
                0x03808630                vex::thread::thread(int (*)())
                0x03808630                vex::thread::thread(int (*)())
 .text._ZN3vex6threadD2Ev
                0x0380868c        0x4 c:\Users\trevo\AppData\Roaming\Code\User\globalStorage\vexrobotics.vexcode\sdk\cpp\V5\V5_20220726_10_00_00/vexv5\libv5rt.a(vex_thread.cpp.obj)
                0x0380868c                vex::thread::~thread()
                0x0380868c                vex::thread::~thread()
 .text._ZN3vex6thread9interruptEv
                0x03808690       0x18 c:\Users\trevo\AppData\Roaming\Code\User\globalStorage\vexrobotics.vexcode\sdk\cpp\V5\V5_20220726_10_00_00/vexv5\libv5rt.a(vex_thread.cpp.obj)
                0x03808690                vex::thread::interrupt()
 .text._ZN3vex11this_thread9sleep_forEm
                0x038086a8        0x4 c:\Users\trevo\AppData\Roaming\Code\User\globalStorage\vexrobotics.vexcode\sdk\cpp\V5\V5_20220726_10_00_00/vexv5\libv5rt.a(vex_thread.cpp.obj)
                0x038086a8                vex::this_thread::sleep_for(unsigned long)
 .text._ZN3vex5event4initEmmPFvvE
                0x038086ac        0x4 c:\Users\trevo\AppData\Roaming\Code\User\globalStorage\vexrobotics.vexcode\sdk\cpp\V5\V5_20220726_10_00_00/vexv5\libv5rt.a(vex_event.cpp.obj)
                0x038086ac                vex::event::init(unsigned long, unsigned long, void (*)())
 .text._ZN3vex5event4initEmmPFvPvES1_
                0x038086b0        0x4 c:\Users\trevo\AppData\Roaming\Code\User\globalStorage\vexrobotics.vexcode\sdk\cpp\V5\V5_20220726_10_00_00/vexv5\libv5rt.a(vex_event.cpp.obj)
                0x038086b0                vex::event::init(unsigned long, unsigned long, void (*)(void*), void*)
 .text._ZN3vex5event9userindexEv
                0x038086b4        0x4 c:\Users\trevo\AppData\Roaming\Code\User\globalStorage\vexrobotics.vexcode\sdk\cpp\V5\V5_20220726_10_00_00/vexv5\libv5rt.a(vex_event.cpp.obj)
                0x038086b4                vex::event::userindex()
 .text._ZZN3vex6meventC4EmmENUlvE_4_FUNEv
                0x038086b8        0x4 c:\Users\trevo\AppData\Roaming\Code\User\globalStorage\vexrobotics.vexcode\sdk\cpp\V5\V5_20220726_10_00_00/vexv5\libv5rt.a(vex_mevent.cpp.obj)
 .text._ZN3vex6meventC2Emm
                0x038086bc       0x70 c:\Users\trevo\AppData\Roaming\Code\User\globalStorage\vexrobotics.vexcode\sdk\cpp\V5\V5_20220726_10_00_00/vexv5\libv5rt.a(vex_mevent.cpp.obj)
                0x038086bc                vex::mevent::mevent(unsigned long, unsigned long)
                0x038086bc                vex::mevent::mevent(unsigned long, unsigned long)
 .text._ZN3vex5brain9_getIndexEv
                0x0380872c       0x10 c:\Users\trevo\AppData\Roaming\Code\User\globalStorage\vexrobotics.vexcode\sdk\cpp\V5\V5_20220726_10_00_00/vexv5\libv5rt.a(vex_brain.cpp.obj)
                0x0380872c                vex::brain::_getIndex()
 .text._ZN3vex5brain5timerENS_9timeUnitsE
                0x0380873c        0x8 c:\Users\trevo\AppData\Roaming\Code\User\globalStorage\vexrobotics.vexcode\sdk\cpp\V5\V5_20220726_10_00_00/vexv5\libv5rt.a(vex_brain.cpp.obj)
                0x0380873c                vex::brain::timer(vex::timeUnits)
 .text._ZN3vex5brain3lcd9setCursorEll
                0x03808744       0x44 c:\Users\trevo\AppData\Roaming\Code\User\globalStorage\vexrobotics.vexcode\sdk\cpp\V5\V5_20220726_10_00_00/vexv5\libv5rt.a(vex_brain.cpp.obj)
                0x03808744                vex::brain::lcd::setCursor(long, long)
 .text._ZN3vex5brain3lcd7setFontENS_8fontTypeE
                0x03808788      0x23c c:\Users\trevo\AppData\Roaming\Code\User\globalStorage\vexrobotics.vexcode\sdk\cpp\V5\V5_20220726_10_00_00/vexv5\libv5rt.a(vex_brain.cpp.obj)
                0x03808788                vex::brain::lcd::setFont(vex::fontType)
 .text._ZN3vex5brain3lcdC2Ev
                0x038089c4       0x94 c:\Users\trevo\AppData\Roaming\Code\User\globalStorage\vexrobotics.vexcode\sdk\cpp\V5\V5_20220726_10_00_00/vexv5\libv5rt.a(vex_brain.cpp.obj)
                0x038089c4                vex::brain::lcd::lcd()
                0x038089c4                vex::brain::lcd::lcd()
 .text._ZN3vex5brainC2Ev
                0x03808a58       0x3c c:\Users\trevo\AppData\Roaming\Code\User\globalStorage\vexrobotics.vexcode\sdk\cpp\V5\V5_20220726_10_00_00/vexv5\libv5rt.a(vex_brain.cpp.obj)
                0x03808a58                vex::brain::brain()
                0x03808a58                vex::brain::brain()
 .text._ZN3vex5brain3lcd11setPenColorERKNS_5colorE
                0x03808a94       0x14 c:\Users\trevo\AppData\Roaming\Code\User\globalStorage\vexrobotics.vexcode\sdk\cpp\V5\V5_20220726_10_00_00/vexv5\libv5rt.a(vex_brain.cpp.obj)
                0x03808a94                vex::brain::lcd::setPenColor(vex::color const&)
 .text._ZN3vex5brain3lcd12setFillColorERKNS_5colorE
                0x03808aa8       0x38 c:\Users\trevo\AppData\Roaming\Code\User\globalStorage\vexrobotics.vexcode\sdk\cpp\V5\V5_20220726_10_00_00/vexv5\libv5rt.a(vex_brain.cpp.obj)
                0x03808aa8                vex::brain::lcd::setFillColor(vex::color const&)
 .text._ZN3vex5brain3lcd20_validateImageBufferEPh
                0x03808ae0       0x58 c:\Users\trevo\AppData\Roaming\Code\User\globalStorage\vexrobotics.vexcode\sdk\cpp\V5\V5_20220726_10_00_00/vexv5\libv5rt.a(vex_brain.cpp.obj)
                0x03808ae0                vex::brain::lcd::_validateImageBuffer(unsigned char*)
 .text._ZN3vex5brain3lcd17drawImageFromFileEPKcii
                0x03808b38      0x264 c:\Users\trevo\AppData\Roaming\Code\User\globalStorage\vexrobotics.vexcode\sdk\cpp\V5\V5_20220726_10_00_00/vexv5\libv5rt.a(vex_brain.cpp.obj)
                0x03808b38                vex::brain::lcd::drawImageFromFile(char const*, int, int)
 .text._ZN3vex5brain3lcd10rowToPixelEl
                0x03808d9c       0x34 c:\Users\trevo\AppData\Roaming\Code\User\globalStorage\vexrobotics.vexcode\sdk\cpp\V5\V5_20220726_10_00_00/vexv5\libv5rt.a(vex_brain.cpp.obj)
                0x03808d9c                vex::brain::lcd::rowToPixel(long)
 .text._ZN3vex5brain3lcd5printEPKcz
                0x03808dd0       0xb8 c:\Users\trevo\AppData\Roaming\Code\User\globalStorage\vexrobotics.vexcode\sdk\cpp\V5\V5_20220726_10_00_00/vexv5\libv5rt.a(vex_brain.cpp.obj)
                0x03808dd0                vex::brain::lcd::print(char const*, ...)
 .text._ZN3vex5brainD2Ev
                0x03808e88       0x20 c:\Users\trevo\AppData\Roaming\Code\User\globalStorage\vexrobotics.vexcode\sdk\cpp\V5\V5_20220726_10_00_00/vexv5\libv5rt.a(vex_brain.cpp.obj)
                0x03808e88                vex::brain::~brain()
                0x03808e88                vex::brain::~brain()
 .text._ZN3vex11competition8_disableEPv
                0x03808ea8       0xa4 c:\Users\trevo\AppData\Roaming\Code\User\globalStorage\vexrobotics.vexcode\sdk\cpp\V5\V5_20220726_10_00_00/vexv5\libv5rt.a(vex_competition.cpp.obj)
                0x03808ea8                vex::competition::_disable(void*)
 .text._ZN3vex11competition11_autonomousEv
                0x03808f4c       0x80 c:\Users\trevo\AppData\Roaming\Code\User\globalStorage\vexrobotics.vexcode\sdk\cpp\V5\V5_20220726_10_00_00/vexv5\libv5rt.a(vex_competition.cpp.obj)
                0x03808f4c                vex::competition::_autonomous()
 .text._ZN3vex11competition14_drivercontrolEv
                0x03808fcc       0x80 c:\Users\trevo\AppData\Roaming\Code\User\globalStorage\vexrobotics.vexcode\sdk\cpp\V5\V5_20220726_10_00_00/vexv5\libv5rt.a(vex_competition.cpp.obj)
                0x03808fcc                vex::competition::_drivercontrol()
 .text._ZN3vex11competitionC2Ev
                0x0380904c      0x13c c:\Users\trevo\AppData\Roaming\Code\User\globalStorage\vexrobotics.vexcode\sdk\cpp\V5\V5_20220726_10_00_00/vexv5\libv5rt.a(vex_competition.cpp.obj)
                0x0380904c                vex::competition::competition()
                0x0380904c                vex::competition::competition()
 .text._ZN3vex11competitionD2Ev
                0x03809188        0x4 c:\Users\trevo\AppData\Roaming\Code\User\globalStorage\vexrobotics.vexcode\sdk\cpp\V5\V5_20220726_10_00_00/vexv5\libv5rt.a(vex_competition.cpp.obj)
                0x03809188                vex::competition::~competition()
                0x03809188                vex::competition::~competition()
 .text._ZN3vex11competition10autonomousEPFvvE
                0x0380918c       0x44 c:\Users\trevo\AppData\Roaming\Code\User\globalStorage\vexrobotics.vexcode\sdk\cpp\V5\V5_20220726_10_00_00/vexv5\libv5rt.a(vex_competition.cpp.obj)
                0x0380918c                vex::competition::autonomous(void (*)())
 .text._ZN3vex11competition13drivercontrolEPFvvE
                0x038091d0       0x44 c:\Users\trevo\AppData\Roaming\Code\User\globalStorage\vexrobotics.vexcode\sdk\cpp\V5\V5_20220726_10_00_00/vexv5\libv5rt.a(vex_competition.cpp.obj)
                0x038091d0                vex::competition::drivercontrol(void (*)())
 .text._ZN3vex11competition9isEnabledEv
                0x03809214       0x14 c:\Users\trevo\AppData\Roaming\Code\User\globalStorage\vexrobotics.vexcode\sdk\cpp\V5\V5_20220726_10_00_00/vexv5\libv5rt.a(vex_competition.cpp.obj)
                0x03809214                vex::competition::isEnabled()
 .text._ZN3vex11competition15isDriverControlEv
                0x03809228       0x14 c:\Users\trevo\AppData\Roaming\Code\User\globalStorage\vexrobotics.vexcode\sdk\cpp\V5\V5_20220726_10_00_00/vexv5\libv5rt.a(vex_competition.cpp.obj)
                0x03809228                vex::competition::isDriverControl()
 .text._ZN3vex11competition12isAutonomousEv
                0x0380923c       0x14 c:\Users\trevo\AppData\Roaming\Code\User\globalStorage\vexrobotics.vexcode\sdk\cpp\V5\V5_20220726_10_00_00/vexv5\libv5rt.a(vex_competition.cpp.obj)
                0x0380923c                vex::competition::isAutonomous()
 .text._ZN3vex7triportD2Ev
                0x03809250       0x38 c:\Users\trevo\AppData\Roaming\Code\User\globalStorage\vexrobotics.vexcode\sdk\cpp\V5\V5_20220726_10_00_00/vexv5\libv5rt.a(vex_triport.cpp.obj)
                0x03809250                vex::triport::~triport()
                0x03809250                vex::triport::~triport()
 .text._ZN3vex7triportD0Ev
                0x03809288       0x1c c:\Users\trevo\AppData\Roaming\Code\User\globalStorage\vexrobotics.vexcode\sdk\cpp\V5\V5_20220726_10_00_00/vexv5\libv5rt.a(vex_triport.cpp.obj)
                0x03809288                vex::triport::~triport()
 .text._ZN3vex7triport9installedEv
                0x038092a4       0x18 c:\Users\trevo\AppData\Roaming\Code\User\globalStorage\vexrobotics.vexcode\sdk\cpp\V5\V5_20220726_10_00_00/vexv5\libv5rt.a(vex_triport.cpp.obj)
                0x038092a4                vex::triport::installed()
 .text._ZN3vex7triport4portC2ElPS0_
                0x038092bc       0x74 c:\Users\trevo\AppData\Roaming\Code\User\globalStorage\vexrobotics.vexcode\sdk\cpp\V5\V5_20220726_10_00_00/vexv5\libv5rt.a(vex_triport.cpp.obj)
                0x038092bc                vex::triport::port::port(long, vex::triport*)
                0x038092bc                vex::triport::port::port(long, vex::triport*)
 .text._ZN3vex7triportC2El
                0x03809330       0xf0 c:\Users\trevo\AppData\Roaming\Code\User\globalStorage\vexrobotics.vexcode\sdk\cpp\V5\V5_20220726_10_00_00/vexv5\libv5rt.a(vex_triport.cpp.obj)
                0x03809330                vex::triport::triport(long)
                0x03809330                vex::triport::triport(long)
 .text._ZN3vex7triport4port4typeENS_11triportTypeE
                0x03809420       0x30 c:\Users\trevo\AppData\Roaming\Code\User\globalStorage\vexrobotics.vexcode\sdk\cpp\V5\V5_20220726_10_00_00/vexv5\libv5rt.a(vex_triport.cpp.obj)
                0x03809420                vex::triport::port::type(vex::triportType)
 .text._ZN3vex7triport4port4typeEv
                0x03809450       0x38 c:\Users\trevo\AppData\Roaming\Code\User\globalStorage\vexrobotics.vexcode\sdk\cpp\V5\V5_20220726_10_00_00/vexv5\libv5rt.a(vex_triport.cpp.obj)
                0x03809450                vex::triport::port::type()
 .text._ZN3vex7triport4port5valueEv
                0x03809488       0x14 c:\Users\trevo\AppData\Roaming\Code\User\globalStorage\vexrobotics.vexcode\sdk\cpp\V5\V5_20220726_10_00_00/vexv5\libv5rt.a(vex_triport.cpp.obj)
                0x03809488                vex::triport::port::value()
 .text._ZN3vex7triport4port5valueEl
                0x0380949c       0x18 c:\Users\trevo\AppData\Roaming\Code\User\globalStorage\vexrobotics.vexcode\sdk\cpp\V5\V5_20220726_10_00_00/vexv5\libv5rt.a(vex_triport.cpp.obj)
                0x0380949c                vex::triport::port::value(long)
 *fill*         0x038094b4        0x4 
 .text._ZN3vex7triport4port11setRotationEdNS_13rotationUnitsE
                0x038094b8       0x50 c:\Users\trevo\AppData\Roaming\Code\User\globalStorage\vexrobotics.vexcode\sdk\cpp\V5\V5_20220726_10_00_00/vexv5\libv5rt.a(vex_triport.cpp.obj)
                0x038094b8                vex::triport::port::setRotation(double, vex::rotationUnits)
 .text._ZN3vex7triport4port13resetRotationEv
                0x03809508       0x20 c:\Users\trevo\AppData\Roaming\Code\User\globalStorage\vexrobotics.vexcode\sdk\cpp\V5\V5_20220726_10_00_00/vexv5\libv5rt.a(vex_triport.cpp.obj)
                0x03809508                vex::triport::port::resetRotation()
 .text._ZN3vex7triport4port8rotationENS_13rotationUnitsE
                0x03809528       0x40 c:\Users\trevo\AppData\Roaming\Code\User\globalStorage\vexrobotics.vexcode\sdk\cpp\V5\V5_20220726_10_00_00/vexv5\libv5rt.a(vex_triport.cpp.obj)
                0x03809528                vex::triport::port::rotation(vex::rotationUnits)
 .text._ZN3vex11__trideviceC2ERNS_7triport4portENS_11triportTypeE
                0x03809568       0x5c c:\Users\trevo\AppData\Roaming\Code\User\globalStorage\vexrobotics.vexcode\sdk\cpp\V5\V5_20220726_10_00_00/vexv5\libv5rt.a(vex_triport.cpp.obj)
                0x03809568                vex::__tridevice::__tridevice(vex::triport::port&, vex::triportType)
                0x03809568                vex::__tridevice::__tridevice(vex::triport::port&, vex::triportType)
 .text._ZN3vex11digital_outC2ERNS_7triport4portE
                0x038095c4       0x18 c:\Users\trevo\AppData\Roaming\Code\User\globalStorage\vexrobotics.vexcode\sdk\cpp\V5\V5_20220726_10_00_00/vexv5\libv5rt.a(vex_triport.cpp.obj)
                0x038095c4                vex::digital_out::digital_out(vex::triport::port&)
                0x038095c4                vex::digital_out::digital_out(vex::triport::port&)
 .text._ZN3vex11digital_outD2Ev
                0x038095dc        0x4 c:\Users\trevo\AppData\Roaming\Code\User\globalStorage\vexrobotics.vexcode\sdk\cpp\V5\V5_20220726_10_00_00/vexv5\libv5rt.a(vex_triport.cpp.obj)
                0x038095dc                vex::digital_out::~digital_out()
                0x038095dc                vex::digital_out::~digital_out()
 .text._ZN3vex11digital_out3setEb
                0x038095e0        0x8 c:\Users\trevo\AppData\Roaming\Code\User\globalStorage\vexrobotics.vexcode\sdk\cpp\V5\V5_20220726_10_00_00/vexv5\libv5rt.a(vex_triport.cpp.obj)
                0x038095e0                vex::digital_out::set(bool)
 .text._ZN3vex7encoderC2ERNS_7triport4portE
                0x038095e8       0x20 c:\Users\trevo\AppData\Roaming\Code\User\globalStorage\vexrobotics.vexcode\sdk\cpp\V5\V5_20220726_10_00_00/vexv5\libv5rt.a(vex_triport.cpp.obj)
                0x038095e8                vex::encoder::encoder(vex::triport::port&)
                0x038095e8                vex::encoder::encoder(vex::triport::port&)
 .text._ZN3vex7encoderD2Ev
                0x03809608        0x4 c:\Users\trevo\AppData\Roaming\Code\User\globalStorage\vexrobotics.vexcode\sdk\cpp\V5\V5_20220726_10_00_00/vexv5\libv5rt.a(vex_triport.cpp.obj)
                0x03809608                vex::encoder::~encoder()
                0x03809608                vex::encoder::~encoder()
 .text._ZN3vex7encoder13resetRotationEv
                0x0380960c        0x8 c:\Users\trevo\AppData\Roaming\Code\User\globalStorage\vexrobotics.vexcode\sdk\cpp\V5\V5_20220726_10_00_00/vexv5\libv5rt.a(vex_triport.cpp.obj)
                0x0380960c                vex::encoder::resetRotation()
 .text._ZN3vex7encoder8positionENS_13rotationUnitsE
                0x03809614        0x8 c:\Users\trevo\AppData\Roaming\Code\User\globalStorage\vexrobotics.vexcode\sdk\cpp\V5\V5_20220726_10_00_00/vexv5\libv5rt.a(vex_triport.cpp.obj)
                0x03809614                vex::encoder::position(vex::rotationUnits)
 .text._ZN3vex5colorD2Ev
                0x0380961c        0x4 c:\Users\trevo\AppData\Roaming\Code\User\globalStorage\vexrobotics.vexcode\sdk\cpp\V5\V5_20220726_10_00_00/vexv5\libv5rt.a(vex_color.cpp.obj)
                0x0380961c                vex::color::~color()