Archive member included because of file (symbol)

c:\Users\trevo\AppData\Roaming\Code\User\globalStorage\vexrobotics.vexcode\sdk\cpp\V5\V5_20220726_10_00_00/vexv5\libv5rt.a(v5_startup.c.obj)
                              (vexStartup)
c:\Users\trevo\AppData\Roaming\Code\User\globalStorage\vexrobotics.vexcode\sdk\cpp\V5\V5_20220726_10_00_00/vexv5\libv5rt.a(v5_util.c.obj)
                              c:\Users\trevo\AppData\Roaming\Code\User\globalStorage\vexrobotics.vexcode\sdk\cpp\V5\V5_20220726_10_00_00/vexv5\libv5rt.a(v5_startup.c.obj) (vexStdlibVersionLinked)
c:\Users\trevo\AppData\Roaming\Code\User\globalStorage\vexrobotics.vexcode\sdk\cpp\V5\V5_20220726_10_00_00/vexv5\libv5rt.a(v5_apijump.c.obj)
                              c:\Users\trevo\AppData\Roaming\Code\User\globalStorage\vexrobotics.vexcode\sdk\cpp\V5\V5_20220726_10_00_00/vexv5\libv5rt.a(v5_startup.c.obj) (vexPrivateApiEnable)
c:\Users\trevo\AppData\Roaming\Code\User\globalStorage\vexrobotics.vexcode\sdk\cpp\V5\V5_20220726_10_00_00/vexv5\libv5rt.a(v5_apiversions.c.obj)
                              c:\Users\trevo\AppData\Roaming\Code\User\globalStorage\vexrobotics.vexcode\sdk\cpp\V5\V5_20220726_10_00_00/vexv5\libv5rt.a(v5_apijump.c.obj) (vexSystemVersion)
c:\Users\trevo\AppData\Roaming\Code\User\globalStorage\vexrobotics.vexcode\sdk\cpp\V5\V5_20220726_10_00_00/vexv5\libv5rt.a(vex_global.cpp.obj)
                              build/src/main.o (vex::wait(double, vex::timeUnits))
c:\Users\trevo\AppData\Roaming\Code\User\globalStorage\vexrobotics.vexcode\sdk\cpp\V5\V5_20220726_10_00_00/vexv5\libv5rt.a(vex_motor.cpp.obj)
                              build/src/main.o (vex::motor::~motor())
c:\Users\trevo\AppData\Roaming\Code\User\globalStorage\vexrobotics.vexcode\sdk\cpp\V5\V5_20220726_10_00_00/vexv5\libv5rt.a(vex_imu.cpp.obj)
                              build/tntnlibrary/src/devices/imu.o (vex::inertial::setRotation(double, vex::rotationUnits))
c:\Users\trevo\AppData\Roaming\Code\User\globalStorage\vexrobotics.vexcode\sdk\cpp\V5\V5_20220726_10_00_00/vexv5\libv5rt.a(vex_rotation.cpp.obj)
                              build/tntnlibrary/src/devices/trackingWheel.o (vex::rotation::~rotation())
c:\Users\trevo\AppData\Roaming\Code\User\globalStorage\vexrobotics.vexcode\sdk\cpp\V5\V5_20220726_10_00_00/vexv5\libv5rt.a(vex_controller.cpp.obj)
                              build/tntnlibrary/src/devices/defaultDevices.o (vex::controller::~controller())
c:\Users\trevo\AppData\Roaming\Code\User\globalStorage\vexrobotics.vexcode\sdk\cpp\V5\V5_20220726_10_00_00/vexv5\libv5rt.a(vex_task.cpp.obj)
                              build/tntnlibrary/src/chassis/chassis.o (vex::task::task(int (*)()))
c:\Users\trevo\AppData\Roaming\Code\User\globalStorage\vexrobotics.vexcode\sdk\cpp\V5\V5_20220726_10_00_00/vexv5\libv5rt.a(vex_thread.cpp.obj)
                              c:\Users\trevo\AppData\Roaming\Code\User\globalStorage\vexrobotics.vexcode\sdk\cpp\V5\V5_20220726_10_00_00/vexv5\libv5rt.a(vex_global.cpp.obj) (vex::this_thread::sleep_for(unsigned long))
c:\Users\trevo\AppData\Roaming\Code\User\globalStorage\vexrobotics.vexcode\sdk\cpp\V5\V5_20220726_10_00_00/vexv5\libv5rt.a(vex_event.cpp.obj)
                              c:\Users\trevo\AppData\Roaming\Code\User\globalStorage\vexrobotics.vexcode\sdk\cpp\V5\V5_20220726_10_00_00/vexv5\libv5rt.a(vex_imu.cpp.obj) (vex::event::init(unsigned long, unsigned long, void (*)()))
c:\Users\trevo\AppData\Roaming\Code\User\globalStorage\vexrobotics.vexcode\sdk\cpp\V5\V5_20220726_10_00_00/vexv5\libv5rt.a(vex_mevent.cpp.obj)
                              c:\Users\trevo\AppData\Roaming\Code\User\globalStorage\vexrobotics.vexcode\sdk\cpp\V5\V5_20220726_10_00_00/vexv5\libv5rt.a(vex_controller.cpp.obj) (vex::mevent::mevent(unsigned long, unsigned long))
c:\Users\trevo\AppData\Roaming\Code\User\globalStorage\vexrobotics.vexcode\sdk\cpp\V5\V5_20220726_10_00_00/vexv5\libv5rt.a(vex_brain.cpp.obj)
                              build/src/autos.o (vex::brain::timer(vex::timeUnits))
c:\Users\trevo\AppData\Roaming\Code\User\globalStorage\vexrobotics.vexcode\sdk\cpp\V5\V5_20220726_10_00_00/vexv5\libv5rt.a(vex_competition.cpp.obj)
                              build/src/main.o (vex::competition::competition())
c:\Users\trevo\AppData\Roaming\Code\User\globalStorage\vexrobotics.vexcode\sdk\cpp\V5\V5_20220726_10_00_00/vexv5\libv5rt.a(vex_triport.cpp.obj)
                              c:\Users\trevo\AppData\Roaming\Code\User\globalStorage\vexrobotics.vexcode\sdk\cpp\V5\V5_20220726_10_00_00/vexv5\libv5rt.a(vex_brain.cpp.obj) (vex::triport::~triport())
c:\Users\trevo\AppData\Roaming\Code\User\globalStorage\vexrobotics.vexcode\sdk\cpp\V5\V5_20220726_10_00_00/vexv5\libv5rt.a(vex_color.cpp.obj)
                              c:\Users\trevo\AppData\Roaming\Code\User\globalStorage\vexrobotics.vexcode\sdk\cpp\V5\V5_20220726_10_00_00/vexv5\libv5rt.a(vex_brain.cpp.obj) (vex::color::operator unsigned long() const)
[...]
Memory Configuration

Name             Origin             Length             Attributes
ps7_ddr_0_S_AXI_BASEADDR 0x03800000         0x04800000
*default*        0x00000000         0xffffffff

Linker script and memory map

                0x00002000                _STACK_SIZE = DEFINED (_STACK_SIZE)?_STACK_SIZE:0x2000
                0x00100000                _HEAP_SIZE = DEFINED (_HEAP_SIZE)?_HEAP_SIZE:0x100000
                0x00000400                _ABORT_STACK_SIZE = DEFINED (_ABORT_STACK_SIZE)?_ABORT_STACK_SIZE:0x400
                0x00000800                _SUPERVISOR_STACK_SIZE = DEFINED (_SUPERVISOR_STACK_SIZE)?_SUPERVISOR_STACK_SIZE:0x800
                0x00000400                _IRQ_STACK_SIZE = DEFINED (_IRQ_STACK_SIZE)?_IRQ_STACK_SIZE:0x400
                0x00000400                _FIQ_STACK_SIZE = DEFINED (_FIQ_STACK_SIZE)?_FIQ_STACK_SIZE:0x400
                0x00000400                _UNDEF_STACK_SIZE = DEFINED (_UNDEF_STACK_SIZE)?_UNDEF_STACK_SIZE:0x400

.text           0x03800000     0x7478
 *(.vectors)
 *(.boot_data)
 .boot_data     0x03800000       0x20 c:\Users\trevo\AppData\Roaming\Code\User\globalStorage\vexrobotics.vexcode\sdk\cpp\V5\V5_20220726_10_00_00/vexv5\libv5rt.a(v5_startup.c.obj)
                0x03800000                vexCodeSig
                0x00000020                . = 0x20
 *(.boot)
 .boot          0x03800020       0xbc c:\Users\trevo\AppData\Roaming\Code\User\globalStorage\vexrobotics.vexcode\sdk\cpp\V5\V5_20220726_10_00_00/vexv5\libv5rt.a(v5_startup.c.obj)
                0x03800020                vexStartup
                0x03800100                . = ALIGN (0x40)
 *fill*         0x038000dc       0x24 
 *(.freertos_vectors)
 *(.text)
 .text          0x03800100       0x3a c:\Users\trevo\AppData\Roaming\Code\User\globalStorage\vexrobotics.vexcode\sdk\cpp\V5\V5_20220726_10_00_00/vexv5/gcc/libs\libc.a(lib_a-aeabi_memmove-soft.o)
                0x03800100                __aeabi_memmove4
                0x03800100                __aeabi_memmove
                0x03800100                __aeabi_memmove8
 .text          0x0380013a       0x9a c:\Users\trevo\AppData\Roaming\Code\User\globalStorage\vexrobotics.vexcode\sdk\cpp\V5\V5_20220726_10_00_00/vexv5/gcc/libs\libc.a(lib_a-aeabi_memset-soft.o)
                0x0380013a                __aeabi_memset8
                0x0380013a                __aeabi_memset
                0x0380013a                __aeabi_memset4
 *(.text.*)
 .text._ZN7tntnlib13TrackingWheelD2Ev
                0x038001d4       0x60 build/src/main.o
                0x038001d4                tntnlib::TrackingWheel::~TrackingWheel()
 .text._ZN7tntnlib4GyroD2Ev
                0x03800234       0x60 build/src/main.o
                0x03800234                tntnlib::Gyro::~Gyro()
 .text._Z10autonomousv
                0x03800294        0x4 build/src/main.o
                0x03800294                autonomous()
 .text._Z11usercontrolv
                0x03800298       0x8c build/src/main.o
                0x03800298                usercontrol()
 *fill*         0x03800324        0x4 
 .text.main     0x03800328       0x90 build/src/main.o
                0x03800328                main
 .text._GLOBAL__sub_I_main.cpp
                0x038003b8      0x3cc build/src/main.o
 .text._Z9startAutofff
                0x03800784       0xe8 build/src/autos.o
                0x03800784                startAuto(float, float, float)
 .text._Z18programming_skillsv
                0x0380086c      0x494 build/src/autos.o
                0x0380086c                programming_skills()
 .text._ZN7tntnlib4PathC2Effffffffi
                0x03800d00       0xd4 build/src/autos.o
                0x03800d00                tntnlib::Path::Path(float, float, float, float, float, float, float, float, int)
 .text._ZNSt6vectorIfSaIfEEC2EjRKS0_
                0x03800dd4       0x54 build/src/autos.o
                0x03800dd4                std::vector<float, std::allocator<float> >::vector(unsigned int, std::allocator<float> const&)
 .text._ZNSt12_Vector_baseIfSaIfEE11_M_allocateEj
                0x03800e28       0x30 build/src/autos.o
                0x03800e28                std::_Vector_base<float, std::allocator<float> >::_M_allocate(unsigned int)
 .text._GLOBAL__sub_I_autos.cpp
                0x03800e58       0xf4 build/src/autos.o
 .text._ZN7tntnlib4PoseC2Efff
                0x03800f4c        0x8 build/tntnlibrary/src/pose.o
                0x03800f4c                tntnlib::Pose::Pose(float, float, float)
                0x03800f4c                tntnlib::Pose::Pose(float, float, float)
 .text._ZN7tntnlib4PosemiERKS0_
                0x03800f54       0x2c build/tntnlibrary/src/pose.o
                0x03800f54                tntnlib::Pose::operator-(tntnlib::Pose const&)
 .text._ZN7tntnlib4Pose8distanceES0_
                0x03800f80       0x44 build/tntnlibrary/src/pose.o
                0x03800f80                tntnlib::Pose::distance(tntnlib::Pose)
 .text._ZN7tntnlib4Pose5angleES0_
                0x03800fc4       0x44 build/tntnlibrary/src/pose.o
                0x03800fc4                tntnlib::Pose::angle(tntnlib::Pose)
 .text._ZN7tntnlib5FAPIDC2Efffff
                0x03801008       0x48 build/tntnlibrary/src/pid.o
                0x03801008                tntnlib::FAPID::FAPID(float, float, float, float, float)
                0x03801008                tntnlib::FAPID::FAPID(float, float, float, float, float)
 .text._ZN7tntnlib5FAPID8setGainsEfffff
                0x03801050       0x18 build/tntnlibrary/src/pid.o
                0x03801050                tntnlib::FAPID::setGains(float, float, float, float, float)
 .text._ZN7tntnlib5FAPID11setIntegralEff
                0x03801068        0xc build/tntnlibrary/src/pid.o
                0x03801068                tntnlib::FAPID::setIntegral(float, float)
 .text._ZN7tntnlib5FAPID6updateEffb
                0x03801074      0x11c build/tntnlibrary/src/pid.o
                0x03801074                tntnlib::FAPID::update(float, float, bool)
 .text._ZN7tntnlib5FAPID5resetEv
                0x03801190       0x14 build/tntnlibrary/src/pid.o
                0x03801190                tntnlib::FAPID::reset()
 .text._GLOBAL__sub_I_pid.cpp
                0x038011a4       0xe4 build/tntnlibrary/src/pid.o
 .text._ZN7tntnlib4slewEfff
                0x03801288       0x4c build/tntnlibrary/src/util.o
                0x03801288                tntnlib::slew(float, float, float)
 *fill*         0x038012d4        0x4 
 .text._ZN7tntnlib8radToDegEf
                0x038012d8       0x34 build/tntnlibrary/src/util.o
                0x038012d8                tntnlib::radToDeg(float)
 *fill*         0x0380130c        0x4 
 .text._ZN7tntnlib8degToRadEf
                0x03801310       0x38 build/tntnlibrary/src/util.o
                0x03801310                tntnlib::degToRad(float)
 .text._ZN7tntnlib20degToStandardFormRadEf
                0x03801348       0x48 build/tntnlibrary/src/util.o
                0x03801348                tntnlib::degToStandardFormRad(float)
 .text._ZN7tntnlib20StandardFormRadToDegEf
                0x03801390       0x48 build/tntnlibrary/src/util.o
                0x03801390                tntnlib::StandardFormRadToDeg(float)
 .text._ZN7tntnlib10angleErrorEffb
                0x038013d8       0xc8 build/tntnlibrary/src/util.o
                0x038013d8                tntnlib::angleError(float, float, bool)
 .text._ZN7tntnlib3sgnEf
                0x038014a0       0x18 build/tntnlibrary/src/util.o
                0x038014a0                tntnlib::sgn(float)
 .text._ZN7tntnlib5clampEfff
                0x038014b8       0x2c build/tntnlibrary/src/util.o
                0x038014b8                tntnlib::clamp(float, float, float)
 .text._ZN7tntnlib12getCurvatureENS_4PoseES0_
                0x038014e4      0x160 build/tntnlibrary/src/util.o
                0x038014e4                tntnlib::getCurvature(tntnlib::Pose, tntnlib::Pose)
 *fill*         0x03801644        0x4 
 .text._ZN7tntnlib8Odometry9calibrateEb
                0x03801648       0xd8 build/tntnlibrary/src/chassis/odom.o
                0x03801648                tntnlib::Odometry::calibrate(bool)
 .text._ZN7tntnlib8Odometry7getPoseEv
                0x03801720       0x14 build/tntnlibrary/src/chassis/odom.o
                0x03801720                tntnlib::Odometry::getPose()
 .text._ZN7tntnlib8Odometry7setPoseENS_4PoseE
                0x03801734        0x8 build/tntnlibrary/src/chassis/odom.o
                0x03801734                tntnlib::Odometry::setPose(tntnlib::Pose)
 .text._ZN7tntnlib8Odometry6updateEv
                0x0380173c      0x328 build/tntnlibrary/src/chassis/odom.o
                0x0380173c                tntnlib::Odometry::update()
 *fill*         0x03801a64        0x4 
 .text._ZN7tntnlib7Chassis4tankEiif
                0x03801a68      0x148 build/tntnlibrary/src/chassis/opcontrol.o
                0x03801a68                tntnlib::Chassis::tank(int, int, float)
 .text._ZN7tntnlib7ChassisC2ESt8functionIFfffEE
                0x03801bb0       0x7c build/tntnlibrary/src/chassis/chassis.o
                0x03801bb0                tntnlib::Chassis::Chassis(std::function<float (float, float)>)
 .text._ZN7tntnlib7ChassisD2Ev
                0x03801c2c       0x38 build/tntnlibrary/src/chassis/chassis.o
                0x03801c2c                tntnlib::Chassis::~Chassis()
 .text._Z8odomLoopv
                0x03801c64       0x40 build/tntnlibrary/src/chassis/chassis.o
                0x03801c64                odomLoop()
 .text._ZN7tntnlib7Chassis6updateEv
                0x03801ca4       0x90 build/tntnlibrary/src/chassis/chassis.o
                0x03801ca4                tntnlib::Chassis::update()
 .text._ZN7tntnlib7Chassis10initializeEbfff
                0x03801d34       0xa8 build/tntnlibrary/src/chassis/chassis.o
                0x03801d34                tntnlib::Chassis::initialize(bool, float, float, float)
 .text._ZNSt10unique_ptrIN3vex4taskESt14default_deleteIS1_EED2Ev
                0x03801ddc       0x30 build/tntnlibrary/src/chassis/chassis.o
                0x03801ddc                std::unique_ptr<vex::task, std::default_delete<vex::task> >::~unique_ptr()
 .text._ZN7tntnlib7Chassis12turnSettingsEfff
                0x03801e0c       0x64 build/tntnlibrary/src/chassis/chassis.o
                0x03801e0c                tntnlib::Chassis::turnSettings(float, float, float)
 .text._ZN7tntnlib7Chassis14moveToSettingsEfffffff
                0x03801e70       0xa4 build/tntnlibrary/src/chassis/chassis.o
                0x03801e70                tntnlib::Chassis::moveToSettings(float, float, float, float, float, float, float)
 .text._ZN7tntnlib7Chassis13turnToHeadingEfbfffff
                0x03801f14       0x9c build/tntnlibrary/src/chassis/chassis.o
                0x03801f14                tntnlib::Chassis::turnToHeading(float, bool, float, float, float, float, float)
 .text._ZN7tntnlib7Chassis15stateMachineOffEv
                0x03801fb0        0xc build/tntnlibrary/src/chassis/chassis.o
                0x03801fb0                tntnlib::Chassis::stateMachineOff()
 .text._ZN7tntnlib7Chassis6followERNS_4PathEbffffffffffff
                0x03801fbc      0x228 build/tntnlibrary/src/chassis/chassis.o
                0x03801fbc                tntnlib::Chassis::follow(tntnlib::Path&, bool, float, float, float, float, float, float, float, float, float, float, float, float)
 .text._ZN7tntnlib7Chassis14stateMachineOnEv
                0x038021e4        0xc build/tntnlibrary/src/chassis/chassis.o
                0x038021e4                tntnlib::Chassis::stateMachineOn()
 .text._ZN7tntnlib7Chassis12stateMachineEv
                0x038021f0       0xd8 build/tntnlibrary/src/chassis/chassis.o
                0x038021f0                tntnlib::Chassis::stateMachine()
 .text._ZNSt6vectorIfSaIfEEC2ERKS1_
                0x038022c8       0x78 build/tntnlibrary/src/chassis/chassis.o
                0x038022c8                std::vector<float, std::allocator<float> >::vector(std::vector<float, std::allocator<float> > const&)
 .text._ZNSt10unique_ptrIN3vex4taskESt14default_deleteIS1_EE5resetEPS1_
                0x03802340       0x28 build/tntnlibrary/src/chassis/chassis.o
                0x03802340                std::unique_ptr<vex::task, std::default_delete<vex::task> >::reset(vex::task*)
 .text._GLOBAL__sub_I_chassis.cpp
                0x03802368      0x1f8 build/tntnlibrary/src/chassis/chassis.o
 .text._ZN7tntnlib13TrackingWheelC2ERN3vex7triport4portEfff
                0x03802560       0x44 build/tntnlibrary/src/devices/trackingWheel.o
                0x03802560                tntnlib::TrackingWheel::TrackingWheel(vex::triport::port&, float, float, float)
                0x03802560                tntnlib::TrackingWheel::TrackingWheel(vex::triport::port&, float, float, float)
 .text._ZN7tntnlib13TrackingWheel11getDistanceEv
                0x038025a4       0x38 build/tntnlibrary/src/devices/trackingWheel.o
                0x038025a4                tntnlib::TrackingWheel::getDistance()
 .text._ZNK7tntnlib13TrackingWheel9getOffsetEv
                0x038025dc        0x8 build/tntnlibrary/src/devices/trackingWheel.o
                0x038025dc                tntnlib::TrackingWheel::getOffset() const
 .text._ZNSt12__shared_ptrIN7tntnlib14OpticalEncoderELN9__gnu_cxx12_Lock_policyE0EEC2ISaIS1_EJRN3vex7triport4portERfEEESt19_Sp_make_shared_tagRKT_DpOT0_
                0x038025e4       0xbc build/tntnlibrary/src/devices/trackingWheel.o
                0x038025e4                std::__shared_ptr<tntnlib::OpticalEncoder, (__gnu_cxx::_Lock_policy)0>::__shared_ptr<std::allocator<tntnlib::OpticalEncoder>, vex::triport::port&, float&>(std::_Sp_make_shared_tag, std::allocator<tntnlib::OpticalEncoder> const&, vex::triport::port&, float&)
 .text._ZNSt19_Sp_counted_deleterIPN7tntnlib14OpticalEncoderENSt12__shared_ptrIS1_LN9__gnu_cxx12_Lock_policyE0EE8_DeleterISaIS1_EEES8_LS5_0EED2Ev
                0x038026a0        0x4 build/tntnlibrary/src/devices/trackingWheel.o
                0x038026a0                std::_Sp_counted_deleter<tntnlib::OpticalEncoder*, std::__shared_ptr<tntnlib::OpticalEncoder, (__gnu_cxx::_Lock_policy)0>::_Deleter<std::allocator<tntnlib::OpticalEncoder> >, std::allocator<tntnlib::OpticalEncoder>, (__gnu_cxx::_Lock_policy)0>::~_Sp_counted_deleter()
 .text._ZNSt19_Sp_counted_deleterIPN7tntnlib14OpticalEncoderENSt12__shared_ptrIS1_LN9__gnu_cxx12_Lock_policyE0EE8_DeleterISaIS1_EEES8_LS5_0EED0Ev
                0x038026a4        0x4 build/tntnlibrary/src/devices/trackingWheel.o
                0x038026a4                std::_Sp_counted_deleter<tntnlib::OpticalEncoder*, std::__shared_ptr<tntnlib::OpticalEncoder, (__gnu_cxx::_Lock_policy)0>::_Deleter<std::allocator<tntnlib::OpticalEncoder> >, std::allocator<tntnlib::OpticalEncoder>, (__gnu_cxx::_Lock_policy)0>::~_Sp_counted_deleter()
 .text._ZNSt19_Sp_counted_deleterIPN7tntnlib14OpticalEncoderENSt12__shared_ptrIS1_LN9__gnu_cxx12_Lock_policyE0EE8_DeleterISaIS1_EEES8_LS5_0EE10_M_disposeEv
                0x038026a8       0x30 build/tntnlibrary/src/devices/trackingWheel.o
                0x038026a8                std::_Sp_counted_deleter<tntnlib::OpticalEncoder*, std::__shared_ptr<tntnlib::OpticalEncoder, (__gnu_cxx::_Lock_policy)0>::_Deleter<std::allocator<tntnlib::OpticalEncoder> >, std::allocator<tntnlib::OpticalEncoder>, (__gnu_cxx::_Lock_policy)0>::_M_dispose()
 .text._ZNSt19_Sp_counted_deleterIPN7tntnlib14OpticalEncoderENSt12__shared_ptrIS1_LN9__gnu_cxx12_Lock_policyE0EE8_DeleterISaIS1_EEES8_LS5_0EE10_M_destroyEv
                0x038026d8        0x4 build/tntnlibrary/src/devices/trackingWheel.o
                0x038026d8                std::_Sp_counted_deleter<tntnlib::OpticalEncoder*, std::__shared_ptr<tntnlib::OpticalEncoder, (__gnu_cxx::_Lock_policy)0>::_Deleter<std::allocator<tntnlib::OpticalEncoder> >, std::allocator<tntnlib::OpticalEncoder>, (__gnu_cxx::_Lock_policy)0>::_M_destroy()
 .text._ZNSt19_Sp_counted_deleterIPN7tntnlib14OpticalEncoderENSt12__shared_ptrIS1_LN9__gnu_cxx12_Lock_policyE0EE8_DeleterISaIS1_EEES8_LS5_0EE14_M_get_deleterERKSt9type_info
                0x038026dc        0x8 build/tntnlibrary/src/devices/trackingWheel.o
                0x038026dc                std::_Sp_counted_deleter<tntnlib::OpticalEncoder*, std::__shared_ptr<tntnlib::OpticalEncoder, (__gnu_cxx::_Lock_policy)0>::_Deleter<std::allocator<tntnlib::OpticalEncoder> >, std::allocator<tntnlib::OpticalEncoder>, (__gnu_cxx::_Lock_policy)0>::_M_get_deleter(std::type_info const&)
 .text._ZN7tntnlib4GyroC2Eif
                0x038026e4       0x40 build/tntnlibrary/src/devices/gyro.o
                0x038026e4                tntnlib::Gyro::Gyro(int, float)
                0x038026e4                tntnlib::Gyro::Gyro(int, float)
 .text._ZN7tntnlib4Gyro9calibrateEv
                0x03802724       0x10 build/tntnlibrary/src/devices/gyro.o
                0x03802724                tntnlib::Gyro::calibrate()
 .text._ZN7tntnlib4Gyro13isCalibratingEv
                0x03802734       0x10 build/tntnlibrary/src/devices/gyro.o
                0x03802734                tntnlib::Gyro::isCalibrating()
 .text._ZN7tntnlib4Gyro8rotationEv
                0x03802744       0x10 build/tntnlibrary/src/devices/gyro.o
                0x03802744                tntnlib::Gyro::rotation()
 .text._ZNSt12__shared_ptrIN7tntnlib3ImuELN9__gnu_cxx12_Lock_policyE0EEC2ISaIS1_EJRiRfEEESt19_Sp_make_shared_tagRKT_DpOT0_
                0x03802754       0xbc build/tntnlibrary/src/devices/gyro.o
                0x03802754                std::__shared_ptr<tntnlib::Imu, (__gnu_cxx::_Lock_policy)0>::__shared_ptr<std::allocator<tntnlib::Imu>, int&, float&>(std::_Sp_make_shared_tag, std::allocator<tntnlib::Imu> const&, int&, float&)
 .text._ZNSt19_Sp_counted_deleterIPN7tntnlib3ImuENSt12__shared_ptrIS1_LN9__gnu_cxx12_Lock_policyE0EE8_DeleterISaIS1_EEES8_LS5_0EED2Ev
                0x03802810        0x4 build/tntnlibrary/src/devices/gyro.o
                0x03802810                std::_Sp_counted_deleter<tntnlib::Imu*, std::__shared_ptr<tntnlib::Imu, (__gnu_cxx::_Lock_policy)0>::_Deleter<std::allocator<tntnlib::Imu> >, std::allocator<tntnlib::Imu>, (__gnu_cxx::_Lock_policy)0>::~_Sp_counted_deleter()
 .text._ZNSt19_Sp_counted_deleterIPN7tntnlib3ImuENSt12__shared_ptrIS1_LN9__gnu_cxx12_Lock_policyE0EE8_DeleterISaIS1_EEES8_LS5_0EED0Ev
                0x03802814        0x4 build/tntnlibrary/src/devices/gyro.o
                0x03802814                std::_Sp_counted_deleter<tntnlib::Imu*, std::__shared_ptr<tntnlib::Imu, (__gnu_cxx::_Lock_policy)0>::_Deleter<std::allocator<tntnlib::Imu> >, std::allocator<tntnlib::Imu>, (__gnu_cxx::_Lock_policy)0>::~_Sp_counted_deleter()
 .text._ZNSt19_Sp_counted_deleterIPN7tntnlib3ImuENSt12__shared_ptrIS1_LN9__gnu_cxx12_Lock_policyE0EE8_DeleterISaIS1_EEES8_LS5_0EE10_M_disposeEv
                0x03802818       0x30 build/tntnlibrary/src/devices/gyro.o
                0x03802818                std::_Sp_counted_deleter<tntnlib::Imu*, std::__shared_ptr<tntnlib::Imu, (__gnu_cxx::_Lock_policy)0>::_Deleter<std::allocator<tntnlib::Imu> >, std::allocator<tntnlib::Imu>, (__gnu_cxx::_Lock_policy)0>::_M_dispose()
 .text._ZNSt19_Sp_counted_deleterIPN7tntnlib3ImuENSt12__shared_ptrIS1_LN9__gnu_cxx12_Lock_policyE0EE8_DeleterISaIS1_EEES8_LS5_0EE10_M_destroyEv
                0x03802848        0x4 build/tntnlibrary/src/devices/gyro.o
                0x03802848                std::_Sp_counted_deleter<tntnlib::Imu*, std::__shared_ptr<tntnlib::Imu, (__gnu_cxx::_Lock_policy)0>::_Deleter<std::allocator<tntnlib::Imu> >, std::allocator<tntnlib::Imu>, (__gnu_cxx::_Lock_policy)0>::_M_destroy()
 .text._ZNSt19_Sp_counted_deleterIPN7tntnlib3ImuENSt12__shared_ptrIS1_LN9__gnu_cxx12_Lock_policyE0EE8_DeleterISaIS1_EEES8_LS5_0EE14_M_get_deleterERKSt9type_info
                0x0380284c        0x8 build/tntnlibrary/src/devices/gyro.o
                0x0380284c                std::_Sp_counted_deleter<tntnlib::Imu*, std::__shared_ptr<tntnlib::Imu, (__gnu_cxx::_Lock_policy)0>::_Deleter<std::allocator<tntnlib::Imu> >, std::allocator<tntnlib::Imu>, (__gnu_cxx::_Lock_policy)0>::_M_get_deleter(std::type_info const&)
 .text._ZN7tntnlib14OpticalEncoderC2ERN3vex7triport4portEf
                0x03802854       0x34 build/tntnlibrary/src/devices/optical.o
                0x03802854                tntnlib::OpticalEncoder::OpticalEncoder(vex::triport::port&, float)
                0x03802854                tntnlib::OpticalEncoder::OpticalEncoder(vex::triport::port&, float)
 .text._ZN7tntnlib14OpticalEncoder8getAngleEv
                0x03802888       0x60 build/tntnlibrary/src/devices/optical.o
                0x03802888                tntnlib::OpticalEncoder::getAngle()
 .text._ZN7tntnlib14OpticalEncoder5resetEv
                0x038028e8       0x18 build/tntnlibrary/src/devices/optical.o
                0x038028e8                tntnlib::OpticalEncoder::reset()
 .text._GLOBAL__sub_I_optical.cpp
                0x03802900       0x34 build/tntnlibrary/src/devices/optical.o
 .text._ZN7tntnlib3ImuC2Eif
                0x03802934       0x44 build/tntnlibrary/src/devices/imu.o
                0x03802934                tntnlib::Imu::Imu(int, float)
                0x03802934                tntnlib::Imu::Imu(int, float)
 .text._ZN7tntnlib3Imu8rotationEv
                0x03802978       0x3c build/tntnlibrary/src/devices/imu.o
                0x03802978                tntnlib::Imu::rotation()
 .text._ZN7tntnlib3Imu5setToEf
                0x038029b4       0x38 build/tntnlibrary/src/devices/imu.o
                0x038029b4                tntnlib::Imu::setTo(float)
 .text._ZN7tntnlib3Imu9calibrateEv
                0x038029ec        0xc build/tntnlibrary/src/devices/imu.o
                0x038029ec                tntnlib::Imu::calibrate()
 .text._ZN7tntnlib3Imu13isCalibratingEv
                0x038029f8        0x8 build/tntnlibrary/src/devices/imu.o
                0x038029f8                tntnlib::Imu::isCalibrating()
 .text._GLOBAL__sub_I_imu.cpp
                0x03802a00       0x34 build/tntnlibrary/src/devices/imu.o
 .text._GLOBAL__sub_I_defaultDevices.cpp
                0x03802a34       0x34 build/tntnlibrary/src/devices/defaultDevices.o
 .text._ZN7tntnlib4PathD2Ev
                0x03802a68       0x84 build/tntnlibrary/src/movements/moveTo.o
                0x03802a68                tntnlib::Path::~Path()
 .text._ZN7tntnlib6MoveTo6paramsENS_4PoseENS_4PathEbffff
                0x03802aec      0x110 build/tntnlibrary/src/movements/moveTo.o
                0x03802aec                tntnlib::MoveTo::params(tntnlib::Pose, tntnlib::Path, bool, float, float, float, float)
 .text._ZN7tntnlib6MoveTo12updateTargetERNS_4PoseE
                0x03802bfc       0xa0 build/tntnlibrary/src/movements/moveTo.o
                0x03802bfc                tntnlib::MoveTo::updateTarget(tntnlib::Pose&)
 *fill*         0x03802c9c        0x4 
 .text._ZN7tntnlib6MoveTo6updateENS_4PoseE
                0x03802ca0      0x3f4 build/tntnlibrary/src/movements/moveTo.o
                0x03802ca0                tntnlib::MoveTo::update(tntnlib::Pose)
 .text._ZNSt6vectorIfSaIfEEaSERKS1_
                0x03803094      0x104 build/tntnlibrary/src/movements/moveTo.o
                0x03803094                std::vector<float, std::allocator<float> >::operator=(std::vector<float, std::allocator<float> > const&)
 .text._GLOBAL__sub_I_moveTo.cpp
                0x03803198      0x1ac build/tntnlibrary/src/movements/moveTo.o
 .text._ZN7tntnlib4Turn6paramsEfbfbbb
                0x03803344       0x3c build/tntnlibrary/src/movements/turn.o
                0x03803344                tntnlib::Turn::params(float, bool, float, bool, bool, bool)
 .text._ZN7tntnlib4Turn6updateENS_4PoseE
                0x03803380      0x18c build/tntnlibrary/src/movements/turn.o
                0x03803380                tntnlib::Turn::update(tntnlib::Pose)
 .text._GLOBAL__sub_I_turn.cpp
                0x0380350c      0x108 build/tntnlibrary/src/movements/turn.o
 .text._ZN7tntnlib11straightPid6updateENS_4PoseE
                0x03803614      0x1dc build/tntnlibrary/src/movements/straightPid.o
                0x03803614                tntnlib::straightPid::update(tntnlib::Pose)
 .text._GLOBAL__sub_I_straightPid.cpp
                0x038037f0       0xf0 build/tntnlibrary/src/movements/straightPid.o
 .text._ZN7tntnlib11PurePursuit18searchForIntersectERNS_4PathERNS_4PoseEf
                0x038038e0      0x418 build/tntnlibrary/src/pathing/purePursuit.o
                0x038038e0                tntnlib::PurePursuit::searchForIntersect(tntnlib::Path&, tntnlib::Pose&, float)
 .text._ZN7tntnlib11PurePursuit16getNextIntersectERNS_4PathERNS_4PoseEf
                0x03803cf8       0x94 build/tntnlibrary/src/pathing/purePursuit.o
                0x03803cf8                tntnlib::PurePursuit::getNextIntersect(tntnlib::Path&, tntnlib::Pose&, float)
 .text._GLOBAL__sub_I_purePursuit.cpp
                0x03803d8c       0x74 build/tntnlibrary/src/pathing/purePursuit.o
 .text._ZN7tntnlib4PathplERKS0_
                0x03803e00      0x28c build/tntnlibrary/src/pathing/cubicBezier.o
                0x03803e00                tntnlib::Path::operator+(tntnlib::Path const&)
 .text._ZN7tntnlib4Path18cubicInterpolateD1Efffff
                0x0380408c       0x90 build/tntnlibrary/src/pathing/cubicBezier.o
                0x0380408c                tntnlib::Path::cubicInterpolateD1(float, float, float, float, float)
 *fill*         0x0380411c        0x4 
 .text._ZN7tntnlib4Path33cubicInterpolateDerivativeDegreesEf
                0x03804120       0xa0 build/tntnlibrary/src/pathing/cubicBezier.o
                0x03804120                tntnlib::Path::cubicInterpolateDerivativeDegrees(float)
 .text._ZN7tntnlib4Path12generatePathEv
                0x038041c0      0x22c build/tntnlibrary/src/pathing/cubicBezier.o
                0x038041c0                tntnlib::Path::generatePath()
 .text._GLOBAL__sub_I_cubicBezier.cpp
                0x038043ec       0x34 build/tntnlibrary/src/pathing/cubicBezier.o
 .text.vexMain  0x03804420       0xb0 c:\Users\trevo\AppData\Roaming\Code\User\globalStorage\vexrobotics.vexcode\sdk\cpp\V5\V5_20220726_10_00_00/vexv5\libv5rt.a(v5_startup.c.obj)
                0x03804420                vexMain
 .text.__vex_function_prolog
                0x038044d0       0x18 c:\Users\trevo\AppData\Roaming\Code\User\globalStorage\vexrobotics.vexcode\sdk\cpp\V5\V5_20220726_10_00_00/vexv5\libv5rt.a(v5_startup.c.obj)
                0x038044d0                __vex_function_prolog
 .text._init    0x038044e8        0x4 c:\Users\trevo\AppData\Roaming\Code\User\globalStorage\vexrobotics.vexcode\sdk\cpp\V5\V5_20220726_10_00_00/vexv5\libv5rt.a(v5_startup.c.obj)
                0x038044e8                _init
 .text._fini    0x038044ec        0x4 c:\Users\trevo\AppData\Roaming\Code\User\globalStorage\vexrobotics.vexcode\sdk\cpp\V5\V5_20220726_10_00_00/vexv5\libv5rt.a(v5_startup.c.obj)
                0x038044ec                _fini
 .text.vexStdlibVersionLinked
                0x038044f0        0xc c:\Users\trevo\AppData\Roaming\Code\User\globalStorage\vexrobotics.vexcode\sdk\cpp\V5\V5_20220726_10_00_00/vexv5\libv5rt.a(v5_util.c.obj)
                0x038044f0                vexStdlibVersionLinked
 .text.vexStdlibVersionVerify
                0x038044fc       0x30 c:\Users\trevo\AppData\Roaming\Code\User\globalStorage\vexrobotics.vexcode\sdk\cpp\V5\V5_20220726_10_00_00/vexv5\libv5rt.a(v5_util.c.obj)
                0x038044fc                vexStdlibVersionVerify
 .text.vexPrivateApiEnable
                0x0380452c       0x10 c:\Users\trevo\AppData\Roaming\Code\User\globalStorage\vexrobotics.vexcode\sdk\cpp\V5\V5_20220726_10_00_00/vexv5\libv5rt.a(v5_apijump.c.obj)
                0x0380452c                vexPrivateApiEnable
 .text.vexStdlibMismatchError
                0x0380453c       0x3c c:\Users\trevo\AppData\Roaming\Code\User\globalStorage\vexrobotics.vexcode\sdk\cpp\V5\V5_20220726_10_00_00/vexv5\libv5rt.a(v5_apijump.c.obj)
                0x0380453c                vexStdlibMismatchError
 .text.vexTaskAdd
                0x03804578       0x10 c:\Users\trevo\AppData\Roaming\Code\User\globalStorage\vexrobotics.vexcode\sdk\cpp\V5\V5_20220726_10_00_00/vexv5\libv5rt.a(v5_apijump.c.obj)
                0x03804578                vexTaskAdd
 .text.vexTasksRun
                0x03804588       0x10 c:\Users\trevo\AppData\Roaming\Code\User\globalStorage\vexrobotics.vexcode\sdk\cpp\V5\V5_20220726_10_00_00/vexv5\libv5rt.a(v5_apijump.c.obj)
                0x03804588                vexTasksRun
 .text.vexTaskYield
                0x03804598       0x10 c:\Users\trevo\AppData\Roaming\Code\User\globalStorage\vexrobotics.vexcode\sdk\cpp\V5\V5_20220726_10_00_00/vexv5\libv5rt.a(v5_apijump.c.obj)
                0x03804598                vexTaskYield
 .text.vexTaskCheckTimeslice
                0x038045a8       0x10 c:\Users\trevo\AppData\Roaming\Code\User\globalStorage\vexrobotics.vexcode\sdk\cpp\V5\V5_20220726_10_00_00/vexv5\libv5rt.a(v5_apijump.c.obj)
                0x038045a8                vexTaskCheckTimeslice
 .text.vexTaskSleep
                0x038045b8       0x10 c:\Users\trevo\AppData\Roaming\Code\User\globalStorage\vexrobotics.vexcode\sdk\cpp\V5\V5_20220726_10_00_00/vexv5\libv5rt.a(v5_apijump.c.obj)
                0x038045b8                vexTaskSleep
 .text.vexTasksDump
                0x038045c8       0x1c c:\Users\trevo\AppData\Roaming\Code\User\globalStorage\vexrobotics.vexcode\sdk\cpp\V5\V5_20220726_10_00_00/vexv5\libv5rt.a(v5_apijump.c.obj)
                0x038045c8                vexTasksDump
 .text.vexTaskGetTaskIndex
                0x038045e4       0x10 c:\Users\trevo\AppData\Roaming\Code\User\globalStorage\vexrobotics.vexcode\sdk\cpp\V5\V5_20220726_10_00_00/vexv5\libv5rt.a(v5_apijump.c.obj)
                0x038045e4                vexTaskGetTaskIndex
 .text.vexTaskStopAll
                0x038045f4       0x10 c:\Users\trevo\AppData\Roaming\Code\User\globalStorage\vexrobotics.vexcode\sdk\cpp\V5\V5_20220726_10_00_00/vexv5\libv5rt.a(v5_apijump.c.obj)
                0x038045f4                vexTaskStopAll
 .text.vexTaskRemoveAllUser
                0x03804604       0x34 c:\Users\trevo\AppData\Roaming\Code\User\globalStorage\vexrobotics.vexcode\sdk\cpp\V5\V5_20220726_10_00_00/vexv5\libv5rt.a(v5_apijump.c.obj)
                0x03804604                vexTaskRemoveAllUser
 .text.vexTaskCompletionIdSet
                0x03804638       0x10 c:\Users\trevo\AppData\Roaming\Code\User\globalStorage\vexrobotics.vexcode\sdk\cpp\V5\V5_20220726_10_00_00/vexv5\libv5rt.a(v5_apijump.c.obj)
                0x03804638                vexTaskCompletionIdSet
 .text.vexTaskStopWithId
                0x03804648       0x10 c:\Users\trevo\AppData\Roaming\Code\User\globalStorage\vexrobotics.vexcode\sdk\cpp\V5\V5_20220726_10_00_00/vexv5\libv5rt.a(v5_apijump.c.obj)
                0x03804648                vexTaskStopWithId
 .text.vexEventAdd
                0x03804658       0x34 c:\Users\trevo\AppData\Roaming\Code\User\globalStorage\vexrobotics.vexcode\sdk\cpp\V5\V5_20220726_10_00_00/vexv5\libv5rt.a(v5_apijump.c.obj)
                0x03804658                vexEventAdd
 .text.vexEventUserIndexGet
                0x0380468c       0x1c c:\Users\trevo\AppData\Roaming\Code\User\globalStorage\vexrobotics.vexcode\sdk\cpp\V5\V5_20220726_10_00_00/vexv5\libv5rt.a(v5_apijump.c.obj)
                0x0380468c                vexEventUserIndexGet
 .text.vexEventAddWithArg
                0x038046a8       0x3c c:\Users\trevo\AppData\Roaming\Code\User\globalStorage\vexrobotics.vexcode\sdk\cpp\V5\V5_20220726_10_00_00/vexv5\libv5rt.a(v5_apijump.c.obj)
                0x038046a8                vexEventAddWithArg
 .text.vexEventsCleanup
                0x038046e4       0x2c c:\Users\trevo\AppData\Roaming\Code\User\globalStorage\vexrobotics.vexcode\sdk\cpp\V5\V5_20220726_10_00_00/vexv5\libv5rt.a(v5_apijump.c.obj)
                0x038046e4                vexEventsCleanup
 .text.vexDebug
                0x03804710       0x38 c:\Users\trevo\AppData\Roaming\Code\User\globalStorage\vexrobotics.vexcode\sdk\cpp\V5\V5_20220726_10_00_00/vexv5\libv5rt.a(v5_apijump.c.obj)
                0x03804710                vexDebug
 .text.vex_sprintf
                0x03804748       0x40 c:\Users\trevo\AppData\Roaming\Code\User\globalStorage\vexrobotics.vexcode\sdk\cpp\V5\V5_20220726_10_00_00/vexv5\libv5rt.a(v5_apijump.c.obj)
                0x03804748                vex_sprintf
 .text.vexSystemTimeGet
                0x03804788       0x1c c:\Users\trevo\AppData\Roaming\Code\User\globalStorage\vexrobotics.vexcode\sdk\cpp\V5\V5_20220726_10_00_00/vexv5\libv5rt.a(v5_apijump.c.obj)
                0x03804788                vexSystemTimeGet
 .text.vexSystemExitRequest
                0x038047a4       0x1c c:\Users\trevo\AppData\Roaming\Code\User\globalStorage\vexrobotics.vexcode\sdk\cpp\V5\V5_20220726_10_00_00/vexv5\libv5rt.a(v5_apijump.c.obj)
                0x038047a4                vexSystemExitRequest
 .text.vexDeviceGetByIndex
                0x038047c0       0x24 c:\Users\trevo\AppData\Roaming\Code\User\globalStorage\vexrobotics.vexcode\sdk\cpp\V5\V5_20220726_10_00_00/vexv5\libv5rt.a(v5_apijump.c.obj)
                0x038047c0                vexDeviceGetByIndex
 .text.vexControllerGet
                0x038047e4       0x2c c:\Users\trevo\AppData\Roaming\Code\User\globalStorage\vexrobotics.vexcode\sdk\cpp\V5\V5_20220726_10_00_00/vexv5\libv5rt.a(v5_apijump.c.obj)
                0x038047e4                vexControllerGet
 .text.vexControllerTextSet
                0x03804810       0x74 c:\Users\trevo\AppData\Roaming\Code\User\globalStorage\vexrobotics.vexcode\sdk\cpp\V5\V5_20220726_10_00_00/vexv5\libv5rt.a(v5_apijump.c.obj)
                0x03804810                vexControllerTextSet
 .text.vexDeviceAdiPortConfigSet
                0x03804884       0x34 c:\Users\trevo\AppData\Roaming\Code\User\globalStorage\vexrobotics.vexcode\sdk\cpp\V5\V5_20220726_10_00_00/vexv5\libv5rt.a(v5_apijump.c.obj)
                0x03804884                vexDeviceAdiPortConfigSet
 .text.vexDeviceAdiPortConfigGet
                0x038048b8       0x2c c:\Users\trevo\AppData\Roaming\Code\User\globalStorage\vexrobotics.vexcode\sdk\cpp\V5\V5_20220726_10_00_00/vexv5\libv5rt.a(v5_apijump.c.obj)
                0x038048b8                vexDeviceAdiPortConfigGet
 .text.vexDeviceAdiValueSet
                0x038048e4       0x34 c:\Users\trevo\AppData\Roaming\Code\User\globalStorage\vexrobotics.vexcode\sdk\cpp\V5\V5_20220726_10_00_00/vexv5\libv5rt.a(v5_apijump.c.obj)
                0x038048e4                vexDeviceAdiValueSet
 .text.vexDeviceAdiValueGet
                0x03804918       0x2c c:\Users\trevo\AppData\Roaming\Code\User\globalStorage\vexrobotics.vexcode\sdk\cpp\V5\V5_20220726_10_00_00/vexv5\libv5rt.a(v5_apijump.c.obj)
                0x03804918                vexDeviceAdiValueGet
 .text.vexDeviceMotorVoltageSet
                0x03804944       0x2c c:\Users\trevo\AppData\Roaming\Code\User\globalStorage\vexrobotics.vexcode\sdk\cpp\V5\V5_20220726_10_00_00/vexv5\libv5rt.a(v5_apijump.c.obj)
                0x03804944                vexDeviceMotorVoltageSet
 .text.vexDeviceMotorActualVelocityGet
                0x03804970       0x24 c:\Users\trevo\AppData\Roaming\Code\User\globalStorage\vexrobotics.vexcode\sdk\cpp\V5\V5_20220726_10_00_00/vexv5\libv5rt.a(v5_apijump.c.obj)
                0x03804970                vexDeviceMotorActualVelocityGet
 .text.vexDeviceMotorReverseFlagSet
                0x03804994       0x2c c:\Users\trevo\AppData\Roaming\Code\User\globalStorage\vexrobotics.vexcode\sdk\cpp\V5\V5_20220726_10_00_00/vexv5\libv5rt.a(v5_apijump.c.obj)
                0x03804994                vexDeviceMotorReverseFlagSet
 .text.vexDeviceMotorBrakeModeSet
                0x038049c0       0x2c c:\Users\trevo\AppData\Roaming\Code\User\globalStorage\vexrobotics.vexcode\sdk\cpp\V5\V5_20220726_10_00_00/vexv5\libv5rt.a(v5_apijump.c.obj)
                0x038049c0                vexDeviceMotorBrakeModeSet
 .text.vexDeviceMotorPositionSet
                0x038049ec       0x34 c:\Users\trevo\AppData\Roaming\Code\User\globalStorage\vexrobotics.vexcode\sdk\cpp\V5\V5_20220726_10_00_00/vexv5\libv5rt.a(v5_apijump.c.obj)
                0x038049ec                vexDeviceMotorPositionSet
 .text.vexDeviceMotorGearingSet
                0x03804a20       0x2c c:\Users\trevo\AppData\Roaming\Code\User\globalStorage\vexrobotics.vexcode\sdk\cpp\V5\V5_20220726_10_00_00/vexv5\libv5rt.a(v5_apijump.c.obj)
                0x03804a20                vexDeviceMotorGearingSet
 .text.vexDeviceMotorGearingGet
                0x03804a4c       0x24 c:\Users\trevo\AppData\Roaming\Code\User\globalStorage\vexrobotics.vexcode\sdk\cpp\V5\V5_20220726_10_00_00/vexv5\libv5rt.a(v5_apijump.c.obj)
                0x03804a4c                vexDeviceMotorGearingGet
 .text.vexDeviceImuReset
                0x03804a70       0x24 c:\Users\trevo\AppData\Roaming\Code\User\globalStorage\vexrobotics.vexcode\sdk\cpp\V5\V5_20220726_10_00_00/vexv5\libv5rt.a(v5_apijump.c.obj)
                0x03804a70                vexDeviceImuReset
 .text.vexDeviceImuHeadingGet
                0x03804a94       0x24 c:\Users\trevo\AppData\Roaming\Code\User\globalStorage\vexrobotics.vexcode\sdk\cpp\V5\V5_20220726_10_00_00/vexv5\libv5rt.a(v5_apijump.c.obj)
                0x03804a94                vexDeviceImuHeadingGet
 .text.vexDeviceImuDegreesGet
                0x03804ab8       0x24 c:\Users\trevo\AppData\Roaming\Code\User\globalStorage\vexrobotics.vexcode\sdk\cpp\V5\V5_20220726_10_00_00/vexv5\libv5rt.a(v5_apijump.c.obj)
                0x03804ab8                vexDeviceImuDegreesGet
 .text.vexDeviceImuStatusGet
                0x03804adc       0x24 c:\Users\trevo\AppData\Roaming\Code\User\globalStorage\vexrobotics.vexcode\sdk\cpp\V5\V5_20220726_10_00_00/vexv5\libv5rt.a(v5_apijump.c.obj)
                0x03804adc                vexDeviceImuStatusGet
 .text.vexDisplayForegroundColor
                0x03804b00       0x24 c:\Users\trevo\AppData\Roaming\Code\User\globalStorage\vexrobotics.vexcode\sdk\cpp\V5\V5_20220726_10_00_00/vexv5\libv5rt.a(v5_apijump.c.obj)
                0x03804b00                vexDisplayForegroundColor
 .text.vexDisplayBackgroundColor
                0x03804b24       0x24 c:\Users\trevo\AppData\Roaming\Code\User\globalStorage\vexrobotics.vexcode\sdk\cpp\V5\V5_20220726_10_00_00/vexv5\libv5rt.a(v5_apijump.c.obj)
                0x03804b24                vexDisplayBackgroundColor
 .text.vexDisplayTextReference
                0x03804b48       0x24 c:\Users\trevo\AppData\Roaming\Code\User\globalStorage\vexrobotics.vexcode\sdk\cpp\V5\V5_20220726_10_00_00/vexv5\libv5rt.a(v5_apijump.c.obj)
                0x03804b48                vexDisplayTextReference
 .text.vexDisplayTextSize
                0x03804b6c       0x2c c:\Users\trevo\AppData\Roaming\Code\User\globalStorage\vexrobotics.vexcode\sdk\cpp\V5\V5_20220726_10_00_00/vexv5\libv5rt.a(v5_apijump.c.obj)
                0x03804b6c                vexDisplayTextSize
 .text.vexDisplayFontNamedSet
                0x03804b98       0x24 c:\Users\trevo\AppData\Roaming\Code\User\globalStorage\vexrobotics.vexcode\sdk\cpp\V5\V5_20220726_10_00_00/vexv5\libv5rt.a(v5_apijump.c.obj)
                0x03804b98                vexDisplayFontNamedSet
 .text.vexSystemStdlibImpureDataAddr
                0x03804bbc       0x28 c:\Users\trevo\AppData\Roaming\Code\User\globalStorage\vexrobotics.vexcode\sdk\cpp\V5\V5_20220726_10_00_00/vexv5\libv5rt.a(v5_apijump.c.obj)
                0x03804bbc                vexSystemStdlibImpureDataAddr
 .text.vexSystemStdlibImpureDataSize
                0x03804be4       0x28 c:\Users\trevo\AppData\Roaming\Code\User\globalStorage\vexrobotics.vexcode\sdk\cpp\V5\V5_20220726_10_00_00/vexv5\libv5rt.a(v5_apijump.c.obj)
                0x03804be4                vexSystemStdlibImpureDataSize
 .text.vexSystemSaveUserData
                0x03804c0c       0x3c c:\Users\trevo\AppData\Roaming\Code\User\globalStorage\vexrobotics.vexcode\sdk\cpp\V5\V5_20220726_10_00_00/vexv5\libv5rt.a(v5_apijump.c.obj)
                0x03804c0c                vexSystemSaveUserData
 .text.vexDisplayThemeIdGet
                0x03804c48       0x38 c:\Users\trevo\AppData\Roaming\Code\User\globalStorage\vexrobotics.vexcode\sdk\cpp\V5\V5_20220726_10_00_00/vexv5\libv5rt.a(v5_apijump.c.obj)
                0x03804c48                vexDisplayThemeIdGet
 .text.vexDeviceEventMaskSet
                0x03804c80       0x48 c:\Users\trevo\AppData\Roaming\Code\User\globalStorage\vexrobotics.vexcode\sdk\cpp\V5\V5_20220726_10_00_00/vexv5\libv5rt.a(v5_apijump.c.obj)
                0x03804c80                vexDeviceEventMaskSet
 .text.vexDeviceEventMaskGet
                0x03804cc8       0x3c c:\Users\trevo\AppData\Roaming\Code\User\globalStorage\vexrobotics.vexcode\sdk\cpp\V5\V5_20220726_10_00_00/vexv5\libv5rt.a(v5_apijump.c.obj)
                0x03804cc8                vexDeviceEventMaskGet
 .text.vexSystemVersion
                0x03804d04       0x10 c:\Users\trevo\AppData\Roaming\Code\User\globalStorage\vexrobotics.vexcode\sdk\cpp\V5\V5_20220726_10_00_00/vexv5\libv5rt.a(v5_apiversions.c.obj)
                0x03804d04                vexSystemVersion
 .text.vexStdlibVersion
                0x03804d14       0x10 c:\Users\trevo\AppData\Roaming\Code\User\globalStorage\vexrobotics.vexcode\sdk\cpp\V5\V5_20220726_10_00_00/vexv5\libv5rt.a(v5_apiversions.c.obj)
                0x03804d14                vexStdlibVersion
 *fill*         0x03804d24        0x4 
 .text._ZN3vex4waitEdNS_9timeUnitsE
                0x03804d28       0x30 c:\Users\trevo\AppData\Roaming\Code\User\globalStorage\vexrobotics.vexcode\sdk\cpp\V5\V5_20220726_10_00_00/vexv5\libv5rt.a(vex_global.cpp.obj)
                0x03804d28                vex::wait(double, vex::timeUnits)
 .text._ZN3vex5motorD2Ev
                0x03804d58       0x20 c:\Users\trevo\AppData\Roaming\Code\User\globalStorage\vexrobotics.vexcode\sdk\cpp\V5\V5_20220726_10_00_00/vexv5\libv5rt.a(vex_motor.cpp.obj)
                0x03804d58                vex::motor::~motor()
                0x03804d58                vex::motor::~motor()
 .text._ZN3vex5motorD0Ev
                0x03804d78       0x1c c:\Users\trevo\AppData\Roaming\Code\User\globalStorage\vexrobotics.vexcode\sdk\cpp\V5\V5_20220726_10_00_00/vexv5\libv5rt.a(vex_motor.cpp.obj)
                0x03804d78                vex::motor::~motor()
 .text._ZN3vex5motor9installedEv
                0x03804d94       0x18 c:\Users\trevo\AppData\Roaming\Code\User\globalStorage\vexrobotics.vexcode\sdk\cpp\V5\V5_20220726_10_00_00/vexv5\libv5rt.a(vex_motor.cpp.obj)
                0x03804d94                vex::motor::installed()
 .text._ZN3vex5motor15defaultStoppingENS_9brakeTypeE
                0x03804dac       0x30 c:\Users\trevo\AppData\Roaming\Code\User\globalStorage\vexrobotics.vexcode\sdk\cpp\V5\V5_20220726_10_00_00/vexv5\libv5rt.a(vex_motor.cpp.obj)
                0x03804dac                vex::motor::defaultStopping(vex::brakeType)
 .text._ZN3vex5motorC2El
                0x03804ddc       0x78 c:\Users\trevo\AppData\Roaming\Code\User\globalStorage\vexrobotics.vexcode\sdk\cpp\V5\V5_20220726_10_00_00/vexv5\libv5rt.a(vex_motor.cpp.obj)
                0x03804ddc                vex::motor::motor(long)
                0x03804ddc                vex::motor::motor(long)
 .text._ZN3vex5motorC2ElNS_11gearSettingEb
                0x03804e54       0x34 c:\Users\trevo\AppData\Roaming\Code\User\globalStorage\vexrobotics.vexcode\sdk\cpp\V5\V5_20220726_10_00_00/vexv5\libv5rt.a(vex_motor.cpp.obj)
                0x03804e54                vex::motor::motor(long, vex::gearSetting, bool)
                0x03804e54                vex::motor::motor(long, vex::gearSetting, bool)
 .text._ZN3vex5motor4spinENS_13directionTypeEdNS_12voltageUnitsE
                0x03804e88       0x50 c:\Users\trevo\AppData\Roaming\Code\User\globalStorage\vexrobotics.vexcode\sdk\cpp\V5\V5_20220726_10_00_00/vexv5\libv5rt.a(vex_motor.cpp.obj)
                0x03804e88                vex::motor::spin(vex::directionType, double, vex::voltageUnits)
 .text._ZN3vex5motor16velocityToScaledEdNS_13velocityUnitsE
                0x03804ed8       0x5c c:\Users\trevo\AppData\Roaming\Code\User\globalStorage\vexrobotics.vexcode\sdk\cpp\V5\V5_20220726_10_00_00/vexv5\libv5rt.a(vex_motor.cpp.obj)
                0x03804ed8                vex::motor::velocityToScaled(double, vex::velocityUnits)
 .text._ZN3vex5motor8velocityENS_13velocityUnitsE
                0x03804f34       0x30 c:\Users\trevo\AppData\Roaming\Code\User\globalStorage\vexrobotics.vexcode\sdk\cpp\V5\V5_20220726_10_00_00/vexv5\libv5rt.a(vex_motor.cpp.obj)
                0x03804f34                vex::motor::velocity(vex::velocityUnits)
 .text._ZN3vex5motor5valueEv
                0x03804f64       0x1c c:\Users\trevo\AppData\Roaming\Code\User\globalStorage\vexrobotics.vexcode\sdk\cpp\V5\V5_20220726_10_00_00/vexv5\libv5rt.a(vex_motor.cpp.obj)
                0x03804f64                vex::motor::value()
 .text._ZN3vex8inertial11getTurnTypeEv
                0x03804f80        0x8 c:\Users\trevo\AppData\Roaming\Code\User\globalStorage\vexrobotics.vexcode\sdk\cpp\V5\V5_20220726_10_00_00/vexv5\libv5rt.a(vex_imu.cpp.obj)
                0x03804f80                vex::inertial::getTurnType()
 .text._ZThn16_N3vex8inertial11getTurnTypeEv
                0x03804f88        0x8 c:\Users\trevo\AppData\Roaming\Code\User\globalStorage\vexrobotics.vexcode\sdk\cpp\V5\V5_20220726_10_00_00/vexv5\libv5rt.a(vex_imu.cpp.obj)
                0x03804f88                non-virtual thunk to vex::inertial::getTurnType()
 .text._ZN3vex8inertial10setHeadingEdNS_13rotationUnitsE
                0x03804f90       0x58 c:\Users\trevo\AppData\Roaming\Code\User\globalStorage\vexrobotics.vexcode\sdk\cpp\V5\V5_20220726_10_00_00/vexv5\libv5rt.a(vex_imu.cpp.obj)
                0x03804f90                vex::inertial::setHeading(double, vex::rotationUnits)
 .text._ZThn16_N3vex8inertial10setHeadingEdNS_13rotationUnitsE
                0x03804fe8        0x8 c:\Users\trevo\AppData\Roaming\Code\User\globalStorage\vexrobotics.vexcode\sdk\cpp\V5\V5_20220726_10_00_00/vexv5\libv5rt.a(vex_imu.cpp.obj)
                0x03804fe8                non-virtual thunk to vex::inertial::setHeading(double, vex::rotationUnits)
 .text._ZN3vex8inertial11setRotationEdNS_13rotationUnitsE
                0x03804ff0       0x58 c:\Users\trevo\AppData\Roaming\Code\User\globalStorage\vexrobotics.vexcode\sdk\cpp\V5\V5_20220726_10_00_00/vexv5\libv5rt.a(vex_imu.cpp.obj)
                0x03804ff0                vex::inertial::setRotation(double, vex::rotationUnits)
 .text._ZThn16_N3vex8inertial11setRotationEdNS_13rotationUnitsE
                0x03805048        0x8 c:\Users\trevo\AppData\Roaming\Code\User\globalStorage\vexrobotics.vexcode\sdk\cpp\V5\V5_20220726_10_00_00/vexv5\libv5rt.a(vex_imu.cpp.obj)
                0x03805048                non-virtual thunk to vex::inertial::setRotation(double, vex::rotationUnits)
 .text._ZN3vex8inertialD2Ev
                0x03805050       0x20 c:\Users\trevo\AppData\Roaming\Code\User\globalStorage\vexrobotics.vexcode\sdk\cpp\V5\V5_20220726_10_00_00/vexv5\libv5rt.a(vex_imu.cpp.obj)
                0x03805050                vex::inertial::~inertial()
                0x03805050                vex::inertial::~inertial()
 .text._ZThn16_N3vex8inertialD1Ev
                0x03805070        0x8 c:\Users\trevo\AppData\Roaming\Code\User\globalStorage\vexrobotics.vexcode\sdk\cpp\V5\V5_20220726_10_00_00/vexv5\libv5rt.a(vex_imu.cpp.obj)
                0x03805070                non-virtual thunk to vex::inertial::~inertial()
 .text._ZN3vex8inertialD0Ev
                0x03805078       0x1c c:\Users\trevo\AppData\Roaming\Code\User\globalStorage\vexrobotics.vexcode\sdk\cpp\V5\V5_20220726_10_00_00/vexv5\libv5rt.a(vex_imu.cpp.obj)
                0x03805078                vex::inertial::~inertial()
 .text._ZThn16_N3vex8inertialD0Ev
                0x03805094        0x8 c:\Users\trevo\AppData\Roaming\Code\User\globalStorage\vexrobotics.vexcode\sdk\cpp\V5\V5_20220726_10_00_00/vexv5\libv5rt.a(vex_imu.cpp.obj)
                0x03805094                non-virtual thunk to vex::inertial::~inertial()
 .text._ZN3vex8inertial9installedEv
                0x0380509c       0x18 c:\Users\trevo\AppData\Roaming\Code\User\globalStorage\vexrobotics.vexcode\sdk\cpp\V5\V5_20220726_10_00_00/vexv5\libv5rt.a(vex_imu.cpp.obj)
                0x0380509c                vex::inertial::installed()
 .text._ZN3vex8inertial5angleENS_13rotationUnitsE
                0x038050b4       0x6c c:\Users\trevo\AppData\Roaming\Code\User\globalStorage\vexrobotics.vexcode\sdk\cpp\V5\V5_20220726_10_00_00/vexv5\libv5rt.a(vex_imu.cpp.obj)
                0x038050b4                vex::inertial::angle(vex::rotationUnits)
 .text._ZThn16_N3vex8inertial5angleENS_13rotationUnitsE
                0x03805120        0x8 c:\Users\trevo\AppData\Roaming\Code\User\globalStorage\vexrobotics.vexcode\sdk\cpp\V5\V5_20220726_10_00_00/vexv5\libv5rt.a(vex_imu.cpp.obj)
                0x03805120                non-virtual thunk to vex::inertial::angle(vex::rotationUnits)
 .text._ZN3vex8inertial7headingENS_13rotationUnitsE
                0x03805128        0x4 c:\Users\trevo\AppData\Roaming\Code\User\globalStorage\vexrobotics.vexcode\sdk\cpp\V5\V5_20220726_10_00_00/vexv5\libv5rt.a(vex_imu.cpp.obj)
                0x03805128                vex::inertial::heading(vex::rotationUnits)
 .text._ZThn16_N3vex8inertial7headingENS_13rotationUnitsE
                0x0380512c        0x8 c:\Users\trevo\AppData\Roaming\Code\User\globalStorage\vexrobotics.vexcode\sdk\cpp\V5\V5_20220726_10_00_00/vexv5\libv5rt.a(vex_imu.cpp.obj)
                0x0380512c                non-virtual thunk to vex::inertial::heading(vex::rotationUnits)
 .text._ZN3vex8inertial5valueEv
                0x03805134       0x1c c:\Users\trevo\AppData\Roaming\Code\User\globalStorage\vexrobotics.vexcode\sdk\cpp\V5\V5_20220726_10_00_00/vexv5\libv5rt.a(vex_imu.cpp.obj)
                0x03805134                vex::inertial::value()
 .text._ZN3vex8inertial8rotationENS_13rotationUnitsE
                0x03805150       0x48 c:\Users\trevo\AppData\Roaming\Code\User\globalStorage\vexrobotics.vexcode\sdk\cpp\V5\V5_20220726_10_00_00/vexv5\libv5rt.a(vex_imu.cpp.obj)
                0x03805150                vex::inertial::rotation(vex::rotationUnits)
 .text._ZThn16_N3vex8inertial8rotationENS_13rotationUnitsE
                0x03805198        0x8 c:\Users\trevo\AppData\Roaming\Code\User\globalStorage\vexrobotics.vexcode\sdk\cpp\V5\V5_20220726_10_00_00/vexv5\libv5rt.a(vex_imu.cpp.obj)
                0x03805198                non-virtual thunk to vex::inertial::rotation(vex::rotationUnits)
 .text._ZN3vex8inertial13isCalibratingEv
                0x038051a0       0x38 c:\Users\trevo\AppData\Roaming\Code\User\globalStorage\vexrobotics.vexcode\sdk\cpp\V5\V5_20220726_10_00_00/vexv5\libv5rt.a(vex_imu.cpp.obj)
                0x038051a0                vex::inertial::isCalibrating()
 .text._ZThn16_N3vex8inertial13isCalibratingEv
                0x038051d8        0x8 c:\Users\trevo\AppData\Roaming\Code\User\globalStorage\vexrobotics.vexcode\sdk\cpp\V5\V5_20220726_10_00_00/vexv5\libv5rt.a(vex_imu.cpp.obj)
                0x038051d8                non-virtual thunk to vex::inertial::isCalibrating()
 .text._ZN3vex8inertialC2ElNS_8turnTypeE
                0x038051e0       0x4c c:\Users\trevo\AppData\Roaming\Code\User\globalStorage\vexrobotics.vexcode\sdk\cpp\V5\V5_20220726_10_00_00/vexv5\libv5rt.a(vex_imu.cpp.obj)
                0x038051e0                vex::inertial::inertial(long, vex::turnType)
                0x038051e0                vex::inertial::inertial(long, vex::turnType)
 .text._ZN3vex8inertial16startCalibrationEl
                0x0380522c       0x20 c:\Users\trevo\AppData\Roaming\Code\User\globalStorage\vexrobotics.vexcode\sdk\cpp\V5\V5_20220726_10_00_00/vexv5\libv5rt.a(vex_imu.cpp.obj)
                0x0380522c                vex::inertial::startCalibration(long)
 .text._ZN3vex8inertial9calibrateEl
                0x0380524c        0xc c:\Users\trevo\AppData\Roaming\Code\User\globalStorage\vexrobotics.vexcode\sdk\cpp\V5\V5_20220726_10_00_00/vexv5\libv5rt.a(vex_imu.cpp.obj)
                0x0380524c                vex::inertial::calibrate(long)
                0x03805250                non-virtual thunk to vex::inertial::calibrate(long)
 .text._ZN3vex10controllerD2Ev
                0x03805258        0x4 c:\Users\trevo\AppData\Roaming\Code\User\globalStorage\vexrobotics.vexcode\sdk\cpp\V5\V5_20220726_10_00_00/vexv5\libv5rt.a(vex_controller.cpp.obj)
                0x03805258                vex::controller::~controller()
                0x03805258                vex::controller::~controller()
 .text._ZN3vex10controller5valueE19_V5_ControllerIndex
                0x0380525c        0x8 c:\Users\trevo\AppData\Roaming\Code\User\globalStorage\vexrobotics.vexcode\sdk\cpp\V5\V5_20220726_10_00_00/vexv5\libv5rt.a(vex_controller.cpp.obj)
                0x0380525c                vex::controller::value(_V5_ControllerIndex)
 .text._ZN3vex10controller6rumbleEPKc
                0x03805264       0x4c c:\Users\trevo\AppData\Roaming\Code\User\globalStorage\vexrobotics.vexcode\sdk\cpp\V5\V5_20220726_10_00_00/vexv5\libv5rt.a(vex_controller.cpp.obj)
                0x03805264                vex::controller::rumble(char const*)
 .text._ZNK3vex10controller6button21_buttonToPressedEventEv
                0x038052b0       0x20 c:\Users\trevo\AppData\Roaming\Code\User\globalStorage\vexrobotics.vexcode\sdk\cpp\V5\V5_20220726_10_00_00/vexv5\libv5rt.a(vex_controller.cpp.obj)
                0x038052b0                vex::controller::button::_buttonToPressedEvent() const
 .text._ZNK3vex10controller6button22_buttonToReleasedEventEv
                0x038052d0       0x20 c:\Users\trevo\AppData\Roaming\Code\User\globalStorage\vexrobotics.vexcode\sdk\cpp\V5\V5_20220726_10_00_00/vexv5\libv5rt.a(vex_controller.cpp.obj)
                0x038052d0                vex::controller::button::_buttonToReleasedEvent() const
 .text._ZN3vex10controller6buttonC2ENS0_11tButtonTypeEPS0_
                0x038052f0       0x48 c:\Users\trevo\AppData\Roaming\Code\User\globalStorage\vexrobotics.vexcode\sdk\cpp\V5\V5_20220726_10_00_00/vexv5\libv5rt.a(vex_controller.cpp.obj)
                0x038052f0                vex::controller::button::button(vex::controller::tButtonType, vex::controller*)
                0x038052f0                vex::controller::button::button(vex::controller::tButtonType, vex::controller*)
 .text._ZNK3vex10controller4axis5valueEv
                0x03805338       0x58 c:\Users\trevo\AppData\Roaming\Code\User\globalStorage\vexrobotics.vexcode\sdk\cpp\V5\V5_20220726_10_00_00/vexv5\libv5rt.a(vex_controller.cpp.obj)
                0x03805338                vex::controller::axis::value() const
 .text._ZNK3vex10controller4axis8positionENS_12percentUnitsE
                0x03805390       0x1c c:\Users\trevo\AppData\Roaming\Code\User\globalStorage\vexrobotics.vexcode\sdk\cpp\V5\V5_20220726_10_00_00/vexv5\libv5rt.a(vex_controller.cpp.obj)
                0x03805390                vex::controller::axis::position(vex::percentUnits) const
 .text._ZNK3vex10controller4axis23_joystickToChangedEventEv
                0x038053ac       0x20 c:\Users\trevo\AppData\Roaming\Code\User\globalStorage\vexrobotics.vexcode\sdk\cpp\V5\V5_20220726_10_00_00/vexv5\libv5rt.a(vex_controller.cpp.obj)
                0x038053ac                vex::controller::axis::_joystickToChangedEvent() const
 .text._ZN3vex10controller4axisC2ENS0_9tAxisTypeEPS0_
                0x038053cc       0x2c c:\Users\trevo\AppData\Roaming\Code\User\globalStorage\vexrobotics.vexcode\sdk\cpp\V5\V5_20220726_10_00_00/vexv5\libv5rt.a(vex_controller.cpp.obj)
                0x038053cc                vex::controller::axis::axis(vex::controller::tAxisType, vex::controller*)
                0x038053cc                vex::controller::axis::axis(vex::controller::tAxisType, vex::controller*)
 .text._ZN3vex10controllerC2Ev
                0x038053f8      0x164 c:\Users\trevo\AppData\Roaming\Code\User\globalStorage\vexrobotics.vexcode\sdk\cpp\V5\V5_20220726_10_00_00/vexv5\libv5rt.a(vex_controller.cpp.obj)
                0x038053f8                vex::controller::controller()
                0x038053f8                vex::controller::controller()
 .text._ZN3vex4taskC2EPFivE
                0x0380555c       0x5c c:\Users\trevo\AppData\Roaming\Code\User\globalStorage\vexrobotics.vexcode\sdk\cpp\V5\V5_20220726_10_00_00/vexv5\libv5rt.a(vex_task.cpp.obj)
                0x0380555c                vex::task::task(int (*)())
                0x0380555c                vex::task::task(int (*)())
 .text._ZN3vex4taskD2Ev
                0x038055b8        0x4 c:\Users\trevo\AppData\Roaming\Code\User\globalStorage\vexrobotics.vexcode\sdk\cpp\V5\V5_20220726_10_00_00/vexv5\libv5rt.a(vex_task.cpp.obj)
                0x038055b8                vex::task::~task()
                0x038055b8                vex::task::~task()
 .text._ZN3vex4task4stopEPvi
                0x038055bc       0x1c c:\Users\trevo\AppData\Roaming\Code\User\globalStorage\vexrobotics.vexcode\sdk\cpp\V5\V5_20220726_10_00_00/vexv5\libv5rt.a(vex_task.cpp.obj)
                0x038055bc                vex::task::stop(void*, int)
 .text._ZN3vex4task6_indexEPFivE
                0x038055d8       0x14 c:\Users\trevo\AppData\Roaming\Code\User\globalStorage\vexrobotics.vexcode\sdk\cpp\V5\V5_20220726_10_00_00/vexv5\libv5rt.a(vex_task.cpp.obj)
                0x038055d8                vex::task::_index(int (*)())
 .text._ZN3vex4task8_stopAllEv
                0x038055ec       0x3c c:\Users\trevo\AppData\Roaming\Code\User\globalStorage\vexrobotics.vexcode\sdk\cpp\V5\V5_20220726_10_00_00/vexv5\libv5rt.a(vex_task.cpp.obj)
                0x038055ec                vex::task::_stopAll()
 .text._ZN3vex11this_thread9sleep_forEm
                0x03805628        0x4 c:\Users\trevo\AppData\Roaming\Code\User\globalStorage\vexrobotics.vexcode\sdk\cpp\V5\V5_20220726_10_00_00/vexv5\libv5rt.a(vex_thread.cpp.obj)
                0x03805628                vex::this_thread::sleep_for(unsigned long)
 .text._ZN3vex5event4initEmmPFvvE
                0x0380562c        0x4 c:\Users\trevo\AppData\Roaming\Code\User\globalStorage\vexrobotics.vexcode\sdk\cpp\V5\V5_20220726_10_00_00/vexv5\libv5rt.a(vex_event.cpp.obj)
                0x0380562c                vex::event::init(unsigned long, unsigned long, void (*)())
 .text._ZN3vex5event4initEmmPFvPvES1_
                0x03805630        0x4 c:\Users\trevo\AppData\Roaming\Code\User\globalStorage\vexrobotics.vexcode\sdk\cpp\V5\V5_20220726_10_00_00/vexv5\libv5rt.a(vex_event.cpp.obj)
                0x03805630                vex::event::init(unsigned long, unsigned long, void (*)(void*), void*)
 .text._ZN3vex5event9userindexEv
                0x03805634        0x4 c:\Users\trevo\AppData\Roaming\Code\User\globalStorage\vexrobotics.vexcode\sdk\cpp\V5\V5_20220726_10_00_00/vexv5\libv5rt.a(vex_event.cpp.obj)
                0x03805634                vex::event::userindex()
 .text._ZZN3vex6meventC4EmmENUlvE_4_FUNEv
                0x03805638        0x4 c:\Users\trevo\AppData\Roaming\Code\User\globalStorage\vexrobotics.vexcode\sdk\cpp\V5\V5_20220726_10_00_00/vexv5\libv5rt.a(vex_mevent.cpp.obj)
 .text._ZN3vex6meventC2Emm
                0x0380563c       0x70 c:\Users\trevo\AppData\Roaming\Code\User\globalStorage\vexrobotics.vexcode\sdk\cpp\V5\V5_20220726_10_00_00/vexv5\libv5rt.a(vex_mevent.cpp.obj)
                0x0380563c                vex::mevent::mevent(unsigned long, unsigned long)
                0x0380563c                vex::mevent::mevent(unsigned long, unsigned long)
 .text._ZN3vex5brain9_getIndexEv
                0x038056ac       0x10 c:\Users\trevo\AppData\Roaming\Code\User\globalStorage\vexrobotics.vexcode\sdk\cpp\V5\V5_20220726_10_00_00/vexv5\libv5rt.a(vex_brain.cpp.obj)
                0x038056ac                vex::brain::_getIndex()
 .text._ZN3vex5brain5timerENS_9timeUnitsE
                0x038056bc        0x8 c:\Users\trevo\AppData\Roaming\Code\User\globalStorage\vexrobotics.vexcode\sdk\cpp\V5\V5_20220726_10_00_00/vexv5\libv5rt.a(vex_brain.cpp.obj)
                0x038056bc                vex::brain::timer(vex::timeUnits)
 .text._ZN3vex5brain3lcd9setCursorEll
                0x038056c4       0x44 c:\Users\trevo\AppData\Roaming\Code\User\globalStorage\vexrobotics.vexcode\sdk\cpp\V5\V5_20220726_10_00_00/vexv5\libv5rt.a(vex_brain.cpp.obj)
                0x038056c4                vex::brain::lcd::setCursor(long, long)
 .text._ZN3vex5brain3lcd7setFontENS_8fontTypeE
                0x03805708      0x23c c:\Users\trevo\AppData\Roaming\Code\User\globalStorage\vexrobotics.vexcode\sdk\cpp\V5\V5_20220726_10_00_00/vexv5\libv5rt.a(vex_brain.cpp.obj)
                0x03805708                vex::brain::lcd::setFont(vex::fontType)
 .text._ZN3vex5brain3lcdC2Ev
                0x03805944       0x94 c:\Users\trevo\AppData\Roaming\Code\User\globalStorage\vexrobotics.vexcode\sdk\cpp\V5\V5_20220726_10_00_00/vexv5\libv5rt.a(vex_brain.cpp.obj)
                0x03805944                vex::brain::lcd::lcd()
                0x03805944                vex::brain::lcd::lcd()
 .text._ZN3vex5brainC2Ev
                0x038059d8       0x3c c:\Users\trevo\AppData\Roaming\Code\User\globalStorage\vexrobotics.vexcode\sdk\cpp\V5\V5_20220726_10_00_00/vexv5\libv5rt.a(vex_brain.cpp.obj)
                0x038059d8                vex::brain::brain()
                0x038059d8                vex::brain::brain()
 .text._ZN3vex5brainD2Ev
                0x03805a14       0x20 c:\Users\trevo\AppData\Roaming\Code\User\globalStorage\vexrobotics.vexcode\sdk\cpp\V5\V5_20220726_10_00_00/vexv5\libv5rt.a(vex_brain.cpp.obj)
                0x03805a14                vex::brain::~brain()
                0x03805a14                vex::brain::~brain()
 .text._ZN3vex11competition8_disableEPv
                0x03805a34       0xa4 c:\Users\trevo\AppData\Roaming\Code\User\globalStorage\vexrobotics.vexcode\sdk\cpp\V5\V5_20220726_10_00_00/vexv5\libv5rt.a(vex_competition.cpp.obj)
                0x03805a34                vex::competition::_disable(void*)
 .text._ZN3vex11competition11_autonomousEv
                0x03805ad8       0x80 c:\Users\trevo\AppData\Roaming\Code\User\globalStorage\vexrobotics.vexcode\sdk\cpp\V5\V5_20220726_10_00_00/vexv5\libv5rt.a(vex_competition.cpp.obj)
                0x03805ad8                vex::competition::_autonomous()
 .text._ZN3vex11competition14_drivercontrolEv
                0x03805b58       0x80 c:\Users\trevo\AppData\Roaming\Code\User\globalStorage\vexrobotics.vexcode\sdk\cpp\V5\V5_20220726_10_00_00/vexv5\libv5rt.a(vex_competition.cpp.obj)
                0x03805b58                vex::competition::_drivercontrol()
 .text._ZN3vex11competitionC2Ev
                0x03805bd8      0x13c c:\Users\trevo\AppData\Roaming\Code\User\globalStorage\vexrobotics.vexcode\sdk\cpp\V5\V5_20220726_10_00_00/vexv5\libv5rt.a(vex_competition.cpp.obj)
                0x03805bd8                vex::competition::competition()
                0x03805bd8                vex::competition::competition()
 .text._ZN3vex11competitionD2Ev
                0x03805d14        0x4 c:\Users\trevo\AppData\Roaming\Code\User\globalStorage\vexrobotics.vexcode\sdk\cpp\V5\V5_20220726_10_00_00/vexv5\libv5rt.a(vex_competition.cpp.obj)
                0x03805d14                vex::competition::~competition()
                0x03805d14                vex::competition::~competition()
 .text._ZN3vex11competition10autonomousEPFvvE
                0x03805d18       0x44 c:\Users\trevo\AppData\Roaming\Code\User\globalStorage\vexrobotics.vexcode\sdk\cpp\V5\V5_20220726_10_00_00/vexv5\libv5rt.a(vex_competition.cpp.obj)
                0x03805d18                vex::competition::autonomous(void (*)())
 .text._ZN3vex11competition13drivercontrolEPFvvE
                0x03805d5c       0x44 c:\Users\trevo\AppData\Roaming\Code\User\globalStorage\vexrobotics.vexcode\sdk\cpp\V5\V5_20220726_10_00_00/vexv5\libv5rt.a(vex_competition.cpp.obj)
                0x03805d5c                vex::competition::drivercontrol(void (*)())
 .text._ZN3vex7triportD2Ev
                0x03805da0       0x38 c:\Users\trevo\AppData\Roaming\Code\User\globalStorage\vexrobotics.vexcode\sdk\cpp\V5\V5_20220726_10_00_00/vexv5\libv5rt.a(vex_triport.cpp.obj)
                0x03805da0                vex::triport::~triport()
                0x03805da0                vex::triport::~triport()
 .text._ZN3vex7triportD0Ev
                0x03805dd8       0x1c c:\Users\trevo\AppData\Roaming\Code\User\globalStorage\vexrobotics.vexcode\sdk\cpp\V5\V5_20220726_10_00_00/vexv5\libv5rt.a(vex_triport.cpp.obj)
                0x03805dd8                vex::triport::~triport()
 .text._ZN3vex7triport9installedEv
                0x03805df4       0x18 c:\Users\trevo\AppData\Roaming\Code\User\globalStorage\vexrobotics.vexcode\sdk\cpp\V5\V5_20220726_10_00_00/vexv5\libv5rt.a(vex_triport.cpp.obj)
                0x03805df4                vex::triport::installed()
 .text._ZN3vex7triport4portC2ElPS0_
                0x03805e0c       0x74 c:\Users\trevo\AppData\Roaming\Code\User\globalStorage\vexrobotics.vexcode\sdk\cpp\V5\V5_20220726_10_00_00/vexv5\libv5rt.a(vex_triport.cpp.obj)
                0x03805e0c                vex::triport::port::port(long, vex::triport*)
                0x03805e0c                vex::triport::port::port(long, vex::triport*)
 .text._ZN3vex7triportC2El
                0x03805e80       0xf0 c:\Users\trevo\AppData\Roaming\Code\User\globalStorage\vexrobotics.vexcode\sdk\cpp\V5\V5_20220726_10_00_00/vexv5\libv5rt.a(vex_triport.cpp.obj)
                0x03805e80                vex::triport::triport(long)
                0x03805e80                vex::triport::triport(long)
 .text._ZN3vex7triport4port4typeENS_11triportTypeE
                0x03805f70       0x30 c:\Users\trevo\AppData\Roaming\Code\User\globalStorage\vexrobotics.vexcode\sdk\cpp\V5\V5_20220726_10_00_00/vexv5\libv5rt.a(vex_triport.cpp.obj)
                0x03805f70                vex::triport::port::type(vex::triportType)
 .text._ZN3vex7triport4port4typeEv
                0x03805fa0       0x38 c:\Users\trevo\AppData\Roaming\Code\User\globalStorage\vexrobotics.vexcode\sdk\cpp\V5\V5_20220726_10_00_00/vexv5\libv5rt.a(vex_triport.cpp.obj)
                0x03805fa0                vex::triport::port::type()
 .text._ZN3vex7triport4port5valueEv
                0x03805fd8       0x14 c:\Users\trevo\AppData\Roaming\Code\User\globalStorage\vexrobotics.vexcode\sdk\cpp\V5\V5_20220726_10_00_00/vexv5\libv5rt.a(vex_triport.cpp.obj)
                0x03805fd8                vex::triport::port::value()
 .text._ZN3vex7triport4port5valueEl
                0x03805fec       0x18 c:\Users\trevo\AppData\Roaming\Code\User\globalStorage\vexrobotics.vexcode\sdk\cpp\V5\V5_20220726_10_00_00/vexv5\libv5rt.a(vex_triport.cpp.obj)
                0x03805fec                vex::triport::port::value(long)
 *fill*         0x03806004        0x4 
 .text._ZN3vex7triport4port11setRotationEdNS_13rotationUnitsE
                0x03806008       0x50 c:\Users\trevo\AppData\Roaming\Code\User\globalStorage\vexrobotics.vexcode\sdk\cpp\V5\V5_20220726_10_00_00/vexv5\libv5rt.a(vex_triport.cpp.obj)
                0x03806008                vex::triport::port::setRotation(double, vex::rotationUnits)
 .text._ZN3vex7triport4port13resetRotationEv
                0x03806058       0x20 c:\Users\trevo\AppData\Roaming\Code\User\globalStorage\vexrobotics.vexcode\sdk\cpp\V5\V5_20220726_10_00_00/vexv5\libv5rt.a(vex_triport.cpp.obj)
                0x03806058                vex::triport::port::resetRotation()
 .text._ZN3vex7triport4port8rotationENS_13rotationUnitsE
                0x03806078       0x40 c:\Users\trevo\AppData\Roaming\Code\User\globalStorage\vexrobotics.vexcode\sdk\cpp\V5\V5_20220726_10_00_00/vexv5\libv5rt.a(vex_triport.cpp.obj)
                0x03806078                vex::triport::port::rotation(vex::rotationUnits)
 .text._ZN3vex11__trideviceC2ERNS_7triport4portENS_11triportTypeE
                0x038060b8       0x5c c:\Users\trevo\AppData\Roaming\Code\User\globalStorage\vexrobotics.vexcode\sdk\cpp\V5\V5_20220726_10_00_00/vexv5\libv5rt.a(vex_triport.cpp.obj)
                0x038060b8                vex::__tridevice::__tridevice(vex::triport::port&, vex::triportType)
                0x038060b8                vex::__tridevice::__tridevice(vex::triport::port&, vex::triportType)
 .text._ZN3vex7encoderC2ERNS_7triport4portE
                0x03806114       0x20 c:\Users\trevo\AppData\Roaming\Code\User\globalStorage\vexrobotics.vexcode\sdk\cpp\V5\V5_20220726_10_00_00/vexv5\libv5rt.a(vex_triport.cpp.obj)
                0x03806114                vex::encoder::encoder(vex::triport::port&)
                0x03806114                vex::encoder::encoder(vex::triport::port&)
 .text._ZN3vex7encoderD2Ev
                0x03806134        0x4 c:\Users\trevo\AppData\Roaming\Code\User\globalStorage\vexrobotics.vexcode\sdk\cpp\V5\V5_20220726_10_00_00/vexv5\libv5rt.a(vex_triport.cpp.obj)
                0x03806134                vex::encoder::~encoder()
                0x03806134                vex::encoder::~encoder()
 .text._ZN3vex7encoder13resetRotationEv
                0x03806138        0x8 c:\Users\trevo\AppData\Roaming\Code\User\globalStorage\vexrobotics.vexcode\sdk\cpp\V5\V5_20220726_10_00_00/vexv5\libv5rt.a(vex_triport.cpp.obj)
                0x03806138                vex::encoder::resetRotation()
 .text._ZN3vex7encoder8positionENS_13rotationUnitsE
                0x03806140        0x8 c:\Users\trevo\AppData\Roaming\Code\User\globalStorage\vexrobotics.vexcode\sdk\cpp\V5\V5_20220726_10_00_00/vexv5\libv5rt.a(vex_triport.cpp.obj)
                0x03806140                vex::encoder::position(vex::rotationUnits)
 .text._ZN3vex5colorD2Ev
                0x03806148        0x4 c:\Users\trevo\AppData\Roaming\Code\User\globalStorage\vexrobotics.vexcode\sdk\cpp\V5\V5_20220726_10_00_00/vexv5\libv5rt.a(vex_color.cpp.obj)
                0x03806148                vex::color::~color()
                0x03806148                vex::color::~color()
 .text.startup._GLOBAL__sub_I__ZN3vex5color5blackE
                0x0380614c      0x164 c:\Users\trevo\AppData\Roaming\Code\User\globalStorage\vexrobotics.vexcode\sdk\cpp\V5\V5_20220726_10_00_00/vexv5\libv5rt.a(vex_color.cpp.obj)
 .text._ZN3vex5timerD2Ev
                0x038062b0        0x4 c:\Users\trevo\AppData\Roaming\Code\User\globalStorage\vexrobotics.vexcode\sdk\cpp\V5\V5_20220726_10_00_00/vexv5\libv5rt.a(vex_timer.cpp.obj)
                0x038062b0                vex::timer::~timer()
                0x038062b0                vex::timer::~timer()
 .text._ZN3vex5timer5clearEv
                0x038062b4       0x1c c:\Users\trevo\AppData\Roaming\Code\User\globalStorage\vexrobotics.vexcode\sdk\cpp\V5\V5_20220726_10_00_00/vexv5\libv5rt.a(vex_timer.cpp.obj)
                0x038062b4                vex::timer::clear()
 .text._ZN3vex5timerC2Ev
                0x038062d0       0x14 c:\Users\trevo\AppData\Roaming\Code\User\globalStorage\vexrobotics.vexcode\sdk\cpp\V5\V5_20220726_10_00_00/vexv5\libv5rt.a(vex_timer.cpp.obj)
                0x038062d0                vex::timer::timer()
                0x038062d0                vex::timer::timer()
 *fill*         0x038062e4        0x4 
 .text._ZNK3vex5timer4timeENS_9timeUnitsE
                0x038062e8       0x40 c:\Users\trevo\AppData\Roaming\Code\User\globalStorage\vexrobotics.vexcode\sdk\cpp\V5\V5_20220726_10_00_00/vexv5\libv5rt.a(vex_timer.cpp.obj)
                0x038062e8                vex::timer::time(vex::timeUnits) const
 .text._ZN3vex11motor_group18motor_group_motorsC2Ev
                0x03806328       0x28 c:\Users\trevo\AppData\Roaming\Code\User\globalStorage\vexrobotics.vexcode\sdk\cpp\V5\V5_20220726_10_00_00/vexv5\libv5rt.a(vex_motorgroup.cpp.obj)
                0x03806328                vex::motor_group::motor_group_motors::motor_group_motors()
                0x03806328                vex::motor_group::motor_group_motors::motor_group_motors()
 .text._ZN3vex11motor_groupC2Ev
                0x03806350       0x1c c:\Users\trevo\AppData\Roaming\Code\User\globalStorage\vexrobotics.vexcode\sdk\cpp\V5\V5_20220726_10_00_00/vexv5\libv5rt.a(vex_motorgroup.cpp.obj)
                0x03806350                vex::motor_group::motor_group()
                0x03806350                vex::motor_group::motor_group()
 .text._ZN3vex11motor_groupD2Ev
                0x0380636c        0x4 c:\Users\trevo\AppData\Roaming\Code\User\globalStorage\vexrobotics.vexcode\sdk\cpp\V5\V5_20220726_10_00_00/vexv5\libv5rt.a(vex_motorgroup.cpp.obj)
                0x0380636c                vex::motor_group::~motor_group()
                0x0380636c                vex::motor_group::~motor_group()
 .text._ZN3vex11motor_group9_addMotorERNS_5motorE
                0x03806370       0x20 c:\Users\trevo\AppData\Roaming\Code\User\globalStorage\vexrobotics.vexcode\sdk\cpp\V5\V5_20220726_10_00_00/vexv5\libv5rt.a(vex_motorgroup.cpp.obj)
                0x03806370                vex::motor_group::_addMotor(vex::motor&)
 .text._ZN3vex11motor_group4spinENS_13directionTypeEdNS_12voltageUnitsE
                0x03806390       0x54 c:\Users\trevo\AppData\Roaming\Code\User\globalStorage\vexrobotics.vexcode\sdk\cpp\V5\V5_20220726_10_00_00/vexv5\libv5rt.a(vex_motorgroup.cpp.obj)
                0x03806390                vex::motor_group::spin(vex::directionType, double, vex::voltageUnits)
 .text.vexAdiPortConfigSet
                0x038063e4       0x28 c:\Users\trevo\AppData\Roaming\Code\User\globalStorage\vexrobotics.vexcode\sdk\cpp\V5\V5_20220726_10_00_00/vexv5\libv5rt.a(v5_apiuser.c.obj)
                0x038063e4                vexAdiPortConfigSet
 .text.vexAdiPortConfigGet
                0x0380640c       0x28 c:\Users\trevo\AppData\Roaming\Code\User\globalStorage\vexrobotics.vexcode\sdk\cpp\V5\V5_20220726_10_00_00/vexv5\libv5rt.a(v5_apiuser.c.obj)
                0x0380640c                vexAdiPortConfigGet
 .text.vexAdiValueSet
                0x03806434       0x28 c:\Users\trevo\AppData\Roaming\Code\User\globalStorage\vexrobotics.vexcode\sdk\cpp\V5\V5_20220726_10_00_00/vexv5\libv5rt.a(v5_apiuser.c.obj)
                0x03806434                vexAdiValueSet
 .text.vexAdiValueGet
                0x0380645c       0x20 c:\Users\trevo\AppData\Roaming\Code\User\globalStorage\vexrobotics.vexcode\sdk\cpp\V5\V5_20220726_10_00_00/vexv5\libv5rt.a(v5_apiuser.c.obj)
                0x0380645c                vexAdiValueGet
 .text.vexMotorVoltageSet
                0x0380647c       0x20 c:\Users\trevo\AppData\Roaming\Code\User\globalStorage\vexrobotics.vexcode\sdk\cpp\V5\V5_20220726_10_00_00/vexv5\libv5rt.a(v5_apiuser.c.obj)
                0x0380647c                vexMotorVoltageSet
 .text.vexMotorActualVelocityGet
                0x0380649c       0x24 c:\Users\trevo\AppData\Roaming\Code\User\globalStorage\vexrobotics.vexcode\sdk\cpp\V5\V5_20220726_10_00_00/vexv5\libv5rt.a(v5_apiuser.c.obj)
                0x0380649c                vexMotorActualVelocityGet
 .text.vexMotorReverseFlagSet
                0x038064c0       0x20 c:\Users\trevo\AppData\Roaming\Code\User\globalStorage\vexrobotics.vexcode\sdk\cpp\V5\V5_20220726_10_00_00/vexv5\libv5rt.a(v5_apiuser.c.obj)
                0x038064c0                vexMotorReverseFlagSet
 .text.vexMotorBrakeModeSet
                0x038064e0       0x20 c:\Users\trevo\AppData\Roaming\Code\User\globalStorage\vexrobotics.vexcode\sdk\cpp\V5\V5_20220726_10_00_00/vexv5\libv5rt.a(v5_apiuser.c.obj)
                0x038064e0                vexMotorBrakeModeSet
 .text.vexMotorPositionSet
                0x03806500       0x28 c:\Users\trevo\AppData\Roaming\Code\User\globalStorage\vexrobotics.vexcode\sdk\cpp\V5\V5_20220726_10_00_00/vexv5\libv5rt.a(v5_apiuser.c.obj)
                0x03806500                vexMotorPositionSet
 .text.vexMotorGearingSet
                0x03806528       0x20 c:\Users\trevo\AppData\Roaming\Code\User\globalStorage\vexrobotics.vexcode\sdk\cpp\V5\V5_20220726_10_00_00/vexv5\libv5rt.a(v5_apiuser.c.obj)
                0x03806528                vexMotorGearingSet
 .text.vexMotorGearingGet
                0x03806548       0x18 c:\Users\trevo\AppData\Roaming\Code\User\globalStorage\vexrobotics.vexcode\sdk\cpp\V5\V5_20220726_10_00_00/vexv5\libv5rt.a(v5_apiuser.c.obj)
                0x03806548                vexMotorGearingGet
 .text.vexImuReset
                0x03806560       0x10 c:\Users\trevo\AppData\Roaming\Code\User\globalStorage\vexrobotics.vexcode\sdk\cpp\V5\V5_20220726_10_00_00/vexv5\libv5rt.a(v5_apiuser.c.obj)
                0x03806560                vexImuReset
 .text.vexImuHeadingGet
                0x03806570       0x10 c:\Users\trevo\AppData\Roaming\Code\User\globalStorage\vexrobotics.vexcode\sdk\cpp\V5\V5_20220726_10_00_00/vexv5\libv5rt.a(v5_apiuser.c.obj)
                0x03806570                vexImuHeadingGet
 .text.vexImuDegreesGet
                0x03806580       0x10 c:\Users\trevo\AppData\Roaming\Code\User\globalStorage\vexrobotics.vexcode\sdk\cpp\V5\V5_20220726_10_00_00/vexv5\libv5rt.a(v5_apiuser.c.obj)
                0x03806580                vexImuDegreesGet
 .text.vexImuStatusGet
                0x03806590       0x10 c:\Users\trevo\AppData\Roaming\Code\User\globalStorage\vexrobotics.vexcode\sdk\cpp\V5\V5_20220726_10_00_00/vexv5\libv5rt.a(v5_apiuser.c.obj)
                0x03806590                vexImuStatusGet
 .text.vexEventMaskSet
                0x038065a0       0x28 c:\Users\trevo\AppData\Roaming\Code\User\globalStorage\vexrobotics.vexcode\sdk\cpp\V5\V5_20220726_10_00_00/vexv5\libv5rt.a(v5_apiuser.c.obj)
                0x038065a0                vexEventMaskSet
 .text.vexEventMaskGet
                0x038065c8       0x18 c:\Users\trevo\AppData\Roaming\Code\User\globalStorage\vexrobotics.vexcode\sdk\cpp\V5\V5_20220726_10_00_00/vexv5\libv5rt.a(v5_apiuser.c.obj)
                0x038065c8                vexEventMaskGet
 .text._ZN3vex6deviceD2Ev
                0x038065e0        0x4 c:\Users\trevo\AppData\Roaming\Code\User\globalStorage\vexrobotics.vexcode\sdk\cpp\V5\V5_20220726_10_00_00/vexv5\libv5rt.a(vex_device.cpp.obj)
                0x038065e0                vex::device::~device()
                0x038065e0                vex::device::~device()
 .text._ZN3vex6device5valueEv
                0x038065e4        0x8 c:\Users\trevo\AppData\Roaming\Code\User\globalStorage\vexrobotics.vexcode\sdk\cpp\V5\V5_20220726_10_00_00/vexv5\libv5rt.a(vex_device.cpp.obj)
                0x038065e4                vex::device::value()
 .text._ZN3vex6deviceD0Ev
                0x038065ec       0x14 c:\Users\trevo\AppData\Roaming\Code\User\globalStorage\vexrobotics.vexcode\sdk\cpp\V5\V5_20220726_10_00_00/vexv5\libv5rt.a(vex_device.cpp.obj)
                0x038065ec                vex::device::~device()
 .text._ZN3vex6device4initEl
                0x03806600       0x30 c:\Users\trevo\AppData\Roaming\Code\User\globalStorage\vexrobotics.vexcode\sdk\cpp\V5\V5_20220726_10_00_00/vexv5\libv5rt.a(vex_device.cpp.obj)
                0x03806600                vex::device::init(long)
 .text._ZN3vex6deviceC2El
                0x03806630       0x20 c:\Users\trevo\AppData\Roaming\Code\User\globalStorage\vexrobotics.vexcode\sdk\cpp\V5\V5_20220726_10_00_00/vexv5\libv5rt.a(vex_device.cpp.obj)
                0x03806630                vex::device::device(long)
                0x03806630                vex::device::device(long)
 .text._ZN3vex6device4typeEv
                0x03806650       0x10 c:\Users\trevo\AppData\Roaming\Code\User\globalStorage\vexrobotics.vexcode\sdk\cpp\V5\V5_20220726_10_00_00/vexv5\libv5rt.a(vex_device.cpp.obj)
                0x03806650                vex::device::type()
 .text._ZN3vex6device9installedEv
                0x03806660       0x14 c:\Users\trevo\AppData\Roaming\Code\User\globalStorage\vexrobotics.vexcode\sdk\cpp\V5\V5_20220726_10_00_00/vexv5\libv5rt.a(vex_device.cpp.obj)
                0x03806660                vex::device::installed()
 .text.__aeabi_memclr
                0x03806674        0x8 c:\Users\trevo\AppData\Roaming\Code\User\globalStorage\vexrobotics.vexcode\sdk\cpp\V5\V5_20220726_10_00_00/vexv5/gcc/libs\libc.a(lib_a-aeabi_memclr.o)
                0x03806674                __aeabi_memclr4
                0x03806674                __aeabi_memclr
                0x03806674                __aeabi_memclr8
 .text.__libc_fini_array
                0x0380667c       0x30 c:\Users\trevo\AppData\Roaming\Code\User\globalStorage\vexrobotics.vexcode\sdk\cpp\V5\V5_20220726_10_00_00/vexv5/gcc/libs\libc.a(lib_a-fini.o)
                0x0380667c                __libc_fini_array
 .text.__libc_init_array
                0x038066ac       0x58 c:\Users\trevo\AppData\Roaming\Code\User\globalStorage\vexrobotics.vexcode\sdk\cpp\V5\V5_20220726_10_00_00/vexv5/gcc/libs\libc.a(lib_a-init.o)
                0x038066ac                __libc_init_array
 .text._puts_r  0x03806704       0x68 c:\Users\trevo\AppData\Roaming\Code\User\globalStorage\vexrobotics.vexcode\sdk\cpp\V5\V5_20220726_10_00_00/vexv5/gcc/libs\libc.a(lib_a-puts.o)
                0x03806704                _puts_r
 .text.puts     0x0380676c       0x10 c:\Users\trevo\AppData\Roaming\Code\User\globalStorage\vexrobotics.vexcode\sdk\cpp\V5\V5_20220726_10_00_00/vexv5/gcc/libs\libc.a(lib_a-puts.o)
                0x0380676c                puts
 .text.hypot    0x0380677c       0xb4 c:\Users\trevo\AppData\Roaming\Code\User\globalStorage\vexrobotics.vexcode\sdk\cpp\V5\V5_20220726_10_00_00/vexv5/gcc/libs\libm.a(lib_a-w_hypot.o)
                0x0380677c                hypot
 .text.powf     0x03806830      0x350 c:\Users\trevo\AppData\Roaming\Code\User\globalStorage\vexrobotics.vexcode\sdk\cpp\V5\V5_20220726_10_00_00/vexv5/gcc/libs\libm.a(lib_a-wf_pow.o)
                0x03806830                powf
 .text.__ieee754_hypot
                0x03806b80      0x198 c:\Users\trevo\AppData\Roaming\Code\User\globalStorage\vexrobotics.vexcode\sdk\cpp\V5\V5_20220726_10_00_00/vexv5/gcc/libs\libm.a(lib_a-e_hypot.o)
                0x03806b80                __ieee754_hypot
 .text.__ieee754_powf
                0x03806d18      0x610 c:\Users\trevo\AppData\Roaming\Code\User\globalStorage\vexrobotics.vexcode\sdk\cpp\V5\V5_20220726_10_00_00/vexv5/gcc/libs\libm.a(lib_a-ef_pow.o)
                0x03806d18                __ieee754_powf
 .text.fabsf    0x03807328        0x8 c:\Users\trevo\AppData\Roaming\Code\User\globalStorage\vexrobotics.vexcode\sdk\cpp\V5\V5_20220726_10_00_00/vexv5/gcc/libs\libm.a(lib_a-sf_fabs.o)
                0x03807328                fabsf
 .text.finitef  0x03807330       0x10 c:\Users\trevo\AppData\Roaming\Code\User\globalStorage\vexrobotics.vexcode\sdk\cpp\V5\V5_20220726_10_00_00/vexv5/gcc/libs\libm.a(lib_a-sf_finite.o)
                0x03807330                finitef
 .text.scalbnf  0x03807340      0x100 c:\Users\trevo\AppData\Roaming\Code\User\globalStorage\vexrobotics.vexcode\sdk\cpp\V5\V5_20220726_10_00_00/vexv5/gcc/libs\libm.a(lib_a-sf_scalbn.o)
                0x03807340                scalbnf
 .text.copysignf
                0x03807440        0xc c:\Users\trevo\AppData\Roaming\Code\User\globalStorage\vexrobotics.vexcode\sdk\cpp\V5\V5_20220726_10_00_00/vexv5/gcc/libs\libm.a(lib_a-sf_copysign.o)
                0x03807440                copysignf
 *fill*         0x0380744c        0x4 
 .text.copysignf.__stub
                0x03807450       0x28 linker stubs
 *(.gnu.linkonce.t.*)
 *(.plt)
 *(.gnu_warning)
 *(.gcc_except_table)
 *(.glue_7)
 .glue_7        0x00000000        0x0 linker stubs
 *(.glue_7t)
 .glue_7t       0x00000000        0x0 linker stubs
 *(.vfp11_veneer)
 .vfp11_veneer  0x00000000        0x0 linker stubs
 *(.ARM.extab)
 *(.gnu.linkonce.armextab.*)

.v4_bx          0x03807478        0x0
 .v4_bx         0x00000000        0x0 linker stubs

.iplt           0x03807478        0x0
 .iplt          0x00000000        0x0 build/src/main.o

.init
 *(.init)

.fini
 *(.fini)

.rodata         0x03807478      0x350
                0x03807478                __rodata_start = .
 *(.rodata)
 *(.rodata.*)
 .rodata.str1.1
                0x03807478       0x84 build/src/main.o
 .rodata.str1.1
                0x038074fc       0x1a build/src/autos.o
 .rodata.str1.1
                0x03807516       0x1d build/tntnlibrary/src/chassis/odom.o
 .rodata.str1.1
                0x03807533       0x88 build/tntnlibrary/src/chassis/chassis.o
 *fill*         0x038075bb        0x1 
 .rodata._ZTVSt19_Sp_counted_deleterIPN7tntnlib14OpticalEncoderENSt12__shared_ptrIS1_LN9__gnu_cxx12_Lock_policyE0EE8_DeleterISaIS1_EEES8_LS5_0EE
                0x038075bc       0x1c build/tntnlibrary/src/devices/trackingWheel.o
                0x038075bc                vtable for std::_Sp_counted_deleter<tntnlib::OpticalEncoder*, std::__shared_ptr<tntnlib::OpticalEncoder, (__gnu_cxx::_Lock_policy)0>::_Deleter<std::allocator<tntnlib::OpticalEncoder> >, std::allocator<tntnlib::OpticalEncoder>, (__gnu_cxx::_Lock_policy)0>
 .rodata._ZTVSt19_Sp_counted_deleterIPN7tntnlib3ImuENSt12__shared_ptrIS1_LN9__gnu_cxx12_Lock_policyE0EE8_DeleterISaIS1_EEES8_LS5_0EE
                0x038075d8       0x1c build/tntnlibrary/src/devices/gyro.o
                0x038075d8                vtable for std::_Sp_counted_deleter<tntnlib::Imu*, std::__shared_ptr<tntnlib::Imu, (__gnu_cxx::_Lock_policy)0>::_Deleter<std::allocator<tntnlib::Imu> >, std::allocator<tntnlib::Imu>, (__gnu_cxx::_Lock_policy)0>
 .rodata._ZTVN7tntnlib14OpticalEncoderE
                0x038075f4       0x10 build/tntnlibrary/src/devices/optical.o
                0x038075f4                vtable for tntnlib::OpticalEncoder
 .rodata._ZTVN7tntnlib3ImuE
                0x03807604       0x18 build/tntnlibrary/src/devices/imu.o
                0x03807604                vtable for tntnlib::Imu
 .rodata.str1.1
                0x0380761c       0x2e c:\Users\trevo\AppData\Roaming\Code\User\globalStorage\vexrobotics.vexcode\sdk\cpp\V5\V5_20220726_10_00_00/vexv5\libv5rt.a(v5_startup.c.obj)
 *fill*         0x0380764a        0x2 
 .rodata._ZN3vex3fwdE
                0x0380764c        0x4 c:\Users\trevo\AppData\Roaming\Code\User\globalStorage\vexrobotics.vexcode\sdk\cpp\V5\V5_20220726_10_00_00/vexv5\libv5rt.a(vex_global.cpp.obj)
                0x0380764c                vex::fwd
 .rodata._ZN3vex4voltE
                0x03807650        0x4 c:\Users\trevo\AppData\Roaming\Code\User\globalStorage\vexrobotics.vexcode\sdk\cpp\V5\V5_20220726_10_00_00/vexv5\libv5rt.a(vex_global.cpp.obj)
                0x03807650                vex::volt
 .rodata._ZN3vex4msecE
                0x03807654        0x4 c:\Users\trevo\AppData\Roaming\Code\User\globalStorage\vexrobotics.vexcode\sdk\cpp\V5\V5_20220726_10_00_00/vexv5\libv5rt.a(vex_global.cpp.obj)
                0x03807654                vex::msec
 .rodata._ZN3vex6PORT18E
                0x03807658        0x4 c:\Users\trevo\AppData\Roaming\Code\User\globalStorage\vexrobotics.vexcode\sdk\cpp\V5\V5_20220726_10_00_00/vexv5\libv5rt.a(vex_global.cpp.obj)
                0x03807658                vex::PORT18
 .rodata._ZN3vex3degE
                0x0380765c        0x4 c:\Users\trevo\AppData\Roaming\Code\User\globalStorage\vexrobotics.vexcode\sdk\cpp\V5\V5_20220726_10_00_00/vexv5\libv5rt.a(vex_global.cpp.obj)
                0x0380765c                vex::deg
 .rodata._ZN3vex6PORT19E
                0x03807660        0x4 c:\Users\trevo\AppData\Roaming\Code\User\globalStorage\vexrobotics.vexcode\sdk\cpp\V5\V5_20220726_10_00_00/vexv5\libv5rt.a(vex_global.cpp.obj)
                0x03807660                vex::PORT19
 .rodata._ZN3vex6PORT22E
                0x03807664        0x4 c:\Users\trevo\AppData\Roaming\Code\User\globalStorage\vexrobotics.vexcode\sdk\cpp\V5\V5_20220726_10_00_00/vexv5\libv5rt.a(vex_global.cpp.obj)
                0x03807664                vex::PORT22
 .rodata._ZN3vex8ratio6_1E
                0x03807668        0x4 c:\Users\trevo\AppData\Roaming\Code\User\globalStorage\vexrobotics.vexcode\sdk\cpp\V5\V5_20220726_10_00_00/vexv5\libv5rt.a(vex_global.cpp.obj)
                0x03807668                vex::ratio6_1
 *fill*         0x0380766c        0x4 
 .rodata._ZTVN3vex5motorE
                0x03807670       0x18 c:\Users\trevo\AppData\Roaming\Code\User\globalStorage\vexrobotics.vexcode\sdk\cpp\V5\V5_20220726_10_00_00/vexv5\libv5rt.a(vex_motor.cpp.obj)
                0x03807670                vtable for vex::motor
 .rodata._ZTVN3vex8inertialE
                0x03807688       0x68 c:\Users\trevo\AppData\Roaming\Code\User\globalStorage\vexrobotics.vexcode\sdk\cpp\V5\V5_20220726_10_00_00/vexv5\libv5rt.a(vex_imu.cpp.obj)
                0x03807688                vtable for vex::inertial
 .rodata.CSWTCH.16
                0x038076f0        0xb c:\Users\trevo\AppData\Roaming\Code\User\globalStorage\vexrobotics.vexcode\sdk\cpp\V5\V5_20220726_10_00_00/vexv5\libv5rt.a(vex_controller.cpp.obj)
 .rodata.CSWTCH.18
                0x038076fb        0xb c:\Users\trevo\AppData\Roaming\Code\User\globalStorage\vexrobotics.vexcode\sdk\cpp\V5\V5_20220726_10_00_00/vexv5\libv5rt.a(vex_controller.cpp.obj)
 .rodata.CSWTCH.24
                0x03807706        0x3 c:\Users\trevo\AppData\Roaming\Code\User\globalStorage\vexrobotics.vexcode\sdk\cpp\V5\V5_20220726_10_00_00/vexv5\libv5rt.a(vex_controller.cpp.obj)
 .rodata.str1.1
                0x03807709       0x14 c:\Users\trevo\AppData\Roaming\Code\User\globalStorage\vexrobotics.vexcode\sdk\cpp\V5\V5_20220726_10_00_00/vexv5\libv5rt.a(vex_task.cpp.obj)
 .rodata.str1.1
                0x0380771d       0x2b c:\Users\trevo\AppData\Roaming\Code\User\globalStorage\vexrobotics.vexcode\sdk\cpp\V5\V5_20220726_10_00_00/vexv5\libv5rt.a(vex_brain.cpp.obj)
                                 0x2d (size before relaxing)
 .rodata._ZTVN3vex7triportE
                0x03807748       0x18 c:\Users\trevo\AppData\Roaming\Code\User\globalStorage\vexrobotics.vexcode\sdk\cpp\V5\V5_20220726_10_00_00/vexv5\libv5rt.a(vex_triport.cpp.obj)
                0x03807748                vtable for vex::triport
 .rodata.CSWTCH.38
                0x03807760       0x10 c:\Users\trevo\AppData\Roaming\Code\User\globalStorage\vexrobotics.vexcode\sdk\cpp\V5\V5_20220726_10_00_00/vexv5\libv5rt.a(vex_triport.cpp.obj)
 .rodata.CSWTCH.33
                0x03807770        0xe c:\Users\trevo\AppData\Roaming\Code\User\globalStorage\vexrobotics.vexcode\sdk\cpp\V5\V5_20220726_10_00_00/vexv5\libv5rt.a(vex_triport.cpp.obj)
 *fill*         0x0380777e        0x2 
 .rodata._ZTVN3vex6deviceE
                0x03807780       0x18 c:\Users\trevo\AppData\Roaming\Code\User\globalStorage\vexrobotics.vexcode\sdk\cpp\V5\V5_20220726_10_00_00/vexv5\libv5rt.a(vex_device.cpp.obj)
                0x03807780                vtable for vex::device
 .rodata.str1.4
                0x03807798        0x2 c:\Users\trevo\AppData\Roaming\Code\User\globalStorage\vexrobotics.vexcode\sdk\cpp\V5\V5_20220726_10_00_00/vexv5/gcc/libs\libc.a(lib_a-impure.o)
 *fill*         0x0380779a        0x2 
 .rodata.str1.4
                0x0380779c        0x2 c:\Users\trevo\AppData\Roaming\Code\User\globalStorage\vexrobotics.vexcode\sdk\cpp\V5\V5_20220726_10_00_00/vexv5/gcc/libs\libc.a(lib_a-puts.o)
 *fill*         0x0380779e        0x2 
 .rodata.str1.4
                0x038077a0        0x6 c:\Users\trevo\AppData\Roaming\Code\User\globalStorage\vexrobotics.vexcode\sdk\cpp\V5\V5_20220726_10_00_00/vexv5/gcc/libs\libm.a(lib_a-w_hypot.o)
 *fill*         0x038077a6        0x2 
 .rodata.str1.4
                0x038077a8        0x5 c:\Users\trevo\AppData\Roaming\Code\User\globalStorage\vexrobotics.vexcode\sdk\cpp\V5\V5_20220726_10_00_00/vexv5/gcc/libs\libm.a(lib_a-wf_pow.o)
 *fill*         0x038077ad        0x3 
 .rodata.dp_h   0x038077b0        0x8 c:\Users\trevo\AppData\Roaming\Code\User\globalStorage\vexrobotics.vexcode\sdk\cpp\V5\V5_20220726_10_00_00/vexv5/gcc/libs\libm.a(lib_a-ef_pow.o)
 .rodata.dp_l   0x038077b8        0x8 c:\Users\trevo\AppData\Roaming\Code\User\globalStorage\vexrobotics.vexcode\sdk\cpp\V5\V5_20220726_10_00_00/vexv5/gcc/libs\libm.a(lib_a-ef_pow.o)
 .rodata.bp     0x038077c0        0x8 c:\Users\trevo\AppData\Roaming\Code\User\globalStorage\vexrobotics.vexcode\sdk\cpp\V5\V5_20220726_10_00_00/vexv5/gcc/libs\libm.a(lib_a-ef_pow.o)
 .rodata.str1.4
                0x00000000        0x8 c:\Users\trevo\AppData\Roaming\Code\User\globalStorage\vexrobotics.vexcode\sdk\cpp\V5\V5_20220726_10_00_00/vexv5/gcc/libs\libm.a(lib_a-ef_pow.o)
                                  0x1 (size before relaxing)
 *(.gnu.linkonce.r.*)
                0x038077c8                __rodata_end = .

.rodata1        0x038077c8        0x0
                0x038077c8                __rodata1_start = .
 *(.rodata1)
 *(.rodata1.*)
                0x038077c8                __rodata1_end = .

.sdata2         0x038077c8        0x0
                0x038077c8                __sdata2_start = .
 *(.sdata2)
 *(.sdata2.*)
 *(.gnu.linkonce.s2.*)
                0x038077c8                __sdata2_end = .

.sbss2          0x038077c8        0x0
                0x038077c8                __sbss2_start = .
 *(.sbss2)
 *(.sbss2.*)
 *(.gnu.linkonce.sb2.*)
                0x038077c8                __sbss2_end = .

.data           0x038077c8      0x435
                0x038077c8                __data_start = .
 *(.data)
 *(.data.*)
 .data.appRunning
                0x038077c8        0x4 c:\Users\trevo\AppData\Roaming\Code\User\globalStorage\vexrobotics.vexcode\sdk\cpp\V5\V5_20220726_10_00_00/vexv5\libv5rt.a(v5_startup.c.obj)
                0x038077c8                appRunning
 .data._ZN3vex24__default_motor_velocityE
                0x038077cc        0x4 c:\Users\trevo\AppData\Roaming\Code\User\globalStorage\vexrobotics.vexcode\sdk\cpp\V5\V5_20220726_10_00_00/vexv5\libv5rt.a(vex_motor.cpp.obj)
                0x038077cc                vex::__default_motor_velocity
 .data.impure_data
                0x038077d0      0x428 c:\Users\trevo\AppData\Roaming\Code\User\globalStorage\vexrobotics.vexcode\sdk\cpp\V5\V5_20220726_10_00_00/vexv5/gcc/libs\libc.a(lib_a-impure.o)
 .data._impure_ptr
                0x03807bf8        0x4 c:\Users\trevo\AppData\Roaming\Code\User\globalStorage\vexrobotics.vexcode\sdk\cpp\V5\V5_20220726_10_00_00/vexv5/gcc/libs\libc.a(lib_a-impure.o)
                0x03807bf8                _impure_ptr
 .data.__fdlib_version
                0x03807bfc        0x1 c:\Users\trevo\AppData\Roaming\Code\User\globalStorage\vexrobotics.vexcode\sdk\cpp\V5\V5_20220726_10_00_00/vexv5/gcc/libs\libm.a(lib_a-s_lib_ver.o)
                0x03807bfc                __fdlib_version
 *(.gnu.linkonce.d.*)
 *(.jcr)
 *(.got)
 *(.got.plt)